Archive member included to satisfy reference by file (symbol)

c:/users/cotaa/documents/pico/pico-toolchain/gcc-arm-none-eabi-9-2019-q4-major-win32/bin/../lib/gcc/arm-none-eabi/9.2.1/thumb/v6-m/nofp\libgcc.a(_dvmd_tls.o)
                              CMakeFiles/host_hid.dir/C_/Users/cotaa/Documents/Pico/pico-sdk/src/rp2_common/pico_divider/divider.S.obj (__aeabi_idiv0)
c:/users/cotaa/documents/pico/pico-toolchain/gcc-arm-none-eabi-9-2019-q4-major-win32/bin/../lib/gcc/arm-none-eabi/9.2.1/../../../../arm-none-eabi/lib/thumb/v6-m/nofp\libc.a(lib_a-calloc.o)
                              CMakeFiles/host_hid.dir/C_/Users/cotaa/Documents/Pico/pico-sdk/src/rp2_common/pico_malloc/pico_malloc.c.obj (calloc)
c:/users/cotaa/documents/pico/pico-toolchain/gcc-arm-none-eabi-9-2019-q4-major-win32/bin/../lib/gcc/arm-none-eabi/9.2.1/../../../../arm-none-eabi/lib/thumb/v6-m/nofp\libc.a(lib_a-callocr.o)
                              c:/users/cotaa/documents/pico/pico-toolchain/gcc-arm-none-eabi-9-2019-q4-major-win32/bin/../lib/gcc/arm-none-eabi/9.2.1/../../../../arm-none-eabi/lib/thumb/v6-m/nofp\libc.a(lib_a-calloc.o) (_calloc_r)
c:/users/cotaa/documents/pico/pico-toolchain/gcc-arm-none-eabi-9-2019-q4-major-win32/bin/../lib/gcc/arm-none-eabi/9.2.1/../../../../arm-none-eabi/lib/thumb/v6-m/nofp\libc.a(lib_a-fflush.o)
                              CMakeFiles/host_hid.dir/host_hid.c.obj (fflush)
c:/users/cotaa/documents/pico/pico-toolchain/gcc-arm-none-eabi-9-2019-q4-major-win32/bin/../lib/gcc/arm-none-eabi/9.2.1/../../../../arm-none-eabi/lib/thumb/v6-m/nofp\libc.a(lib_a-findfp.o)
                              c:/users/cotaa/documents/pico/pico-toolchain/gcc-arm-none-eabi-9-2019-q4-major-win32/bin/../lib/gcc/arm-none-eabi/9.2.1/../../../../arm-none-eabi/lib/thumb/v6-m/nofp\libc.a(lib_a-fflush.o) (__sinit)
c:/users/cotaa/documents/pico/pico-toolchain/gcc-arm-none-eabi-9-2019-q4-major-win32/bin/../lib/gcc/arm-none-eabi/9.2.1/../../../../arm-none-eabi/lib/thumb/v6-m/nofp\libc.a(lib_a-freer.o)
                              c:/users/cotaa/documents/pico/pico-toolchain/gcc-arm-none-eabi-9-2019-q4-major-win32/bin/../lib/gcc/arm-none-eabi/9.2.1/../../../../arm-none-eabi/lib/thumb/v6-m/nofp\libc.a(lib_a-fflush.o) (_free_r)
c:/users/cotaa/documents/pico/pico-toolchain/gcc-arm-none-eabi-9-2019-q4-major-win32/bin/../lib/gcc/arm-none-eabi/9.2.1/../../../../arm-none-eabi/lib/thumb/v6-m/nofp\libc.a(lib_a-fwalk.o)
                              c:/users/cotaa/documents/pico/pico-toolchain/gcc-arm-none-eabi-9-2019-q4-major-win32/bin/../lib/gcc/arm-none-eabi/9.2.1/../../../../arm-none-eabi/lib/thumb/v6-m/nofp\libc.a(lib_a-findfp.o) (_fwalk)
c:/users/cotaa/documents/pico/pico-toolchain/gcc-arm-none-eabi-9-2019-q4-major-win32/bin/../lib/gcc/arm-none-eabi/9.2.1/../../../../arm-none-eabi/lib/thumb/v6-m/nofp\libc.a(lib_a-impure.o)
                              c:/users/cotaa/documents/pico/pico-toolchain/gcc-arm-none-eabi-9-2019-q4-major-win32/bin/../lib/gcc/arm-none-eabi/9.2.1/../../../../arm-none-eabi/lib/thumb/v6-m/nofp\libc.a(lib_a-fflush.o) (_global_impure_ptr)
c:/users/cotaa/documents/pico/pico-toolchain/gcc-arm-none-eabi-9-2019-q4-major-win32/bin/../lib/gcc/arm-none-eabi/9.2.1/../../../../arm-none-eabi/lib/thumb/v6-m/nofp\libc.a(lib_a-init.o)
                              c:/users/cotaa/documents/pico/pico-toolchain/gcc-arm-none-eabi-9-2019-q4-major-win32/bin/../lib/gcc/arm-none-eabi/9.2.1/../../../../arm-none-eabi/lib/thumb/v6-m/nofp/crt0.o (__libc_init_array)
c:/users/cotaa/documents/pico/pico-toolchain/gcc-arm-none-eabi-9-2019-q4-major-win32/bin/../lib/gcc/arm-none-eabi/9.2.1/../../../../arm-none-eabi/lib/thumb/v6-m/nofp\libc.a(lib_a-lock.o)
                              c:/users/cotaa/documents/pico/pico-toolchain/gcc-arm-none-eabi-9-2019-q4-major-win32/bin/../lib/gcc/arm-none-eabi/9.2.1/../../../../arm-none-eabi/lib/thumb/v6-m/nofp\libc.a(lib_a-findfp.o) (__retarget_lock_init_recursive)
c:/users/cotaa/documents/pico/pico-toolchain/gcc-arm-none-eabi-9-2019-q4-major-win32/bin/../lib/gcc/arm-none-eabi/9.2.1/../../../../arm-none-eabi/lib/thumb/v6-m/nofp\libc.a(lib_a-malloc.o)
                              CMakeFiles/host_hid.dir/C_/Users/cotaa/Documents/Pico/pico-sdk/src/rp2_common/pico_malloc/pico_malloc.c.obj (malloc)
c:/users/cotaa/documents/pico/pico-toolchain/gcc-arm-none-eabi-9-2019-q4-major-win32/bin/../lib/gcc/arm-none-eabi/9.2.1/../../../../arm-none-eabi/lib/thumb/v6-m/nofp\libc.a(lib_a-mallocr.o)
                              c:/users/cotaa/documents/pico/pico-toolchain/gcc-arm-none-eabi-9-2019-q4-major-win32/bin/../lib/gcc/arm-none-eabi/9.2.1/../../../../arm-none-eabi/lib/thumb/v6-m/nofp\libc.a(lib_a-callocr.o) (_malloc_r)
c:/users/cotaa/documents/pico/pico-toolchain/gcc-arm-none-eabi-9-2019-q4-major-win32/bin/../lib/gcc/arm-none-eabi/9.2.1/../../../../arm-none-eabi/lib/thumb/v6-m/nofp\libc.a(lib_a-mlock.o)
[...]
Memory Configuration

Name             Origin             Length             Attributes
FLASH            0x10000000         0x00200000         xr
RAM              0x20000000         0x00040000         xrw
SCRATCH_X        0x20040000         0x00001000         xrw
SCRATCH_Y        0x20041000         0x00001000         xrw
*default*        0x00000000         0xffffffff

Linker script and memory map

LOAD c:/users/cotaa/documents/pico/pico-toolchain/gcc-arm-none-eabi-9-2019-q4-major-win32/bin/../lib/gcc/arm-none-eabi/9.2.1/thumb/v6-m/nofp/crti.o
LOAD c:/users/cotaa/documents/pico/pico-toolchain/gcc-arm-none-eabi-9-2019-q4-major-win32/bin/../lib/gcc/arm-none-eabi/9.2.1/thumb/v6-m/nofp/crtbegin.o
LOAD c:/users/cotaa/documents/pico/pico-toolchain/gcc-arm-none-eabi-9-2019-q4-major-win32/bin/../lib/gcc/arm-none-eabi/9.2.1/../../../../arm-none-eabi/lib/thumb/v6-m/nofp/crt0.o

.flash_begin    0x10000000        0x0
                0x10000000                __flash_binary_start = .

.boot2          0x10000000      0x100
                0x10000000                __boot2_start__ = .
 *(.boot2)
 .boot2         0x10000000      0x100 C:\Users\cotaa\AppData\Local\Temp\ccqhxhF1.o
                0x10000100                __boot2_end__ = .
                0x00000001                ASSERT (((__boot2_end__ - __boot2_start__) == 0x100), ERROR: Pico second stage bootloader must be 256 bytes in size)

.text           0x10000100     0x78e8
                0x10000100                __reset_start = .
 *(.reset)
 .reset         0x10000100       0xc4 CMakeFiles/host_hid.dir/C_/Users/cotaa/Documents/Pico/pico-sdk/src/rp2_common/pico_standard_link/crt0.S.obj
                0x10000104                _entry_point
                0x10000196                __get_current_exception
 .reset         0x100001c4       0x30 CMakeFiles/host_hid.dir/C_/Users/cotaa/Documents/Pico/pico-sdk/src/rp2_common/pico_standard_link/binary_info.c.obj
                0x10000200                . = ALIGN (0x100)
 *fill*         0x100001f4        0xc 
                0x10000200                __reset_end = .
                0x00000001                ASSERT (((__reset_end - __reset_start) == 0x100), ERROR: reset section should only be 256 bytes)
 *(.vectors)
 .vectors       0x10000200       0xd4 CMakeFiles/host_hid.dir/C_/Users/cotaa/Documents/Pico/pico-sdk/src/rp2_common/pico_standard_link/crt0.S.obj
                0x10000200                __vectors
                0x100002c0                isr_invalid
                0x100002c2                isr_nmi
                0x100002c4                isr_hardfault
                0x100002c6                isr_svcall
                0x100002c8                isr_pendsv
                0x100002ca                isr_systick
                0x100002cc                isr_irq11
                0x100002cc                isr_irq5
                0x100002cc                isr_irq23
                0x100002cc                isr_irq18
                0x100002cc                isr_irq31
                0x100002cc                isr_irq28
                0x100002cc                isr_irq19
                0x100002cc                isr_irq0
                0x100002cc                isr_irq6
                0x100002cc                isr_irq27
                0x100002cc                isr_irq12
                0x100002cc                isr_irq22
                0x100002cc                isr_irq13
                0x100002cc                isr_irq17
                0x100002cc                isr_irq14
                0x100002cc                isr_irq2
                0x100002cc                isr_irq10
                0x100002cc                isr_irq8
                0x100002cc                isr_irq24
                0x100002cc                isr_irq1
                0x100002cc                isr_irq7
                0x100002cc                isr_irq21
                0x100002cc                isr_irq20
                0x100002cc                isr_irq15
                0x100002cc                isr_irq25
                0x100002cc                __unhandled_user_irq
                0x100002cc                isr_irq4
                0x100002cc                isr_irq16
                0x100002cc                isr_irq29
                0x100002cc                isr_irq26
                0x100002cc                isr_irq3
                0x100002cc                isr_irq30
                0x100002cc                isr_irq9
                0x100002d2                unhandled_user_irq_num_in_r0
 *(.init)
 .init          0x100002d4        0x4 c:/users/cotaa/documents/pico/pico-toolchain/gcc-arm-none-eabi-9-2019-q4-major-win32/bin/../lib/gcc/arm-none-eabi/9.2.1/thumb/v6-m/nofp/crti.o
                0x100002d4                _init
 *(EXCLUDE_FILE(*libm.a: *libc.a:*lib_a-mem*.o *libgcc.a:) .text*)
 .text          0x100002d8       0x48 c:/users/cotaa/documents/pico/pico-toolchain/gcc-arm-none-eabi-9-2019-q4-major-win32/bin/../lib/gcc/arm-none-eabi/9.2.1/thumb/v6-m/nofp/crtbegin.o
 .text.tuh_hid_keyboard_mounted_cb
                0x10000320       0x20 CMakeFiles/host_hid.dir/host_hid.c.obj
                0x10000320                tuh_hid_keyboard_mounted_cb
 .text.tuh_hid_keyboard_unmounted_cb
                0x10000340       0x10 CMakeFiles/host_hid.dir/host_hid.c.obj
                0x10000340                tuh_hid_keyboard_unmounted_cb
 .text.tuh_hid_keyboard_isr
                0x10000350        0x4 CMakeFiles/host_hid.dir/host_hid.c.obj
                0x10000350                tuh_hid_keyboard_isr
 .text.tuh_hid_mouse_mounted_cb
                0x10000354       0x10 CMakeFiles/host_hid.dir/host_hid.c.obj
                0x10000354                tuh_hid_mouse_mounted_cb
 .text.tuh_hid_mouse_unmounted_cb
                0x10000364       0x10 CMakeFiles/host_hid.dir/host_hid.c.obj
                0x10000364                tuh_hid_mouse_unmounted_cb
 .text.tuh_hid_mouse_isr
                0x10000374        0x4 CMakeFiles/host_hid.dir/host_hid.c.obj
                0x10000374                tuh_hid_mouse_isr
 .text.print_greeting
                0x10000378       0x24 CMakeFiles/host_hid.dir/host_hid.c.obj
                0x10000378                print_greeting
 .text.startup.main
                0x1000039c      0x41c CMakeFiles/host_hid.dir/host_hid.c.obj
                0x1000039c                main
 .text.setup_default_uart
                0x100007b8        0x8 CMakeFiles/host_hid.dir/C_/Users/cotaa/Documents/Pico/pico-sdk/src/rp2_common/pico_stdlib/stdlib.c.obj
                0x100007b8                setup_default_uart
 .text.gpio_set_function
                0x100007c0       0x30 CMakeFiles/host_hid.dir/C_/Users/cotaa/Documents/Pico/pico-sdk/src/rp2_common/hardware_gpio/gpio.c.obj
                0x100007c0                gpio_set_function
 .text.gpio_init
                0x100007f0       0x3c CMakeFiles/host_hid.dir/C_/Users/cotaa/Documents/Pico/pico-sdk/src/rp2_common/hardware_gpio/gpio.c.obj
                0x100007f0                gpio_init
 .text.hw_claim_or_assert
                0x1000082c       0x60 CMakeFiles/host_hid.dir/C_/Users/cotaa/Documents/Pico/pico-sdk/src/rp2_common/hardware_claim/claim.c.obj
                0x1000082c                hw_claim_or_assert
 .text.hw_claim_unused_from_range
                0x1000088c       0x9c CMakeFiles/host_hid.dir/C_/Users/cotaa/Documents/Pico/pico-sdk/src/rp2_common/hardware_claim/claim.c.obj
                0x1000088c                hw_claim_unused_from_range
 .text.spin_locks_reset
                0x10000928       0x1c CMakeFiles/host_hid.dir/C_/Users/cotaa/Documents/Pico/pico-sdk/src/rp2_common/hardware_sync/sync.c.obj
                0x10000928                spin_locks_reset
 .text.next_striped_spin_lock_num
                0x10000944       0x18 CMakeFiles/host_hid.dir/C_/Users/cotaa/Documents/Pico/pico-sdk/src/rp2_common/hardware_sync/sync.c.obj
                0x10000944                next_striped_spin_lock_num
 .text.spin_lock_claim_unused
                0x1000095c       0x20 CMakeFiles/host_hid.dir/C_/Users/cotaa/Documents/Pico/pico-sdk/src/rp2_common/hardware_sync/sync.c.obj
                0x1000095c                spin_lock_claim_unused
 .text.running_on_fpga
                0x1000097c       0x10 CMakeFiles/host_hid.dir/C_/Users/cotaa/Documents/Pico/pico-sdk/src/rp2_common/pico_platform/platform.c.obj
                0x1000097c                running_on_fpga
 .text.uart_init
                0x1000098c       0xd8 CMakeFiles/host_hid.dir/C_/Users/cotaa/Documents/Pico/pico-sdk/src/rp2_common/hardware_uart/uart.c.obj
                0x1000098c                uart_init
 .text.timer_pool_entry_comparator
                0x10000a64       0x34 CMakeFiles/host_hid.dir/C_/Users/cotaa/Documents/Pico/pico-sdk/src/common/pico_time/time.c.obj
                0x10000a64                timer_pool_entry_comparator
 .text.sev_callback
                0x10000a98        0x8 CMakeFiles/host_hid.dir/C_/Users/cotaa/Documents/Pico/pico-sdk/src/common/pico_time/time.c.obj
 .text.add_alarm_under_lock
                0x10000aa0      0x12c CMakeFiles/host_hid.dir/C_/Users/cotaa/Documents/Pico/pico-sdk/src/common/pico_time/time.c.obj
 .text.alarm_pool_alarm_callback
                0x10000bcc      0x1e0 CMakeFiles/host_hid.dir/C_/Users/cotaa/Documents/Pico/pico-sdk/src/common/pico_time/time.c.obj
 .text.alarm_pool_add_alarm_at.constprop.0
                0x10000dac      0x128 CMakeFiles/host_hid.dir/C_/Users/cotaa/Documents/Pico/pico-sdk/src/common/pico_time/time.c.obj
 .text.alarm_pool_init_default
                0x10000ed4       0x78 CMakeFiles/host_hid.dir/C_/Users/cotaa/Documents/Pico/pico-sdk/src/common/pico_time/time.c.obj
                0x10000ed4                alarm_pool_init_default
 .text.alarm_pool_cancel_alarm
                0x10000f4c       0x70 CMakeFiles/host_hid.dir/C_/Users/cotaa/Documents/Pico/pico-sdk/src/common/pico_time/time.c.obj
                0x10000f4c                alarm_pool_cancel_alarm
 .text.best_effort_wfe_or_timeout
                0x10000fbc       0x44 CMakeFiles/host_hid.dir/C_/Users/cotaa/Documents/Pico/pico-sdk/src/common/pico_time/time.c.obj
                0x10000fbc                best_effort_wfe_or_timeout
 .text.hardware_alarm_irq_handler
                0x10001000       0xb8 CMakeFiles/host_hid.dir/C_/Users/cotaa/Documents/Pico/pico-sdk/src/rp2_common/hardware_timer/timer.c.obj
 .text.hardware_alarm_claim
                0x100010b8       0x18 CMakeFiles/host_hid.dir/C_/Users/cotaa/Documents/Pico/pico-sdk/src/rp2_common/hardware_timer/timer.c.obj
                0x100010b8                hardware_alarm_claim
 .text.time_us_64
                0x100010d0       0x14 CMakeFiles/host_hid.dir/C_/Users/cotaa/Documents/Pico/pico-sdk/src/rp2_common/hardware_timer/timer.c.obj
                0x100010d0                time_us_64
 .text.hardware_alarm_set_callback
                0x100010e4       0x8c CMakeFiles/host_hid.dir/C_/Users/cotaa/Documents/Pico/pico-sdk/src/rp2_common/hardware_timer/timer.c.obj
                0x100010e4                hardware_alarm_set_callback
 .text.hardware_alarm_set_target
                0x10001170       0xc4 CMakeFiles/host_hid.dir/C_/Users/cotaa/Documents/Pico/pico-sdk/src/rp2_common/hardware_timer/timer.c.obj
                0x10001170                hardware_alarm_set_target
 .text.hardware_alarm_cancel
                0x10001234       0x40 CMakeFiles/host_hid.dir/C_/Users/cotaa/Documents/Pico/pico-sdk/src/rp2_common/hardware_timer/timer.c.obj
                0x10001234                hardware_alarm_cancel
 .text.lock_init
                0x10001274       0x10 CMakeFiles/host_hid.dir/C_/Users/cotaa/Documents/Pico/pico-sdk/src/common/pico_sync/lock_core.c.obj
                0x10001274                lock_init
 .text.mutex_init
                0x10001284       0x18 CMakeFiles/host_hid.dir/C_/Users/cotaa/Documents/Pico/pico-sdk/src/common/pico_sync/mutex.c.obj
                0x10001284                mutex_init
 .text.critical_section_init
                0x1000129c       0x18 CMakeFiles/host_hid.dir/C_/Users/cotaa/Documents/Pico/pico-sdk/src/common/pico_sync/critical_section.c.obj
                0x1000129c                critical_section_init
 .text.ph_merge_nodes
                0x100012b4       0x68 CMakeFiles/host_hid.dir/C_/Users/cotaa/Documents/Pico/pico-sdk/src/common/pico_util/pheap.c.obj
 .text.ph_create
                0x1000131c       0x64 CMakeFiles/host_hid.dir/C_/Users/cotaa/Documents/Pico/pico-sdk/src/common/pico_util/pheap.c.obj
                0x1000131c                ph_create
 .text.ph_merge_two_pass
                0x10001380       0x90 CMakeFiles/host_hid.dir/C_/Users/cotaa/Documents/Pico/pico-sdk/src/common/pico_util/pheap.c.obj
                0x10001380                ph_merge_two_pass
 .text.ph_remove_any_head
                0x10001410       0xf8 CMakeFiles/host_hid.dir/C_/Users/cotaa/Documents/Pico/pico-sdk/src/common/pico_util/pheap.c.obj
 .text.ph_remove_head_reserve
                0x10001508      0x13c CMakeFiles/host_hid.dir/C_/Users/cotaa/Documents/Pico/pico-sdk/src/common/pico_util/pheap.c.obj
                0x10001508                ph_remove_head_reserve
 .text.ph_delete
                0x10001644       0x7c CMakeFiles/host_hid.dir/C_/Users/cotaa/Documents/Pico/pico-sdk/src/common/pico_util/pheap.c.obj
                0x10001644                ph_delete
 .text.runtime_init
                0x100016c0       0xec CMakeFiles/host_hid.dir/C_/Users/cotaa/Documents/Pico/pico-sdk/src/rp2_common/pico_runtime/runtime.c.obj
                0x100016c0                runtime_init
 .text._sbrk    0x100017ac       0x34 CMakeFiles/host_hid.dir/C_/Users/cotaa/Documents/Pico/pico-sdk/src/rp2_common/pico_runtime/runtime.c.obj
                0x100017ac                _sbrk
 .text.exit     0x100017e0        0x4 CMakeFiles/host_hid.dir/C_/Users/cotaa/Documents/Pico/pico-sdk/src/rp2_common/pico_runtime/runtime.c.obj
                0x100017e0                exit
 .text.panic    0x100017e4       0x30 CMakeFiles/host_hid.dir/C_/Users/cotaa/Documents/Pico/pico-sdk/src/rp2_common/pico_runtime/runtime.c.obj
                0x100017e4                panic
 .text.hard_assertion_failure
                0x10001814        0xc CMakeFiles/host_hid.dir/C_/Users/cotaa/Documents/Pico/pico-sdk/src/rp2_common/pico_runtime/runtime.c.obj
                0x10001814                hard_assertion_failure
 .text.clocks_init
                0x10001820      0x2e0 CMakeFiles/host_hid.dir/C_/Users/cotaa/Documents/Pico/pico-sdk/src/rp2_common/hardware_clocks/clocks.c.obj
                0x10001820                clocks_init
 .text.clock_get_hz
                0x10001b00        0xc CMakeFiles/host_hid.dir/C_/Users/cotaa/Documents/Pico/pico-sdk/src/rp2_common/hardware_clocks/clocks.c.obj
                0x10001b00                clock_get_hz
 .text.watchdog_start_tick
                0x10001b0c       0x10 CMakeFiles/host_hid.dir/C_/Users/cotaa/Documents/Pico/pico-sdk/src/rp2_common/hardware_watchdog/watchdog.c.obj
                0x10001b0c                watchdog_start_tick
 .text.xosc_init
                0x10001b1c       0x28 CMakeFiles/host_hid.dir/C_/Users/cotaa/Documents/Pico/pico-sdk/src/rp2_common/hardware_xosc/xosc.c.obj
                0x10001b1c                xosc_init
 .text.pll_init
                0x10001b44       0x54 CMakeFiles/host_hid.dir/C_/Users/cotaa/Documents/Pico/pico-sdk/src/rp2_common/hardware_pll/pll.c.obj
                0x10001b44                pll_init
 .text.irq_set_enabled
                0x10001b98       0x24 CMakeFiles/host_hid.dir/C_/Users/cotaa/Documents/Pico/pico-sdk/src/rp2_common/hardware_irq/irq.c.obj
                0x10001b98                irq_set_enabled
 .text.irq_get_vtable_handler
                0x10001bbc       0x10 CMakeFiles/host_hid.dir/C_/Users/cotaa/Documents/Pico/pico-sdk/src/rp2_common/hardware_irq/irq.c.obj
                0x10001bbc                irq_get_vtable_handler
 .text.irq_set_exclusive_handler
                0x10001bcc       0x54 CMakeFiles/host_hid.dir/C_/Users/cotaa/Documents/Pico/pico-sdk/src/rp2_common/hardware_irq/irq.c.obj
                0x10001bcc                irq_set_exclusive_handler
 .text.irq_remove_handler
                0x10001c20      0x1c4 CMakeFiles/host_hid.dir/C_/Users/cotaa/Documents/Pico/pico-sdk/src/rp2_common/hardware_irq/irq.c.obj
                0x10001c20                irq_remove_handler
 .text.irq_add_tail_to_free_list
                0x10001de4       0xbc CMakeFiles/host_hid.dir/C_/Users/cotaa/Documents/Pico/pico-sdk/src/rp2_common/hardware_irq/irq.c.obj
                0x10001de4                irq_add_tail_to_free_list
 .text.irq_init_priorities
                0x10001ea0       0x38 CMakeFiles/host_hid.dir/C_/Users/cotaa/Documents/Pico/pico-sdk/src/rp2_common/hardware_irq/irq.c.obj
                0x10001ea0                irq_init_priorities
 .text._out_null
                0x10001ed8        0x4 CMakeFiles/host_hid.dir/C_/Users/cotaa/Documents/Pico/pico-sdk/src/rp2_common/pico_printf/printf.c.obj
 .text._out_rev
                0x10001edc       0xd0 CMakeFiles/host_hid.dir/C_/Users/cotaa/Documents/Pico/pico-sdk/src/rp2_common/pico_printf/printf.c.obj
 .text._ntoa_format
                0x10001fac      0x1d0 CMakeFiles/host_hid.dir/C_/Users/cotaa/Documents/Pico/pico-sdk/src/rp2_common/pico_printf/printf.c.obj
 .text._out_char
                0x1000217c       0x10 CMakeFiles/host_hid.dir/C_/Users/cotaa/Documents/Pico/pico-sdk/src/rp2_common/pico_printf/printf.c.obj
 .text._out_fct
                0x1000218c       0x10 CMakeFiles/host_hid.dir/C_/Users/cotaa/Documents/Pico/pico-sdk/src/rp2_common/pico_printf/printf.c.obj
 .text._etoa    0x1000219c      0x44c CMakeFiles/host_hid.dir/C_/Users/cotaa/Documents/Pico/pico-sdk/src/rp2_common/pico_printf/printf.c.obj
 .text._ftoa    0x100025e8      0x3e0 CMakeFiles/host_hid.dir/C_/Users/cotaa/Documents/Pico/pico-sdk/src/rp2_common/pico_printf/printf.c.obj
 .text._vsnprintf
                0x100029c8      0xb08 CMakeFiles/host_hid.dir/C_/Users/cotaa/Documents/Pico/pico-sdk/src/rp2_common/pico_printf/printf.c.obj
 .text.vfctprintf
                0x100034d0       0x20 CMakeFiles/host_hid.dir/C_/Users/cotaa/Documents/Pico/pico-sdk/src/rp2_common/pico_printf/printf.c.obj
                0x100034d0                vfctprintf
 .text.weak_raw_vprintf
                0x100034f0       0x30 CMakeFiles/host_hid.dir/C_/Users/cotaa/Documents/Pico/pico-sdk/src/rp2_common/pico_printf/printf.c.obj
                0x100034f0                weak_raw_vprintf
 .text          0x10003520       0x10 CMakeFiles/host_hid.dir/C_/Users/cotaa/Documents/Pico/pico-sdk/src/rp2_common/pico_bit_ops/bit_ops_aeabi.S.obj
 .text.rom_func_lookup
                0x10003530       0x10 CMakeFiles/host_hid.dir/C_/Users/cotaa/Documents/Pico/pico-sdk/src/rp2_common/pico_bootrom/bootrom.c.obj
                0x10003530                rom_func_lookup
 .text.rom_data_lookup
                0x10003540       0x10 CMakeFiles/host_hid.dir/C_/Users/cotaa/Documents/Pico/pico-sdk/src/rp2_common/pico_bootrom/bootrom.c.obj
                0x10003540                rom_data_lookup
 .text.rom_funcs_lookup
                0x10003550       0x3c CMakeFiles/host_hid.dir/C_/Users/cotaa/Documents/Pico/pico-sdk/src/rp2_common/pico_bootrom/bootrom.c.obj
                0x10003550                rom_funcs_lookup
 .text.__wrap___aeabi_idiv
                0x1000358c       0x58 CMakeFiles/host_hid.dir/C_/Users/cotaa/Documents/Pico/pico-sdk/src/rp2_common/pico_divider/divider.S.obj
                0x1000358c                __wrap___aeabi_idivmod
                0x1000358c                divmod_s32s32
                0x1000358c                div_s32s32
                0x1000358c                __wrap___aeabi_idiv
                0x10003594                divmod_s32s32_unsafe
                0x100035c0                divmod_s32s32_savestate
 .text.__wrap___aeabi_uidiv
                0x100035e4       0x54 CMakeFiles/host_hid.dir/C_/Users/cotaa/Documents/Pico/pico-sdk/src/rp2_common/pico_divider/divider.S.obj
                0x100035e4                __wrap___aeabi_uidiv
                0x100035e4                __wrap___aeabi_uidivmod
                0x100035e4                div_u32u32
                0x100035e4                divmod_u32u32
                0x100035ec                divmod_u32u32_unsafe
                0x10003614                divmod_u32u32_savestate
 .text.__wrap___aeabi_ldiv
                0x10003638      0x430 CMakeFiles/host_hid.dir/C_/Users/cotaa/Documents/Pico/pico-sdk/src/rp2_common/pico_divider/divider.S.obj
                0x10003638                div_s64s64
                0x10003638                divmod_s64s64
                0x10003638                __wrap___aeabi_ldivmod
                0x10003670                divmod_u64u64
                0x10003670                div_u64u64
                0x10003670                __wrap___aeabi_uldivmod
                0x10003680                divmod_u64u64_savestate
                0x100036a8                divmod_s64s64_unsafe
                0x10003730                divmod_u64u64_unsafe
 .text.__wrap___aeabi_darithmetic
                0x10003a68       0x54 CMakeFiles/host_hid.dir/C_/Users/cotaa/Documents/Pico/pico-sdk/src/rp2_common/pico_double/double_aeabi.S.obj
                0x10003a68                __wrap___aeabi_drsub
                0x10003a6e                __wrap___aeabi_dsub
                0x10003a80                __wrap___aeabi_dadd
                0x10003a92                __wrap___aeabi_ddiv
                0x10003aa4                __wrap___aeabi_dmul
 .text.__wrap___aeabi_cdcmple
                0x10003abc       0x6c CMakeFiles/host_hid.dir/C_/Users/cotaa/Documents/Pico/pico-sdk/src/rp2_common/pico_double/double_aeabi.S.obj
                0x10003abc                __wrap___aeabi_cdrcmple
                0x10003acc                __wrap___aeabi_cdcmpeq
                0x10003acc                __wrap___aeabi_cdcmple
 .text.__wrap___aeabi_dcmplt
                0x10003b28        0xc CMakeFiles/host_hid.dir/C_/Users/cotaa/Documents/Pico/pico-sdk/src/rp2_common/pico_double/double_aeabi.S.obj
                0x10003b28                __wrap___aeabi_dcmplt
 .text.__wrap___aeabi_dcmple
                0x10003b34       0x10 CMakeFiles/host_hid.dir/C_/Users/cotaa/Documents/Pico/pico-sdk/src/rp2_common/pico_double/double_aeabi.S.obj
                0x10003b34                __wrap___aeabi_dcmple
 .text.__wrap___aeabi_dcmpge
                0x10003b44       0x10 CMakeFiles/host_hid.dir/C_/Users/cotaa/Documents/Pico/pico-sdk/src/rp2_common/pico_double/double_aeabi.S.obj
                0x10003b44                __wrap___aeabi_dcmpge
 .text.__wrap___aeabi_dcmpgt
                0x10003b54        0xa CMakeFiles/host_hid.dir/C_/Users/cotaa/Documents/Pico/pico-sdk/src/rp2_common/pico_double/double_aeabi.S.obj
                0x10003b54                __wrap___aeabi_dcmpgt
 .text.__wrap___aeabi_dcmpun
                0x10003b5e       0x1c CMakeFiles/host_hid.dir/C_/Users/cotaa/Documents/Pico/pico-sdk/src/rp2_common/pico_double/double_aeabi.S.obj
                0x10003b5e                __wrap___aeabi_dcmpun
 *fill*         0x10003b7a        0x2 
 .text.__wrap___aeabi_i2d
                0x10003b7c       0x38 CMakeFiles/host_hid.dir/C_/Users/cotaa/Documents/Pico/pico-sdk/src/rp2_common/pico_double/double_aeabi.S.obj
                0x10003b7c                __wrap___aeabi_ui2d
                0x10003b84                __wrap___aeabi_i2d
 .text.__wrap___aeabi_d2iz
                0x10003bb4       0x48 CMakeFiles/host_hid.dir/C_/Users/cotaa/Documents/Pico/pico-sdk/src/rp2_common/pico_double/double_aeabi.S.obj
                0x10003bb4                double2int_z
                0x10003bb4                __wrap___aeabi_d2iz
 .text.__wrap___aeabi_d2uiz
                0x10003bfc       0x18 CMakeFiles/host_hid.dir/C_/Users/cotaa/Documents/Pico/pico-sdk/src/rp2_common/pico_double/double_aeabi.S.obj
                0x10003bfc                __wrap___aeabi_d2uiz
                0x10003bfc                double2uint
 .text.__aeabi_double_init
                0x10003c14       0xac CMakeFiles/host_hid.dir/C_/Users/cotaa/Documents/Pico/pico-sdk/src/rp2_common/pico_double/double_init_rom.c.obj
                0x10003c14                __aeabi_double_init
 .text.double_table_shim_on_use_helper
                0x10003cc0       0x2c CMakeFiles/host_hid.dir/C_/Users/cotaa/Documents/Pico/pico-sdk/src/rp2_common/pico_double/double_v1_rom_shim.S.obj
                0x10003cc0                double_table_shim_on_use_helper
 .text.__wrap___aeabi_dsub
                0x10003cec       0x10 CMakeFiles/host_hid.dir/C_/Users/cotaa/Documents/Pico/pico-sdk/src/rp2_common/pico_double/double_v1_rom_shim.S.obj
                0x10003cec                drsub_shim
                0x10003cf2                dsub_shim
 .text.dadd_shim
                0x10003cfc      0x15c CMakeFiles/host_hid.dir/C_/Users/cotaa/Documents/Pico/pico-sdk/src/rp2_common/pico_double/double_v1_rom_shim.S.obj
                0x10003cfc                dadd_shim
 .text.dmul_shim
                0x10003e58      0x15c CMakeFiles/host_hid.dir/C_/Users/cotaa/Documents/Pico/pico-sdk/src/rp2_common/pico_double/double_v1_rom_shim.S.obj
                0x10003e58                dmul_shim
 .text.ddiv_shim
                0x10003fb4      0x1b0 CMakeFiles/host_hid.dir/C_/Users/cotaa/Documents/Pico/pico-sdk/src/rp2_common/pico_double/double_v1_rom_shim.S.obj
                0x10003fb4                ddiv_shim
 .text.dcordic_rot_step
                0x10004164       0x7c CMakeFiles/host_hid.dir/C_/Users/cotaa/Documents/Pico/pico-sdk/src/rp2_common/pico_double/double_v1_rom_shim.S.obj
                0x10004164                dcordic_rot_step
 .text.double2uint_shim
                0x100041e0        0xe CMakeFiles/host_hid.dir/C_/Users/cotaa/Documents/Pico/pico-sdk/src/rp2_common/pico_double/double_v1_rom_shim.S.obj
                0x100041e0                double2uint_shim
                0x100041e2                double2ufix_shim
 *fill*         0x100041ee        0x2 
 .text.double2uint64_shim
                0x100041f0       0x6c CMakeFiles/host_hid.dir/C_/Users/cotaa/Documents/Pico/pico-sdk/src/rp2_common/pico_double/double_v1_rom_shim.S.obj
                0x100041f0                double2uint64_shim
                0x100041f2                double2ufix64_shim
                0x1000420c                d2fix_a
 .text.dunpacks
                0x1000425c       0x3c CMakeFiles/host_hid.dir/C_/Users/cotaa/Documents/Pico/pico-sdk/src/rp2_common/pico_double/double_v1_rom_shim.S.obj
                0x1000425c                dunpacks
 .text.__aeabi_lmul
                0x10004298       0x32 CMakeFiles/host_hid.dir/C_/Users/cotaa/Documents/Pico/pico-sdk/src/rp2_common/pico_int64_ops/pico_int64_ops_aeabi.S.obj
                0x10004298                __wrap___aeabi_lmul
 *fill*         0x100042ca        0x2 
 .text.__aeabi_float_init
                0x100042cc       0x64 CMakeFiles/host_hid.dir/C_/Users/cotaa/Documents/Pico/pico-sdk/src/rp2_common/pico_float/float_init_rom.c.obj
                0x100042cc                __aeabi_float_init
 .text.float_table_shim_on_use_helper
                0x10004330       0x2c CMakeFiles/host_hid.dir/C_/Users/cotaa/Documents/Pico/pico-sdk/src/rp2_common/pico_float/float_v1_rom_shim.S.obj
                0x10004330                float_table_shim_on_use_helper
 .text.__wrap_malloc
                0x1000435c        0x8 CMakeFiles/host_hid.dir/C_/Users/cotaa/Documents/Pico/pico-sdk/src/rp2_common/pico_malloc/pico_malloc.c.obj
                0x1000435c                __wrap_malloc
 .text.__wrap_calloc
                0x10004364        0x8 CMakeFiles/host_hid.dir/C_/Users/cotaa/Documents/Pico/pico-sdk/src/rp2_common/pico_malloc/pico_malloc.c.obj
                0x10004364                __wrap_calloc
 .text          0x1000436c       0x10 CMakeFiles/host_hid.dir/C_/Users/cotaa/Documents/Pico/pico-sdk/src/rp2_common/pico_mem_ops/mem_ops_aeabi.S.obj
                0x1000436c                __aeabi_mem_init
 .text.memset   0x1000437c        0xc CMakeFiles/host_hid.dir/C_/Users/cotaa/Documents/Pico/pico-sdk/src/rp2_common/pico_mem_ops/mem_ops_aeabi.S.obj
                0x1000437c                __wrap_memset
 .text.memcpy   0x10004388        0xc CMakeFiles/host_hid.dir/C_/Users/cotaa/Documents/Pico/pico-sdk/src/rp2_common/pico_mem_ops/mem_ops_aeabi.S.obj
                0x10004388                __wrap_memcpy
                0x10004388                __wrap___aeabi_memcpy
 .text.stdio_out_chars_crlf.part.0
                0x10004394       0x84 CMakeFiles/host_hid.dir/C_/Users/cotaa/Documents/Pico/pico-sdk/src/rp2_common/pico_stdio/stdio.c.obj
 .text.stdio_buffered_printer
                0x10004418       0x78 CMakeFiles/host_hid.dir/C_/Users/cotaa/Documents/Pico/pico-sdk/src/rp2_common/pico_stdio/stdio.c.obj
 .text.stdio_put_string
                0x10004490      0x100 CMakeFiles/host_hid.dir/C_/Users/cotaa/Documents/Pico/pico-sdk/src/rp2_common/pico_stdio/stdio.c.obj
 .text.__wrap_putchar
                0x10004590       0x1c CMakeFiles/host_hid.dir/C_/Users/cotaa/Documents/Pico/pico-sdk/src/rp2_common/pico_stdio/stdio.c.obj
                0x10004590                __wrap_putchar
 .text.__wrap_puts
                0x100045ac       0x3c CMakeFiles/host_hid.dir/C_/Users/cotaa/Documents/Pico/pico-sdk/src/rp2_common/pico_stdio/stdio.c.obj
                0x100045ac                __wrap_puts
 .text._read    0x100045e8       0x90 CMakeFiles/host_hid.dir/C_/Users/cotaa/Documents/Pico/pico-sdk/src/rp2_common/pico_stdio/stdio.c.obj
                0x100045e8                _read
 .text._write   0x10004678       0x20 CMakeFiles/host_hid.dir/C_/Users/cotaa/Documents/Pico/pico-sdk/src/rp2_common/pico_stdio/stdio.c.obj
                0x10004678                _write
 .text.stdio_set_driver_enabled
                0x10004698       0x3c CMakeFiles/host_hid.dir/C_/Users/cotaa/Documents/Pico/pico-sdk/src/rp2_common/pico_stdio/stdio.c.obj
                0x10004698                stdio_set_driver_enabled
 .text.__wrap_vprintf
                0x100046d4       0xe8 CMakeFiles/host_hid.dir/C_/Users/cotaa/Documents/Pico/pico-sdk/src/rp2_common/pico_stdio/stdio.c.obj
                0x100046d4                __wrap_vprintf
 .text.__wrap_printf
                0x100047bc       0x18 CMakeFiles/host_hid.dir/C_/Users/cotaa/Documents/Pico/pico-sdk/src/rp2_common/pico_stdio/stdio.c.obj
                0x100047bc                __wrap_printf
 .text.stdio_uart_out_chars
                0x100047d4       0x3c CMakeFiles/host_hid.dir/C_/Users/cotaa/Documents/Pico/pico-sdk/src/rp2_common/pico_stdio_uart/stdio_uart.c.obj
 .text.stdio_uart_in_chars
                0x10004810       0x38 CMakeFiles/host_hid.dir/C_/Users/cotaa/Documents/Pico/pico-sdk/src/rp2_common/pico_stdio_uart/stdio_uart.c.obj
                0x10004810                stdio_uart_in_chars
 .text.stdio_uart_init
                0x10004848       0x40 CMakeFiles/host_hid.dir/C_/Users/cotaa/Documents/Pico/pico-sdk/src/rp2_common/pico_stdio_uart/stdio_uart.c.obj
                0x10004848                stdio_uart_init
 .text.hcd_rp2040_irq
                0x10004888      0x280 CMakeFiles/host_hid.dir/C_/Users/cotaa/Documents/Pico/pico-sdk/lib/tinyusb/src/portable/raspberrypi/rp2040/hcd_rp2040.c.obj
 .text.hcd_init
                0x10004b08       0x44 CMakeFiles/host_hid.dir/C_/Users/cotaa/Documents/Pico/pico-sdk/lib/tinyusb/src/portable/raspberrypi/rp2040/hcd_rp2040.c.obj
                0x10004b08                hcd_init
 .text.hcd_port_reset
                0x10004b4c        0x4 CMakeFiles/host_hid.dir/C_/Users/cotaa/Documents/Pico/pico-sdk/lib/tinyusb/src/portable/raspberrypi/rp2040/hcd_rp2040.c.obj
                0x10004b4c                hcd_port_reset
 .text.hcd_port_connect_status
                0x10004b50       0x18 CMakeFiles/host_hid.dir/C_/Users/cotaa/Documents/Pico/pico-sdk/lib/tinyusb/src/portable/raspberrypi/rp2040/hcd_rp2040.c.obj
                0x10004b50                hcd_port_connect_status
 .text.hcd_port_speed_get
                0x10004b68       0x24 CMakeFiles/host_hid.dir/C_/Users/cotaa/Documents/Pico/pico-sdk/lib/tinyusb/src/portable/raspberrypi/rp2040/hcd_rp2040.c.obj
                0x10004b68                hcd_port_speed_get
 .text.hcd_device_close
                0x10004b8c        0x4 CMakeFiles/host_hid.dir/C_/Users/cotaa/Documents/Pico/pico-sdk/lib/tinyusb/src/portable/raspberrypi/rp2040/hcd_rp2040.c.obj
                0x10004b8c                hcd_device_close
 .text.hcd_int_enable
                0x10004b90        0xc CMakeFiles/host_hid.dir/C_/Users/cotaa/Documents/Pico/pico-sdk/lib/tinyusb/src/portable/raspberrypi/rp2040/hcd_rp2040.c.obj
                0x10004b90                hcd_int_enable
 .text.hcd_edpt_xfer
                0x10004b9c      0x11c CMakeFiles/host_hid.dir/C_/Users/cotaa/Documents/Pico/pico-sdk/lib/tinyusb/src/portable/raspberrypi/rp2040/hcd_rp2040.c.obj
                0x10004b9c                hcd_edpt_xfer
 .text.hcd_setup_send
                0x10004cb8       0xa4 CMakeFiles/host_hid.dir/C_/Users/cotaa/Documents/Pico/pico-sdk/lib/tinyusb/src/portable/raspberrypi/rp2040/hcd_rp2040.c.obj
                0x10004cb8                hcd_setup_send
 .text.hcd_uframe_number
                0x10004d5c        0xc CMakeFiles/host_hid.dir/C_/Users/cotaa/Documents/Pico/pico-sdk/lib/tinyusb/src/portable/raspberrypi/rp2040/hcd_rp2040.c.obj
                0x10004d5c                hcd_uframe_number
 .text.hcd_edpt_open
                0x10004d68      0x28c CMakeFiles/host_hid.dir/C_/Users/cotaa/Documents/Pico/pico-sdk/lib/tinyusb/src/portable/raspberrypi/rp2040/hcd_rp2040.c.obj
                0x10004d68                hcd_edpt_open
 .text.hcd_edpt_busy
                0x10004ff4       0x44 CMakeFiles/host_hid.dir/C_/Users/cotaa/Documents/Pico/pico-sdk/lib/tinyusb/src/portable/raspberrypi/rp2040/hcd_rp2040.c.obj
                0x10004ff4                hcd_edpt_busy
 .text.hcd_pipe_xfer
                0x10005038      0x128 CMakeFiles/host_hid.dir/C_/Users/cotaa/Documents/Pico/pico-sdk/lib/tinyusb/src/portable/raspberrypi/rp2040/hcd_rp2040.c.obj
                0x10005038                hcd_pipe_xfer
 .text.rp2040_usb_init
                0x10005160       0x50 CMakeFiles/host_hid.dir/C_/Users/cotaa/Documents/Pico/pico-sdk/lib/tinyusb/src/portable/raspberrypi/rp2040/rp2040_usb.c.obj
                0x10005160                rp2040_usb_init
 .text.hw_endpoint_reset_transfer
                0x100051b0       0x14 CMakeFiles/host_hid.dir/C_/Users/cotaa/Documents/Pico/pico-sdk/lib/tinyusb/src/portable/raspberrypi/rp2040/rp2040_usb.c.obj
                0x100051b0                hw_endpoint_reset_transfer
 .text._hw_endpoint_xfer_continue
                0x100051c4      0x108 CMakeFiles/host_hid.dir/C_/Users/cotaa/Documents/Pico/pico-sdk/lib/tinyusb/src/portable/raspberrypi/rp2040/rp2040_usb.c.obj
                0x100051c4                _hw_endpoint_xfer_continue
 .text._hw_endpoint_xfer
                0x100052cc       0xb0 CMakeFiles/host_hid.dir/C_/Users/cotaa/Documents/Pico/pico-sdk/lib/tinyusb/src/portable/raspberrypi/rp2040/rp2040_usb.c.obj
                0x100052cc                _hw_endpoint_xfer
 .text.enum_request_set_addr
                0x1000537c       0x94 CMakeFiles/host_hid.dir/C_/Users/cotaa/Documents/Pico/pico-sdk/lib/tinyusb/src/host/usbh.c.obj
 .text.enum_hub_get_status0_complete
                0x10005410       0x60 CMakeFiles/host_hid.dir/C_/Users/cotaa/Documents/Pico/pico-sdk/lib/tinyusb/src/host/usbh.c.obj
 .text.enum_hub_get_status1_complete
                0x10005470       0x38 CMakeFiles/host_hid.dir/C_/Users/cotaa/Documents/Pico/pico-sdk/lib/tinyusb/src/host/usbh.c.obj
 .text.enum_hub_clear_reset1_complete
                0x100054a8       0x1c CMakeFiles/host_hid.dir/C_/Users/cotaa/Documents/Pico/pico-sdk/lib/tinyusb/src/host/usbh.c.obj
 .text.enum_get_device_desc_complete
                0x100054c4       0x40 CMakeFiles/host_hid.dir/C_/Users/cotaa/Documents/Pico/pico-sdk/lib/tinyusb/src/host/usbh.c.obj
 .text.enum_get_9byte_config_desc_complete
                0x10005504       0x44 CMakeFiles/host_hid.dir/C_/Users/cotaa/Documents/Pico/pico-sdk/lib/tinyusb/src/host/usbh.c.obj
 .text.enum_set_address_complete
                0x10005548       0x88 CMakeFiles/host_hid.dir/C_/Users/cotaa/Documents/Pico/pico-sdk/lib/tinyusb/src/host/usbh.c.obj
 .text.enum_get_config_desc_complete
                0x100055d0       0xf8 CMakeFiles/host_hid.dir/C_/Users/cotaa/Documents/Pico/pico-sdk/lib/tinyusb/src/host/usbh.c.obj
 .text.enum_set_config_complete
                0x100056c8       0xe8 CMakeFiles/host_hid.dir/C_/Users/cotaa/Documents/Pico/pico-sdk/lib/tinyusb/src/host/usbh.c.obj
 .text.enum_hub_clear_reset0_complete
                0x100057b0       0x64 CMakeFiles/host_hid.dir/C_/Users/cotaa/Documents/Pico/pico-sdk/lib/tinyusb/src/host/usbh.c.obj
 .text.tuh_task.part.0
                0x10005814      0x570 CMakeFiles/host_hid.dir/C_/Users/cotaa/Documents/Pico/pico-sdk/lib/tinyusb/src/host/usbh.c.obj
 .text.enum_get_addr0_device_desc_complete
                0x10005d84       0x98 CMakeFiles/host_hid.dir/C_/Users/cotaa/Documents/Pico/pico-sdk/lib/tinyusb/src/host/usbh.c.obj
 .text.usbh_get_rhport
                0x10005e1c       0x10 CMakeFiles/host_hid.dir/C_/Users/cotaa/Documents/Pico/pico-sdk/lib/tinyusb/src/host/usbh.c.obj
                0x10005e1c                usbh_get_rhport
 .text.tuh_device_get_state
                0x10005e2c       0x1c CMakeFiles/host_hid.dir/C_/Users/cotaa/Documents/Pico/pico-sdk/lib/tinyusb/src/host/usbh.c.obj
                0x10005e2c                tuh_device_get_state
 .text.tuh_device_get_speed
                0x10005e48       0x18 CMakeFiles/host_hid.dir/C_/Users/cotaa/Documents/Pico/pico-sdk/lib/tinyusb/src/host/usbh.c.obj
                0x10005e48                tuh_device_get_speed
 .text.tuh_init
                0x10005e60       0x7c CMakeFiles/host_hid.dir/C_/Users/cotaa/Documents/Pico/pico-sdk/lib/tinyusb/src/host/usbh.c.obj
                0x10005e60                tuh_init
 .text.usbh_edpt_xfer
                0x10005edc       0x24 CMakeFiles/host_hid.dir/C_/Users/cotaa/Documents/Pico/pico-sdk/lib/tinyusb/src/host/usbh.c.obj
                0x10005edc                usbh_edpt_xfer
 .text.usbh_edpt_open
                0x10005f00       0xa8 CMakeFiles/host_hid.dir/C_/Users/cotaa/Documents/Pico/pico-sdk/lib/tinyusb/src/host/usbh.c.obj
                0x10005f00                usbh_edpt_open
 .text.hcd_event_handler
                0x10005fa8       0x38 CMakeFiles/host_hid.dir/C_/Users/cotaa/Documents/Pico/pico-sdk/lib/tinyusb/src/host/usbh.c.obj
                0x10005fa8                hcd_event_handler
 .text.hcd_event_xfer_complete
                0x10005fe0       0x4c CMakeFiles/host_hid.dir/C_/Users/cotaa/Documents/Pico/pico-sdk/lib/tinyusb/src/host/usbh.c.obj
                0x10005fe0                hcd_event_xfer_complete
 .text.hcd_event_device_attach
                0x1000602c       0x54 CMakeFiles/host_hid.dir/C_/Users/cotaa/Documents/Pico/pico-sdk/lib/tinyusb/src/host/usbh.c.obj
                0x1000602c                hcd_event_device_attach
 .text.hcd_event_device_remove
                0x10006080       0x54 CMakeFiles/host_hid.dir/C_/Users/cotaa/Documents/Pico/pico-sdk/lib/tinyusb/src/host/usbh.c.obj
                0x10006080                hcd_event_device_remove
 .text.tuh_task
                0x100060d4       0x10 CMakeFiles/host_hid.dir/C_/Users/cotaa/Documents/Pico/pico-sdk/lib/tinyusb/src/host/usbh.c.obj
                0x100060d4                tuh_task
 .text.usbh_driver_set_config_complete
                0x100060e4      0x168 CMakeFiles/host_hid.dir/C_/Users/cotaa/Documents/Pico/pico-sdk/lib/tinyusb/src/host/usbh.c.obj
                0x100060e4                usbh_driver_set_config_complete
 .text.tuh_control_xfer
                0x1000624c       0x40 CMakeFiles/host_hid.dir/C_/Users/cotaa/Documents/Pico/pico-sdk/lib/tinyusb/src/host/usbh_control.c.obj
                0x1000624c                tuh_control_xfer
 .text.usbh_control_xfer_cb
                0x1000628c       0x8c CMakeFiles/host_hid.dir/C_/Users/cotaa/Documents/Pico/pico-sdk/lib/tinyusb/src/host/usbh_control.c.obj
                0x1000628c                usbh_control_xfer_cb
 .text.config_get_hub_desc_complete
                0x10006318       0x44 CMakeFiles/host_hid.dir/C_/Users/cotaa/Documents/Pico/pico-sdk/lib/tinyusb/src/host/hub.c.obj
 .text.config_port_power_complete
                0x1000635c       0x68 CMakeFiles/host_hid.dir/C_/Users/cotaa/Documents/Pico/pico-sdk/lib/tinyusb/src/host/hub.c.obj
 .text.connection_port_reset_complete
                0x100063c4       0x34 CMakeFiles/host_hid.dir/C_/Users/cotaa/Documents/Pico/pico-sdk/lib/tinyusb/src/host/hub.c.obj
 .text.connection_get_status_complete
                0x100063f8       0x54 CMakeFiles/host_hid.dir/C_/Users/cotaa/Documents/Pico/pico-sdk/lib/tinyusb/src/host/hub.c.obj
 .text.connection_clear_conn_change_complete
                0x1000644c       0x74 CMakeFiles/host_hid.dir/C_/Users/cotaa/Documents/Pico/pico-sdk/lib/tinyusb/src/host/hub.c.obj
 .text.hub_port_clear_feature
                0x100064c0       0x20 CMakeFiles/host_hid.dir/C_/Users/cotaa/Documents/Pico/pico-sdk/lib/tinyusb/src/host/hub.c.obj
                0x100064c0                hub_port_clear_feature
 .text.hub_port_get_status
                0x100064e0       0x1c CMakeFiles/host_hid.dir/C_/Users/cotaa/Documents/Pico/pico-sdk/lib/tinyusb/src/host/hub.c.obj
                0x100064e0                hub_port_get_status
 .text.hub_port_reset
                0x100064fc       0x20 CMakeFiles/host_hid.dir/C_/Users/cotaa/Documents/Pico/pico-sdk/lib/tinyusb/src/host/hub.c.obj
                0x100064fc                hub_port_reset
 .text.hub_init
                0x1000651c       0x14 CMakeFiles/host_hid.dir/C_/Users/cotaa/Documents/Pico/pico-sdk/lib/tinyusb/src/host/hub.c.obj
                0x1000651c                hub_init
 .text.hub_open
                0x10006530       0x48 CMakeFiles/host_hid.dir/C_/Users/cotaa/Documents/Pico/pico-sdk/lib/tinyusb/src/host/hub.c.obj
                0x10006530                hub_open
 .text.hub_set_config
                0x10006578       0x40 CMakeFiles/host_hid.dir/C_/Users/cotaa/Documents/Pico/pico-sdk/lib/tinyusb/src/host/hub.c.obj
                0x10006578                hub_set_config
 .text.hub_xfer_cb
                0x100065b8       0x68 CMakeFiles/host_hid.dir/C_/Users/cotaa/Documents/Pico/pico-sdk/lib/tinyusb/src/host/hub.c.obj
                0x100065b8                hub_xfer_cb
 .text.hub_close
                0x10006620       0x18 CMakeFiles/host_hid.dir/C_/Users/cotaa/Documents/Pico/pico-sdk/lib/tinyusb/src/host/hub.c.obj
                0x10006620                hub_close
 .text.hub_status_pipe_queue
                0x10006638       0x24 CMakeFiles/host_hid.dir/C_/Users/cotaa/Documents/Pico/pico-sdk/lib/tinyusb/src/host/hub.c.obj
                0x10006638                hub_status_pipe_queue
 .text.tuh_hid_keyboard_is_mounted
                0x1000665c       0x2c CMakeFiles/host_hid.dir/C_/Users/cotaa/Documents/Pico/pico-sdk/lib/tinyusb/src/class/hid/hid_host.c.obj
                0x1000665c                tuh_hid_keyboard_is_mounted
 .text.tuh_hid_keyboard_get_report
                0x10006688       0x48 CMakeFiles/host_hid.dir/C_/Users/cotaa/Documents/Pico/pico-sdk/lib/tinyusb/src/class/hid/hid_host.c.obj
                0x10006688                tuh_hid_keyboard_get_report
 .text.tuh_hid_keyboard_is_busy
                0x100066d0       0x30 CMakeFiles/host_hid.dir/C_/Users/cotaa/Documents/Pico/pico-sdk/lib/tinyusb/src/class/hid/hid_host.c.obj
                0x100066d0                tuh_hid_keyboard_is_busy
 .text.tuh_hid_mouse_is_mounted
                0x10006700       0x2c CMakeFiles/host_hid.dir/C_/Users/cotaa/Documents/Pico/pico-sdk/lib/tinyusb/src/class/hid/hid_host.c.obj
                0x10006700                tuh_hid_mouse_is_mounted
 .text.tuh_hid_mouse_is_busy
                0x1000672c       0x30 CMakeFiles/host_hid.dir/C_/Users/cotaa/Documents/Pico/pico-sdk/lib/tinyusb/src/class/hid/hid_host.c.obj
                0x1000672c                tuh_hid_mouse_is_busy
 .text.tuh_hid_mouse_get_report
                0x1000675c       0x48 CMakeFiles/host_hid.dir/C_/Users/cotaa/Documents/Pico/pico-sdk/lib/tinyusb/src/class/hid/hid_host.c.obj
                0x1000675c                tuh_hid_mouse_get_report
 .text.hidh_init
                0x100067a4       0x20 CMakeFiles/host_hid.dir/C_/Users/cotaa/Documents/Pico/pico-sdk/lib/tinyusb/src/class/hid/hid_host.c.obj
                0x100067a4                hidh_init
 .text.hidh_open_subtask
                0x100067c4       0xc4 CMakeFiles/host_hid.dir/C_/Users/cotaa/Documents/Pico/pico-sdk/lib/tinyusb/src/class/hid/hid_host.c.obj
                0x100067c4                hidh_open_subtask
 .text.hidh_set_config
                0x10006888       0x60 CMakeFiles/host_hid.dir/C_/Users/cotaa/Documents/Pico/pico-sdk/lib/tinyusb/src/class/hid/hid_host.c.obj
                0x10006888                hidh_set_config
 .text.hidh_xfer_cb
                0x100068e8       0x3c CMakeFiles/host_hid.dir/C_/Users/cotaa/Documents/Pico/pico-sdk/lib/tinyusb/src/class/hid/hid_host.c.obj
                0x100068e8                hidh_xfer_cb
 .text.hidh_close
                0x10006924       0x5c CMakeFiles/host_hid.dir/C_/Users/cotaa/Documents/Pico/pico-sdk/lib/tinyusb/src/class/hid/hid_host.c.obj
                0x10006924                hidh_close
 .text.tusb_init
                0x10006980       0x20 CMakeFiles/host_hid.dir/C_/Users/cotaa/Documents/Pico/pico-sdk/lib/tinyusb/src/tusb.c.obj
                0x10006980                tusb_init
 .text.tusb_inited
                0x100069a0        0xc CMakeFiles/host_hid.dir/C_/Users/cotaa/Documents/Pico/pico-sdk/lib/tinyusb/src/tusb.c.obj
                0x100069a0                tusb_inited
 .text.tu_fifo_read
                0x100069ac       0xa8 CMakeFiles/host_hid.dir/C_/Users/cotaa/Documents/Pico/pico-sdk/lib/tinyusb/src/common/tusb_fifo.c.obj
                0x100069ac                tu_fifo_read
 .text.tu_fifo_write
                0x10006a54       0x84 CMakeFiles/host_hid.dir/C_/Users/cotaa/Documents/Pico/pico-sdk/lib/tinyusb/src/common/tusb_fifo.c.obj
                0x10006a54                tu_fifo_write
 .text.tu_fifo_clear
                0x10006ad8       0x2c CMakeFiles/host_hid.dir/C_/Users/cotaa/Documents/Pico/pico-sdk/lib/tinyusb/src/common/tusb_fifo.c.obj
                0x10006ad8                tu_fifo_clear
 .text.board_init
                0x10006b04       0x18 CMakeFiles/host_hid.dir/C_/Users/cotaa/Documents/Pico/pico-sdk/lib/tinyusb/hw/bsp/raspberry_pi_pico/board_raspberry_pi_pico.c.obj
                0x10006b04                board_init
 .text.board_led_write
                0x10006b1c       0x14 CMakeFiles/host_hid.dir/C_/Users/cotaa/Documents/Pico/pico-sdk/lib/tinyusb/hw/bsp/raspberry_pi_pico/board_raspberry_pi_pico.c.obj
                0x10006b1c                board_led_write
 .text.calloc   0x10006b30       0x18 c:/users/cotaa/documents/pico/pico-toolchain/gcc-arm-none-eabi-9-2019-q4-major-win32/bin/../lib/gcc/arm-none-eabi/9.2.1/../../../../arm-none-eabi/lib/thumb/v6-m/nofp\libc.a(lib_a-calloc.o)
                0x10006b30                calloc
 .text._calloc_r
                0x10006b48       0x5c c:/users/cotaa/documents/pico/pico-toolchain/gcc-arm-none-eabi-9-2019-q4-major-win32/bin/../lib/gcc/arm-none-eabi/9.2.1/../../../../arm-none-eabi/lib/thumb/v6-m/nofp\libc.a(lib_a-callocr.o)
                0x10006b48                _calloc_r
 .text.__sflush_r
                0x10006ba4      0x140 c:/users/cotaa/documents/pico/pico-toolchain/gcc-arm-none-eabi-9-2019-q4-major-win32/bin/../lib/gcc/arm-none-eabi/9.2.1/../../../../arm-none-eabi/lib/thumb/v6-m/nofp\libc.a(lib_a-fflush.o)
                0x10006ba4                __sflush_r
 .text._fflush_r
                0x10006ce4       0x6c c:/users/cotaa/documents/pico/pico-toolchain/gcc-arm-none-eabi-9-2019-q4-major-win32/bin/../lib/gcc/arm-none-eabi/9.2.1/../../../../arm-none-eabi/lib/thumb/v6-m/nofp\libc.a(lib_a-fflush.o)
                0x10006ce4                _fflush_r
 .text.fflush   0x10006d50       0x2c c:/users/cotaa/documents/pico/pico-toolchain/gcc-arm-none-eabi-9-2019-q4-major-win32/bin/../lib/gcc/arm-none-eabi/9.2.1/../../../../arm-none-eabi/lib/thumb/v6-m/nofp\libc.a(lib_a-fflush.o)
                0x10006d50                fflush
 .text.std      0x10006d7c       0x50 c:/users/cotaa/documents/pico/pico-toolchain/gcc-arm-none-eabi-9-2019-q4-major-win32/bin/../lib/gcc/arm-none-eabi/9.2.1/../../../../arm-none-eabi/lib/thumb/v6-m/nofp\libc.a(lib_a-findfp.o)
 .text._cleanup_r
                0x10006dcc       0x10 c:/users/cotaa/documents/pico/pico-toolchain/gcc-arm-none-eabi-9-2019-q4-major-win32/bin/../lib/gcc/arm-none-eabi/9.2.1/../../../../arm-none-eabi/lib/thumb/v6-m/nofp\libc.a(lib_a-findfp.o)
                0x10006dcc                _cleanup_r
 .text.__sinit  0x10006ddc       0x60 c:/users/cotaa/documents/pico/pico-toolchain/gcc-arm-none-eabi-9-2019-q4-major-win32/bin/../lib/gcc/arm-none-eabi/9.2.1/../../../../arm-none-eabi/lib/thumb/v6-m/nofp\libc.a(lib_a-findfp.o)
                0x10006ddc                __sinit
 .text.__sfp_lock_acquire
                0x10006e3c       0x10 c:/users/cotaa/documents/pico/pico-toolchain/gcc-arm-none-eabi-9-2019-q4-major-win32/bin/../lib/gcc/arm-none-eabi/9.2.1/../../../../arm-none-eabi/lib/thumb/v6-m/nofp\libc.a(lib_a-findfp.o)
                0x10006e3c                __sfp_lock_acquire
 .text.__sfp_lock_release
                0x10006e4c       0x10 c:/users/cotaa/documents/pico/pico-toolchain/gcc-arm-none-eabi-9-2019-q4-major-win32/bin/../lib/gcc/arm-none-eabi/9.2.1/../../../../arm-none-eabi/lib/thumb/v6-m/nofp\libc.a(lib_a-findfp.o)
                0x10006e4c                __sfp_lock_release
 .text._malloc_trim_r
                0x10006e5c       0x9c c:/users/cotaa/documents/pico/pico-toolchain/gcc-arm-none-eabi-9-2019-q4-major-win32/bin/../lib/gcc/arm-none-eabi/9.2.1/../../../../arm-none-eabi/lib/thumb/v6-m/nofp\libc.a(lib_a-freer.o)
                0x10006e5c                _malloc_trim_r
 .text._free_r  0x10006ef8      0x1c4 c:/users/cotaa/documents/pico/pico-toolchain/gcc-arm-none-eabi-9-2019-q4-major-win32/bin/../lib/gcc/arm-none-eabi/9.2.1/../../../../arm-none-eabi/lib/thumb/v6-m/nofp\libc.a(lib_a-freer.o)
                0x10006ef8                _free_r
 .text._fwalk_reent
                0x100070bc       0x48 c:/users/cotaa/documents/pico/pico-toolchain/gcc-arm-none-eabi-9-2019-q4-major-win32/bin/../lib/gcc/arm-none-eabi/9.2.1/../../../../arm-none-eabi/lib/thumb/v6-m/nofp\libc.a(lib_a-fwalk.o)
                0x100070bc                _fwalk_reent
 .text.__retarget_lock_init_recursive
                0x10007104        0x4 c:/users/cotaa/documents/pico/pico-toolchain/gcc-arm-none-eabi-9-2019-q4-major-win32/bin/../lib/gcc/arm-none-eabi/9.2.1/../../../../arm-none-eabi/lib/thumb/v6-m/nofp\libc.a(lib_a-lock.o)
                0x10007104                __retarget_lock_init_recursive
 .text.__retarget_lock_close_recursive
                0x10007108        0x4 c:/users/cotaa/documents/pico/pico-toolchain/gcc-arm-none-eabi-9-2019-q4-major-win32/bin/../lib/gcc/arm-none-eabi/9.2.1/../../../../arm-none-eabi/lib/thumb/v6-m/nofp\libc.a(lib_a-lock.o)
                0x10007108                __retarget_lock_close_recursive
 .text.__retarget_lock_acquire_recursive
                0x1000710c        0x4 c:/users/cotaa/documents/pico/pico-toolchain/gcc-arm-none-eabi-9-2019-q4-major-win32/bin/../lib/gcc/arm-none-eabi/9.2.1/../../../../arm-none-eabi/lib/thumb/v6-m/nofp\libc.a(lib_a-lock.o)
                0x1000710c                __retarget_lock_acquire_recursive
 .text.__retarget_lock_release_recursive
                0x10007110        0x4 c:/users/cotaa/documents/pico/pico-toolchain/gcc-arm-none-eabi-9-2019-q4-major-win32/bin/../lib/gcc/arm-none-eabi/9.2.1/../../../../arm-none-eabi/lib/thumb/v6-m/nofp\libc.a(lib_a-lock.o)
                0x10007110                __retarget_lock_release_recursive
 .text.malloc   0x10007114       0x14 c:/users/cotaa/documents/pico/pico-toolchain/gcc-arm-none-eabi-9-2019-q4-major-win32/bin/../lib/gcc/arm-none-eabi/9.2.1/../../../../arm-none-eabi/lib/thumb/v6-m/nofp\libc.a(lib_a-malloc.o)
                0x10007114                malloc
 .text._malloc_r
                0x10007128      0x580 c:/users/cotaa/documents/pico/pico-toolchain/gcc-arm-none-eabi-9-2019-q4-major-win32/bin/../lib/gcc/arm-none-eabi/9.2.1/../../../../arm-none-eabi/lib/thumb/v6-m/nofp\libc.a(lib_a-mallocr.o)
                0x10007128                _malloc_r
 .text.__malloc_lock
                0x100076a8       0x10 c:/users/cotaa/documents/pico/pico-toolchain/gcc-arm-none-eabi-9-2019-q4-major-win32/bin/../lib/gcc/arm-none-eabi/9.2.1/../../../../arm-none-eabi/lib/thumb/v6-m/nofp\libc.a(lib_a-mlock.o)
                0x100076a8                __malloc_lock
 .text.__malloc_unlock
                0x100076b8       0x10 c:/users/cotaa/documents/pico/pico-toolchain/gcc-arm-none-eabi-9-2019-q4-major-win32/bin/../lib/gcc/arm-none-eabi/9.2.1/../../../../arm-none-eabi/lib/thumb/v6-m/nofp\libc.a(lib_a-mlock.o)
                0x100076b8                __malloc_unlock
 .text._sbrk_r  0x100076c8       0x24 c:/users/cotaa/documents/pico/pico-toolchain/gcc-arm-none-eabi-9-2019-q4-major-win32/bin/../lib/gcc/arm-none-eabi/9.2.1/../../../../arm-none-eabi/lib/thumb/v6-m/nofp\libc.a(lib_a-sbrkr.o)
                0x100076c8                _sbrk_r
 .text.__sread  0x100076ec       0x28 c:/users/cotaa/documents/pico/pico-toolchain/gcc-arm-none-eabi-9-2019-q4-major-win32/bin/../lib/gcc/arm-none-eabi/9.2.1/../../../../arm-none-eabi/lib/thumb/v6-m/nofp\libc.a(lib_a-stdio.o)
                0x100076ec                __sread
 .text.__swrite
                0x10007714       0x40 c:/users/cotaa/documents/pico/pico-toolchain/gcc-arm-none-eabi-9-2019-q4-major-win32/bin/../lib/gcc/arm-none-eabi/9.2.1/../../../../arm-none-eabi/lib/thumb/v6-m/nofp\libc.a(lib_a-stdio.o)
                0x10007714                __swrite
 .text.__sseek  0x10007754       0x2c c:/users/cotaa/documents/pico/pico-toolchain/gcc-arm-none-eabi-9-2019-q4-major-win32/bin/../lib/gcc/arm-none-eabi/9.2.1/../../../../arm-none-eabi/lib/thumb/v6-m/nofp\libc.a(lib_a-stdio.o)
                0x10007754                __sseek
 .text.__sclose
                0x10007780        0xc c:/users/cotaa/documents/pico/pico-toolchain/gcc-arm-none-eabi-9-2019-q4-major-win32/bin/../lib/gcc/arm-none-eabi/9.2.1/../../../../arm-none-eabi/lib/thumb/v6-m/nofp\libc.a(lib_a-stdio.o)
                0x10007780                __sclose
 .text.strlen   0x1000778c       0x5c c:/users/cotaa/documents/pico/pico-toolchain/gcc-arm-none-eabi-9-2019-q4-major-win32/bin/../lib/gcc/arm-none-eabi/9.2.1/../../../../arm-none-eabi/lib/thumb/v6-m/nofp\libc.a(lib_a-strlen-stub.o)
                0x1000778c                strlen
 .text._write_r
                0x100077e8       0x28 c:/users/cotaa/documents/pico/pico-toolchain/gcc-arm-none-eabi-9-2019-q4-major-win32/bin/../lib/gcc/arm-none-eabi/9.2.1/../../../../arm-none-eabi/lib/thumb/v6-m/nofp\libc.a(lib_a-writer.o)
                0x100077e8                _write_r
 .text._close_r
                0x10007810       0x24 c:/users/cotaa/documents/pico/pico-toolchain/gcc-arm-none-eabi-9-2019-q4-major-win32/bin/../lib/gcc/arm-none-eabi/9.2.1/../../../../arm-none-eabi/lib/thumb/v6-m/nofp\libc.a(lib_a-closer.o)
                0x10007810                _close_r
 .text._fclose_r
                0x10007834       0xdc c:/users/cotaa/documents/pico/pico-toolchain/gcc-arm-none-eabi-9-2019-q4-major-win32/bin/../lib/gcc/arm-none-eabi/9.2.1/../../../../arm-none-eabi/lib/thumb/v6-m/nofp\libc.a(lib_a-fclose.o)
                0x10007834                _fclose_r
 .text._lseek_r
                0x10007910       0x28 c:/users/cotaa/documents/pico/pico-toolchain/gcc-arm-none-eabi-9-2019-q4-major-win32/bin/../lib/gcc/arm-none-eabi/9.2.1/../../../../arm-none-eabi/lib/thumb/v6-m/nofp\libc.a(lib_a-lseekr.o)
                0x10007910                _lseek_r
 .text._read_r  0x10007938       0x28 c:/users/cotaa/documents/pico/pico-toolchain/gcc-arm-none-eabi-9-2019-q4-major-win32/bin/../lib/gcc/arm-none-eabi/9.2.1/../../../../arm-none-eabi/lib/thumb/v6-m/nofp\libc.a(lib_a-readr.o)
                0x10007938                _read_r
 .text._close   0x10007960       0x10 c:/users/cotaa/documents/pico/pico-toolchain/gcc-arm-none-eabi-9-2019-q4-major-win32/bin/../lib/gcc/arm-none-eabi/9.2.1/../../../../arm-none-eabi/lib/thumb/v6-m/nofp\libnosys.a(close.o)
                0x10007960                _close
 .text._lseek   0x10007970       0x10 c:/users/cotaa/documents/pico/pico-toolchain/gcc-arm-none-eabi-9-2019-q4-major-win32/bin/../lib/gcc/arm-none-eabi/9.2.1/../../../../arm-none-eabi/lib/thumb/v6-m/nofp\libnosys.a(lseek.o)
                0x10007970                _lseek
 *(.fini)
 .fini          0x10007980        0x4 c:/users/cotaa/documents/pico/pico-toolchain/gcc-arm-none-eabi-9-2019-q4-major-win32/bin/../lib/gcc/arm-none-eabi/9.2.1/thumb/v6-m/nofp/crti.o
                0x10007980                _fini
 *fill*         0x10007984        0x4 
 .fini.__stub   0x10007988       0x60 linker stubs
 *crtbegin.o(.ctors)
 *crtbegin?.o(.ctors)
 *(EXCLUDE_FILE(*crtend.o *crtend?.o) .ctors)
 *(SORT_BY_NAME(.ctors.*))
 *(.ctors)
 *crtbegin.o(.dtors)
 *crtbegin?.o(.dtors)
 *(EXCLUDE_FILE(*crtend.o *crtend?.o) .dtors)
 *(SORT_BY_NAME(.dtors.*))
 *(.dtors)
 *(.eh_frame*)
 .eh_frame      0x100079e8        0x0 c:/users/cotaa/documents/pico/pico-toolchain/gcc-arm-none-eabi-9-2019-q4-major-win32/bin/../lib/gcc/arm-none-eabi/9.2.1/thumb/v6-m/nofp/crtbegin.o
                0x100079e8                . = ALIGN (0x4)

.glue_7         0x100079e8        0x0
 .glue_7        0x100079e8        0x0 linker stubs

.glue_7t        0x100079e8        0x0
 .glue_7t       0x100079e8        0x0 linker stubs

.vfp11_veneer   0x100079e8        0x0
 .vfp11_veneer  0x100079e8        0x0 linker stubs

.v4_bx          0x100079e8        0x0
 .v4_bx         0x100079e8        0x0 linker stubs

.iplt           0x100079e8        0x0
 .iplt          0x100079e8        0x0 c:/users/cotaa/documents/pico/pico-toolchain/gcc-arm-none-eabi-9-2019-q4-major-win32/bin/../lib/gcc/arm-none-eabi/9.2.1/thumb/v6-m/nofp/crtbegin.o

.rodata         0x100079e8      0x6ec
 *(EXCLUDE_FILE(*libm.a: *libc.a:*lib_a-mem*.o *libgcc.a:) .rodata*)
 .rodata.tuh_hid_keyboard_mounted_cb.str1.4
                0x100079e8       0x2c CMakeFiles/host_hid.dir/host_hid.c.obj
 .rodata.tuh_hid_keyboard_unmounted_cb.str1.4
                0x10007a14       0x2e CMakeFiles/host_hid.dir/host_hid.c.obj
 *fill*         0x10007a42        0x2 
 .rodata.cursor_movement.str1.4
                0x10007a44       0x2e CMakeFiles/host_hid.dir/host_hid.c.obj
 *fill*         0x10007a72        0x2 
 .rodata.tuh_hid_mouse_mounted_cb.str1.4
                0x10007a74       0x29 CMakeFiles/host_hid.dir/host_hid.c.obj
 *fill*         0x10007a9d        0x3 
 .rodata.tuh_hid_mouse_unmounted_cb.str1.4
                0x10007aa0       0x2b CMakeFiles/host_hid.dir/host_hid.c.obj
 *fill*         0x10007acb        0x1 
 .rodata.hid_task.str1.4
                0x10007acc        0x9 CMakeFiles/host_hid.dir/host_hid.c.obj
 *fill*         0x10007ad5        0x3 
 .rodata.print_greeting.str1.4
                0x10007ad8       0x4e CMakeFiles/host_hid.dir/host_hid.c.obj
 *fill*         0x10007b26        0x2 
 .rodata.keycode2ascii
                0x10007b28      0x100 CMakeFiles/host_hid.dir/host_hid.c.obj
                0x10007b28                keycode2ascii
 .rodata.spin_lock_claim_unused.str1.4
                0x10007c28       0x1b CMakeFiles/host_hid.dir/C_/Users/cotaa/Documents/Pico/pico-sdk/src/rp2_common/hardware_sync/sync.c.obj
 *fill*         0x10007c43        0x5 
 .rodata.at_the_end_of_time
                0x10007c48        0x8 CMakeFiles/host_hid.dir/C_/Users/cotaa/Documents/Pico/pico-sdk/src/common/pico_time/time.c.obj
                0x10007c48                at_the_end_of_time
 .rodata.hardware_alarm_claim.str1.4
                0x10007c50       0x22 CMakeFiles/host_hid.dir/C_/Users/cotaa/Documents/Pico/pico-sdk/src/rp2_common/hardware_timer/timer.c.obj
 *fill*         0x10007c72        0x2 
 .rodata.panic.str1.4
                0x10007c74       0x10 CMakeFiles/host_hid.dir/C_/Users/cotaa/Documents/Pico/pico-sdk/src/rp2_common/pico_runtime/runtime.c.obj
                                 0x12 (size before relaxing)
 .rodata.hard_assertion_failure.str1.4
                0x10007c84        0xc CMakeFiles/host_hid.dir/C_/Users/cotaa/Documents/Pico/pico-sdk/src/rp2_common/pico_runtime/runtime.c.obj
 .rodata._ftoa.str1.4
                0x10007c90       0x15 CMakeFiles/host_hid.dir/C_/Users/cotaa/Documents/Pico/pico-sdk/src/rp2_common/pico_printf/printf.c.obj
 *fill*         0x10007ca5        0x3 
 .rodata._vsnprintf
                0x10007ca8      0x1e0 CMakeFiles/host_hid.dir/C_/Users/cotaa/Documents/Pico/pico-sdk/src/rp2_common/pico_printf/printf.c.obj
 .rodata.pow10.5432
                0x10007e88       0x50 CMakeFiles/host_hid.dir/C_/Users/cotaa/Documents/Pico/pico-sdk/src/rp2_common/pico_printf/printf.c.obj
 .rodata.str1.4
                0x10007ed8       0x70 CMakeFiles/host_hid.dir/C_/Users/cotaa/Documents/Pico/pico-sdk/src/rp2_common/pico_standard_link/binary_info.c.obj
                                 0x7c (size before relaxing)
 .rodata.__bi_40
                0x10007f48        0xc CMakeFiles/host_hid.dir/C_/Users/cotaa/Documents/Pico/pico-sdk/src/rp2_common/pico_standard_link/binary_info.c.obj
 .rodata.__bi_65
                0x10007f54        0xc CMakeFiles/host_hid.dir/C_/Users/cotaa/Documents/Pico/pico-sdk/src/rp2_common/pico_standard_link/binary_info.c.obj
 .rodata.__bi_71
                0x10007f60        0xc CMakeFiles/host_hid.dir/C_/Users/cotaa/Documents/Pico/pico-sdk/src/rp2_common/pico_standard_link/binary_info.c.obj
 .rodata.crlf_str.5967
                0x10007f6c        0x2 CMakeFiles/host_hid.dir/C_/Users/cotaa/Documents/Pico/pico-sdk/src/rp2_common/pico_stdio/stdio.c.obj
 *fill*         0x10007f6e        0x2 
 .rodata.str1.4
                0x10007f70       0x2c CMakeFiles/host_hid.dir/C_/Users/cotaa/Documents/Pico/pico-sdk/src/rp2_common/pico_stdio_uart/stdio_uart.c.obj
 .rodata.__bi_27.4687
                0x10007f9c        0xc CMakeFiles/host_hid.dir/C_/Users/cotaa/Documents/Pico/pico-sdk/src/rp2_common/pico_stdio_uart/stdio_uart.c.obj
 .rodata.__bi_28.4691
                0x10007fa8        0x8 CMakeFiles/host_hid.dir/C_/Users/cotaa/Documents/Pico/pico-sdk/src/rp2_common/pico_stdio_uart/stdio_uart.c.obj
 .rodata.hcd_rp2040_irq.str1.4
                0x10007fb0       0x40 CMakeFiles/host_hid.dir/C_/Users/cotaa/Documents/Pico/pico-sdk/lib/tinyusb/src/portable/raspberrypi/rp2040/hcd_rp2040.c.obj
 .rodata.hcd_port_speed_get.str1.4
                0x10007ff0        0xf CMakeFiles/host_hid.dir/C_/Users/cotaa/Documents/Pico/pico-sdk/lib/tinyusb/src/portable/raspberrypi/rp2040/hcd_rp2040.c.obj
 *fill*         0x10007fff        0x1 
 .rodata._hw_endpoint_buffer_control_update32.str1.4
                0x10008000       0x1f CMakeFiles/host_hid.dir/C_/Users/cotaa/Documents/Pico/pico-sdk/lib/tinyusb/src/portable/raspberrypi/rp2040/rp2040_usb.c.obj
 *fill*         0x1000801f        0x1 
 .rodata._hw_endpoint_xfer_continue.str1.4
                0x10008020       0x50 CMakeFiles/host_hid.dir/C_/Users/cotaa/Documents/Pico/pico-sdk/lib/tinyusb/src/portable/raspberrypi/rp2040/rp2040_usb.c.obj
 .rodata.str1.4
                0x10008070       0x50 CMakeFiles/host_hid.dir/C_/Users/cotaa/Documents/Pico/pico-sdk/lib/tinyusb/src/portable/raspberrypi/rp2040/rp2040_usb.c.obj
                                  0x7 (size before relaxing)
 .rodata        0x10008070       0x20 CMakeFiles/host_hid.dir/C_/Users/cotaa/Documents/Pico/pico-sdk/lib/tinyusb/src/host/usbh.c.obj
 .rodata.usbh_class_drivers
                0x10008090       0x30 CMakeFiles/host_hid.dir/C_/Users/cotaa/Documents/Pico/pico-sdk/lib/tinyusb/src/host/usbh.c.obj
 .rodata        0x100080c0       0x10 CMakeFiles/host_hid.dir/C_/Users/cotaa/Documents/Pico/pico-sdk/lib/tinyusb/src/host/hub.c.obj
 .rodata._global_impure_ptr
                0x100080d0        0x4 c:/users/cotaa/documents/pico/pico-toolchain/gcc-arm-none-eabi-9-2019-q4-major-win32/bin/../lib/gcc/arm-none-eabi/9.2.1/../../../../arm-none-eabi/lib/thumb/v6-m/nofp\libc.a(lib_a-impure.o)
                0x100080d0                _global_impure_ptr
                0x100080d4                . = ALIGN (0x4)
 *(SORT_BY_ALIGNMENT(SORT_BY_NAME(.flashdata*)))
                0x100080d4                . = ALIGN (0x4)

.rel.dyn        0x100080d4        0x0
 .rel.iplt      0x100080d4        0x0 c:/users/cotaa/documents/pico/pico-toolchain/gcc-arm-none-eabi-9-2019-q4-major-win32/bin/../lib/gcc/arm-none-eabi/9.2.1/thumb/v6-m/nofp/crtbegin.o

.ARM.extab
 *(.ARM.extab* .gnu.linkonce.armextab.*)
                0x100080d4                __exidx_start = .

.ARM.exidx
 *(.ARM.exidx* .gnu.linkonce.armexidx.*)
                0x100080d4                __exidx_end = .
                0x100080d4                . = ALIGN (0x4)
                0x100080d4                __binary_info_start = .

.binary_info    0x100080d4       0x24
 *(.binary_info.keep.*)
 .binary_info.keep.__bi_ptr18
                0x100080d4        0x4 CMakeFiles/host_hid.dir/C_/Users/cotaa/Documents/Pico/pico-sdk/src/rp2_common/pico_standard_link/binary_info.c.obj
 .binary_info.keep.__bi_ptr26
                0x100080d8        0x4 CMakeFiles/host_hid.dir/C_/Users/cotaa/Documents/Pico/pico-sdk/src/rp2_common/pico_standard_link/binary_info.c.obj
 .binary_info.keep.__bi_ptr34
                0x100080dc        0x4 CMakeFiles/host_hid.dir/C_/Users/cotaa/Documents/Pico/pico-sdk/src/rp2_common/pico_standard_link/binary_info.c.obj
 .binary_info.keep.__bi_ptr40
                0x100080e0        0x4 CMakeFiles/host_hid.dir/C_/Users/cotaa/Documents/Pico/pico-sdk/src/rp2_common/pico_standard_link/binary_info.c.obj
 .binary_info.keep.__bi_ptr46
                0x100080e4        0x4 CMakeFiles/host_hid.dir/C_/Users/cotaa/Documents/Pico/pico-sdk/src/rp2_common/pico_standard_link/binary_info.c.obj
 .binary_info.keep.__bi_ptr65
                0x100080e8        0x4 CMakeFiles/host_hid.dir/C_/Users/cotaa/Documents/Pico/pico-sdk/src/rp2_common/pico_standard_link/binary_info.c.obj
 .binary_info.keep.__bi_ptr71
                0x100080ec        0x4 CMakeFiles/host_hid.dir/C_/Users/cotaa/Documents/Pico/pico-sdk/src/rp2_common/pico_standard_link/binary_info.c.obj
 *(.binary_info.*)
 .binary_info.__bi_ptr27
                0x100080f0        0x4 CMakeFiles/host_hid.dir/C_/Users/cotaa/Documents/Pico/pico-sdk/src/rp2_common/pico_stdio_uart/stdio_uart.c.obj
 .binary_info.__bi_ptr28
                0x100080f4        0x4 CMakeFiles/host_hid.dir/C_/Users/cotaa/Documents/Pico/pico-sdk/src/rp2_common/pico_stdio_uart/stdio_uart.c.obj
                0x100080f8                __binary_info_end = .
                0x100080f8                . = ALIGN (0x4)
                0x100080f8                __etext = .

.ram_vector_table
                0x20000000       0xc0
 *(.ram_vector_table)
 .ram_vector_table
                0x20000000       0xc0 CMakeFiles/host_hid.dir/C_/Users/cotaa/Documents/Pico/pico-sdk/src/rp2_common/pico_runtime/runtime.c.obj
                0x20000000                ram_vector_table

.data           0x200000c0      0xa94 load address 0x100080f8
                0x200000c0                __data_start__ = .
 *(vtable)
 *(.time_critical*)
 .time_critical.mutex_enter_blocking
                0x200000c0       0x50 CMakeFiles/host_hid.dir/C_/Users/cotaa/Documents/Pico/pico-sdk/src/common/pico_sync/mutex.c.obj
                0x200000c0                mutex_enter_blocking
 .time_critical.mutex_try_enter
                0x20000110       0x4c CMakeFiles/host_hid.dir/C_/Users/cotaa/Documents/Pico/pico-sdk/src/common/pico_sync/mutex.c.obj
                0x20000110                mutex_try_enter
 .time_critical.mutex_enter_timeout_ms
                0x2000015c       0x98 CMakeFiles/host_hid.dir/C_/Users/cotaa/Documents/Pico/pico-sdk/src/common/pico_sync/mutex.c.obj
                0x2000015c                mutex_enter_timeout_ms
 .time_critical.mutex_exit
                0x200001f4       0x28 CMakeFiles/host_hid.dir/C_/Users/cotaa/Documents/Pico/pico-sdk/src/common/pico_sync/mutex.c.obj
                0x200001f4                mutex_exit
 *(.text*)
 .text          0x2000021c        0x4 c:/users/cotaa/documents/pico/pico-toolchain/gcc-arm-none-eabi-9-2019-q4-major-win32/bin/../lib/gcc/arm-none-eabi/9.2.1/thumb/v6-m/nofp\libgcc.a(_dvmd_tls.o)
                0x2000021c                __aeabi_idiv0
                0x2000021c                __aeabi_ldiv0
 .text.__stub   0x20000220       0x30 linker stubs
                0x20000250                . = ALIGN (0x4)
 *(.rodata*)
                0x20000250                . = ALIGN (0x4)
 *(.data*)
 .data.striped_spin_lock_num
                0x20000250        0x1 CMakeFiles/host_hid.dir/C_/Users/cotaa/Documents/Pico/pico-sdk/src/rp2_common/hardware_sync/sync.c.obj
 *fill*         0x20000251        0x3 
 .data          0x20000254       0x48 CMakeFiles/host_hid.dir/C_/Users/cotaa/Documents/Pico/pico-sdk/src/rp2_common/hardware_irq/irq_handler_chain.S.obj
                0x20000254                irq_handler_chain_slots
                0x20000284                irq_handler_chain_first_slot
                0x2000028e                irq_handler_chain_remove_tail
 *fill*         0x2000029c        0x4 
 .data.aeabi_bits_funcs
                0x200002a0       0x10 CMakeFiles/host_hid.dir/C_/Users/cotaa/Documents/Pico/pico-sdk/src/rp2_common/pico_bit_ops/bit_ops_aeabi.S.obj
                0x200002a0                aeabi_bits_funcs
                0x200002b0                aeabi_bits_funcs_end
 .data.aeabi_mem_funcs
                0x200002b0       0x10 CMakeFiles/host_hid.dir/C_/Users/cotaa/Documents/Pico/pico-sdk/src/rp2_common/pico_mem_ops/mem_ops_aeabi.S.obj
                0x200002b0                aeabi_mem_funcs
                0x200002c0                aeabi_mem_funcs_end
 .data.stdio_uart
                0x200002c0       0x14 CMakeFiles/host_hid.dir/C_/Users/cotaa/Documents/Pico/pico-sdk/src/rp2_common/pico_stdio_uart/stdio_uart.c.obj
                0x200002c0                stdio_uart
 .data.ep_dir_string
                0x200002d4        0x8 CMakeFiles/host_hid.dir/C_/Users/cotaa/Documents/Pico/pico-sdk/lib/tinyusb/src/portable/raspberrypi/rp2040/rp2040_usb.c.obj
                0x200002d4                ep_dir_string
 .data._usbh_qdef
                0x200002dc       0x20 CMakeFiles/host_hid.dir/C_/Users/cotaa/Documents/Pico/pico-sdk/lib/tinyusb/src/host/usbh.c.obj
                0x200002dc                _usbh_qdef
 .data._impure_ptr
                0x200002fc        0x4 c:/users/cotaa/documents/pico/pico-toolchain/gcc-arm-none-eabi-9-2019-q4-major-win32/bin/../lib/gcc/arm-none-eabi/9.2.1/../../../../arm-none-eabi/lib/thumb/v6-m/nofp\libc.a(lib_a-impure.o)
                0x200002fc                _impure_ptr
 .data.impure_data
                0x20000300      0x428 c:/users/cotaa/documents/pico/pico-toolchain/gcc-arm-none-eabi-9-2019-q4-major-win32/bin/../lib/gcc/arm-none-eabi/9.2.1/../../../../arm-none-eabi/lib/thumb/v6-m/nofp\libc.a(lib_a-impure.o)
 .data.__malloc_av_
                0x20000728      0x408 c:/users/cotaa/documents/pico/pico-toolchain/gcc-arm-none-eabi-9-2019-q4-major-win32/bin/../lib/gcc/arm-none-eabi/9.2.1/../../../../arm-none-eabi/lib/thumb/v6-m/nofp\libc.a(lib_a-mallocr.o)
                0x20000728                __malloc_av_
 .data.__malloc_sbrk_base
                0x20000b30        0x4 c:/users/cotaa/documents/pico/pico-toolchain/gcc-arm-none-eabi-9-2019-q4-major-win32/bin/../lib/gcc/arm-none-eabi/9.2.1/../../../../arm-none-eabi/lib/thumb/v6-m/nofp\libc.a(lib_a-mallocr.o)
                0x20000b30                __malloc_sbrk_base
 .data.__malloc_trim_threshold
                0x20000b34        0x4 c:/users/cotaa/documents/pico/pico-toolchain/gcc-arm-none-eabi-9-2019-q4-major-win32/bin/../lib/gcc/arm-none-eabi/9.2.1/../../../../arm-none-eabi/lib/thumb/v6-m/nofp\libc.a(lib_a-mallocr.o)
                0x20000b34                __malloc_trim_threshold
                0x20000b38                . = ALIGN (0x4)
 *(.after_data.*)
                0x20000b38                . = ALIGN (0x4)
                0x20000b38                PROVIDE (__mutex_array_start = .)
 *(SORT_BY_NAME(.mutex_array.*))
 *(.mutex_array)
 .mutex_array   0x20000b38        0x8 CMakeFiles/host_hid.dir/C_/Users/cotaa/Documents/Pico/pico-sdk/src/rp2_common/pico_stdio/stdio.c.obj
                0x20000b40                PROVIDE (__mutex_array_end = .)
                0x20000b40                . = ALIGN (0x4)
                0x20000b40                PROVIDE (__preinit_array_start = .)
 *(SORT_BY_NAME(.preinit_array.*))
 .preinit_array.00001
                0x20000b40        0x4 CMakeFiles/host_hid.dir/C_/Users/cotaa/Documents/Pico/pico-sdk/src/rp2_common/pico_mem_ops/mem_ops_aeabi.S.obj
 .preinit_array.00010
                0x20000b44        0x4 CMakeFiles/host_hid.dir/C_/Users/cotaa/Documents/Pico/pico-sdk/src/rp2_common/pico_bit_ops/bit_ops_aeabi.S.obj
 .preinit_array.00020
                0x20000b48        0x4 CMakeFiles/host_hid.dir/C_/Users/cotaa/Documents/Pico/pico-sdk/src/rp2_common/pico_double/double_aeabi.S.obj
 .preinit_array.00020
                0x20000b4c        0x4 CMakeFiles/host_hid.dir/C_/Users/cotaa/Documents/Pico/pico-sdk/src/rp2_common/pico_float/float_aeabi.S.obj
 *(.preinit_array)
                0x20000b50                PROVIDE (__preinit_array_end = .)
                0x20000b50                . = ALIGN (0x4)
                0x20000b50                PROVIDE (__init_array_start = .)
 *(SORT_BY_NAME(.init_array.*))
 *(.init_array)
 .init_array    0x20000b50        0x4 c:/users/cotaa/documents/pico/pico-toolchain/gcc-arm-none-eabi-9-2019-q4-major-win32/bin/../lib/gcc/arm-none-eabi/9.2.1/thumb/v6-m/nofp/crtbegin.o
                0x20000b54                PROVIDE (__init_array_end = .)
                0x20000b54                . = ALIGN (0x4)
                [!provide]                PROVIDE (__fini_array_start = .)
 *(SORT_BY_NAME(.fini_array.*))
 *(.fini_array)
                [!provide]                PROVIDE (__fini_array_end = .)
 *(.jcr)
                0x20000b54                . = ALIGN (0x4)
                0x20000b54                __data_end__ = .

.igot.plt       0x20000b54        0x0 load address 0x10008b8c
 .igot.plt      0x20000b54        0x0 c:/users/cotaa/documents/pico/pico-toolchain/gcc-arm-none-eabi-9-2019-q4-major-win32/bin/../lib/gcc/arm-none-eabi/9.2.1/thumb/v6-m/nofp/crtbegin.o

.uninitialized_data
                0x20000b54        0x0 load address 0x10008b8c
                0x20000b54                . = ALIGN (0x4)
 *(.uninitialized_data*)

.scratch_x      0x20040000        0x0 load address 0x10008b8c
                0x20040000                __scratch_x_start__ = .
 *(.scratch_x.*)
                0x20040000                . = ALIGN (0x4)
                0x20040000                __scratch_x_end__ = .
                0x10008b8c                __scratch_x_source__ = LOADADDR (.scratch_x)

.scratch_y      0x20041000        0x0 load address 0x10008b8c
                0x20041000                __scratch_y_start__ = .
 *(.scratch_y.*)
                0x20041000                . = ALIGN (0x4)
                0x20041000                __scratch_y_end__ = .
                0x10008b8c                __scratch_y_source__ = LOADADDR (.scratch_y)

.bss            0x20000b54      0xb04
                0x20000b54                . = ALIGN (0x4)
                0x20000b54                __bss_start__ = .
 *(SORT_BY_ALIGNMENT(SORT_BY_NAME(.bss*)))
 .bss           0x20000b54       0x1c c:/users/cotaa/documents/pico/pico-toolchain/gcc-arm-none-eabi-9-2019-q4-major-win32/bin/../lib/gcc/arm-none-eabi/9.2.1/thumb/v6-m/nofp/crtbegin.o
 .bss.__malloc_current_mallinfo
                0x20000b70       0x28 c:/users/cotaa/documents/pico/pico-toolchain/gcc-arm-none-eabi-9-2019-q4-major-win32/bin/../lib/gcc/arm-none-eabi/9.2.1/../../../../arm-none-eabi/lib/thumb/v6-m/nofp\libc.a(lib_a-mallocr.o)
                0x20000b70                __malloc_current_mallinfo
 .bss.__malloc_max_sbrked_mem
                0x20000b98        0x4 c:/users/cotaa/documents/pico/pico-toolchain/gcc-arm-none-eabi-9-2019-q4-major-win32/bin/../lib/gcc/arm-none-eabi/9.2.1/../../../../arm-none-eabi/lib/thumb/v6-m/nofp\libc.a(lib_a-mallocr.o)
                0x20000b98                __malloc_max_sbrked_mem
 .bss.__malloc_max_total_mem
                0x20000b9c        0x4 c:/users/cotaa/documents/pico/pico-toolchain/gcc-arm-none-eabi-9-2019-q4-major-win32/bin/../lib/gcc/arm-none-eabi/9.2.1/../../../../arm-none-eabi/lib/thumb/v6-m/nofp\libc.a(lib_a-mallocr.o)
                0x20000b9c                __malloc_max_total_mem
 .bss.__malloc_top_pad
                0x20000ba0        0x4 c:/users/cotaa/documents/pico/pico-toolchain/gcc-arm-none-eabi-9-2019-q4-major-win32/bin/../lib/gcc/arm-none-eabi/9.2.1/../../../../arm-none-eabi/lib/thumb/v6-m/nofp\libc.a(lib_a-mallocr.o)
                0x20000ba0                __malloc_top_pad
 .bss._ctrl_xfer
                0x20000ba4       0x14 CMakeFiles/host_hid.dir/C_/Users/cotaa/Documents/Pico/pico-sdk/lib/tinyusb/src/host/usbh_control.c.obj
 .bss._hub_buffer
                0x20000bb8        0x9 CMakeFiles/host_hid.dir/C_/Users/cotaa/Documents/Pico/pico-sdk/lib/tinyusb/src/host/hub.c.obj
 *fill*         0x20000bc1        0x3 
 .bss._usbh_ctrl_buf
                0x20000bc4      0x100 CMakeFiles/host_hid.dir/C_/Users/cotaa/Documents/Pico/pico-sdk/lib/tinyusb/src/host/usbh.c.obj
 .bss._usbh_q   0x20000cc4        0x4 CMakeFiles/host_hid.dir/C_/Users/cotaa/Documents/Pico/pico-sdk/lib/tinyusb/src/host/usbh.c.obj
 .bss.alarm_callbacks
                0x20000cc8       0x10 CMakeFiles/host_hid.dir/C_/Users/cotaa/Documents/Pico/pico-sdk/src/rp2_common/hardware_timer/timer.c.obj
 .bss.claimed   0x20000cd8        0x4 CMakeFiles/host_hid.dir/C_/Users/cotaa/Documents/Pico/pico-sdk/src/rp2_common/hardware_sync/sync.c.obj
 .bss.configured_freq
                0x20000cdc       0x28 CMakeFiles/host_hid.dir/C_/Users/cotaa/Documents/Pico/pico-sdk/src/rp2_common/hardware_clocks/clocks.c.obj
 .bss.default_alarm_pool
                0x20000d04        0x4 CMakeFiles/host_hid.dir/C_/Users/cotaa/Documents/Pico/pico-sdk/src/common/pico_time/time.c.obj
 .bss.drivers   0x20000d08        0x4 CMakeFiles/host_hid.dir/C_/Users/cotaa/Documents/Pico/pico-sdk/src/rp2_common/pico_stdio/stdio.c.obj
 .bss.filter    0x20000d0c        0x4 CMakeFiles/host_hid.dir/C_/Users/cotaa/Documents/Pico/pico-sdk/src/rp2_common/pico_stdio/stdio.c.obj
 .bss.heap_end.5770
                0x20000d10        0x4 CMakeFiles/host_hid.dir/C_/Users/cotaa/Documents/Pico/pico-sdk/src/rp2_common/pico_runtime/runtime.c.obj
 .bss.hub_data  0x20000d14       0x28 CMakeFiles/host_hid.dir/C_/Users/cotaa/Documents/Pico/pico-sdk/lib/tinyusb/src/host/hub.c.obj
 .bss.keyboardh_data
                0x20000d3c       0x1e CMakeFiles/host_hid.dir/C_/Users/cotaa/Documents/Pico/pico-sdk/lib/tinyusb/src/class/hid/hid_host.c.obj
 *fill*         0x20000d5a        0x2 
 .bss.lazy_vsnprintf
                0x20000d5c        0x4 CMakeFiles/host_hid.dir/C_/Users/cotaa/Documents/Pico/pico-sdk/src/rp2_common/pico_printf/printf.c.obj
 .bss.mouseh_data
                0x20000d60       0x1e CMakeFiles/host_hid.dir/C_/Users/cotaa/Documents/Pico/pico-sdk/lib/tinyusb/src/class/hid/hid_host.c.obj
 *fill*         0x20000d7e        0x2 
 .bss.pools     0x20000d80       0x10 CMakeFiles/host_hid.dir/C_/Users/cotaa/Documents/Pico/pico-sdk/src/common/pico_time/time.c.obj
 .bss.prev_report.7363
                0x20000d90        0x8 CMakeFiles/host_hid.dir/host_hid.c.obj
 .bss.start_ms.7409
                0x20000d98        0x4 CMakeFiles/host_hid.dir/host_hid.c.obj
 .bss.target_hi
                0x20000d9c       0x10 CMakeFiles/host_hid.dir/C_/Users/cotaa/Documents/Pico/pico-sdk/src/rp2_common/hardware_timer/timer.c.obj
 .bss.usb_keyboard_report
                0x20000dac        0x8 CMakeFiles/host_hid.dir/host_hid.c.obj
 .bss.usb_mouse_report
                0x20000db4        0x5 CMakeFiles/host_hid.dir/host_hid.c.obj
 .bss._initialized
                0x20000db9        0x1 CMakeFiles/host_hid.dir/C_/Users/cotaa/Documents/Pico/pico-sdk/lib/tinyusb/src/tusb.c.obj
 .bss.claimed   0x20000dba        0x1 CMakeFiles/host_hid.dir/C_/Users/cotaa/Documents/Pico/pico-sdk/src/rp2_common/hardware_timer/timer.c.obj
 .bss.irq_hander_chain_free_slot_head
                0x20000dbb        0x1 CMakeFiles/host_hid.dir/C_/Users/cotaa/Documents/Pico/pico-sdk/src/rp2_common/hardware_irq/irq.c.obj
 .bss.led_state.7410
                0x20000dbc        0x1 CMakeFiles/host_hid.dir/host_hid.c.obj
 .bss.timer_callbacks_pending
                0x20000dbd        0x1 CMakeFiles/host_hid.dir/C_/Users/cotaa/Documents/Pico/pico-sdk/src/rp2_common/hardware_timer/timer.c.obj
 *(COMMON)
 *fill*         0x20000dbe        0x2 
 COMMON         0x20000dc0        0x4 CMakeFiles/host_hid.dir/C_/Users/cotaa/Documents/Pico/pico-sdk/src/rp2_common/hardware_uart/uart.c.obj
                0x20000dc0                uart_char_to_line_feed
 COMMON         0x20000dc4      0x100 CMakeFiles/host_hid.dir/C_/Users/cotaa/Documents/Pico/pico-sdk/src/rp2_common/pico_double/double_init_rom.c.obj
                0x20000dc4                sd_table
 COMMON         0x20000ec4      0x104 CMakeFiles/host_hid.dir/C_/Users/cotaa/Documents/Pico/pico-sdk/src/rp2_common/pico_float/float_init_rom.c.obj
                0x20000ec4                sf_table
                0x20000fc4                sf_clz_func
 COMMON         0x20000fc8      0x3e0 CMakeFiles/host_hid.dir/C_/Users/cotaa/Documents/Pico/pico-sdk/lib/tinyusb/src/portable/raspberrypi/rp2040/hcd_rp2040.c.obj
                0x20000fc8                dev_ep_map
                0x20001068                eps
 COMMON         0x200013a8      0x288 CMakeFiles/host_hid.dir/C_/Users/cotaa/Documents/Pico/pico-sdk/lib/tinyusb/src/host/usbh.c.obj
                0x200013a8                _usbh_qdef_buf
                0x20001468                _usbh_devices
 COMMON         0x20001630       0x21 c:/users/cotaa/documents/pico/pico-toolchain/gcc-arm-none-eabi-9-2019-q4-major-win32/bin/../lib/gcc/arm-none-eabi/9.2.1/../../../../arm-none-eabi/lib/thumb/v6-m/nofp\libc.a(lib_a-lock.o)
                0x20001630                __lock___atexit_recursive_mutex
                0x20001634                __lock___arc4random_mutex
                0x20001638                __lock___env_recursive_mutex
                0x2000163c                __lock___sinit_recursive_mutex
                0x20001640                __lock___malloc_recursive_mutex
                0x20001644                __lock___at_quick_exit_mutex
                0x20001648                __lock___dd_hash_mutex
                0x2000164c                __lock___tz_mutex
                0x20001650                __lock___sfp_recursive_mutex
 *fill*         0x20001651        0x3 
 COMMON         0x20001654        0x4 c:/users/cotaa/documents/pico/pico-toolchain/gcc-arm-none-eabi-9-2019-q4-major-win32/bin/../lib/gcc/arm-none-eabi/9.2.1/../../../../arm-none-eabi/lib/thumb/v6-m/nofp\libc.a(lib_a-reent.o)
                0x20001654                errno
                0x20001658                . = ALIGN (0x4)
                0x20001658                __bss_end__ = .

.heap           0x20001658      0x800
                0x20001658                __end__ = .
                0x20001658                end = __end__
 *(.heap*)
 .heap          0x20001658      0x800 CMakeFiles/host_hid.dir/C_/Users/cotaa/Documents/Pico/pico-sdk/src/rp2_common/pico_standard_link/crt0.S.obj
                0x20001e58                __HeapLimit = .

.stack1_dummy   0x20040000        0x0
 *(.stack1*)

.stack_dummy    0x20041000      0x800
 *(.stack*)
 .stack         0x20041000      0x800 CMakeFiles/host_hid.dir/C_/Users/cotaa/Documents/Pico/pico-sdk/src/rp2_common/pico_standard_link/crt0.S.obj

.flash_end      0x10008b8c        0x0
                0x10008b8c                __flash_binary_end = .
                0x20040000                __StackLimit = (ORIGIN (RAM) + LENGTH (RAM))
                0x20041000                __StackOneTop = (ORIGIN (SCRATCH_X) + LENGTH (SCRATCH_X))
                0x20042000                __StackTop = (ORIGIN (SCRATCH_Y) + LENGTH (SCRATCH_Y))
                0x20041000                __StackOneBottom = (__StackOneTop - SIZEOF (.stack1_dummy))
                0x20041800                __StackBottom = (__StackTop - SIZEOF (.stack_dummy))
                0x20042000                PROVIDE (__stack = __StackTop)
                0x00000001                ASSERT ((__StackLimit >= __HeapLimit), region RAM overflowed)
LOAD CMakeFiles/host_hid.dir/host_hid.c.obj
LOAD CMakeFiles/host_hid.dir/C_/Users/cotaa/Documents/Pico/pico-sdk/src/rp2_common/pico_stdlib/stdlib.c.obj
LOAD CMakeFiles/host_hid.dir/C_/Users/cotaa/Documents/Pico/pico-sdk/src/rp2_common/hardware_gpio/gpio.c.obj
LOAD CMakeFiles/host_hid.dir/C_/Users/cotaa/Documents/Pico/pico-sdk/src/rp2_common/hardware_claim/claim.c.obj
LOAD CMakeFiles/host_hid.dir/C_/Users/cotaa/Documents/Pico/pico-sdk/src/rp2_common/hardware_sync/sync.c.obj
LOAD CMakeFiles/host_hid.dir/C_/Users/cotaa/Documents/Pico/pico-sdk/src/rp2_common/pico_platform/platform.c.obj
LOAD CMakeFiles/host_hid.dir/C_/Users/cotaa/Documents/Pico/pico-sdk/src/rp2_common/hardware_uart/uart.c.obj
LOAD CMakeFiles/host_hid.dir/C_/Users/cotaa/Documents/Pico/pico-sdk/src/rp2_common/hardware_divider/divider.S.obj
LOAD CMakeFiles/host_hid.dir/C_/Users/cotaa/Documents/Pico/pico-sdk/src/common/pico_time/time.c.obj
LOAD CMakeFiles/host_hid.dir/C_/Users/cotaa/Documents/Pico/pico-sdk/src/common/pico_time/timeout_helper.c.obj
LOAD CMakeFiles/host_hid.dir/C_/Users/cotaa/Documents/Pico/pico-sdk/src/rp2_common/hardware_timer/timer.c.obj
LOAD CMakeFiles/host_hid.dir/C_/Users/cotaa/Documents/Pico/pico-sdk/src/common/pico_sync/sem.c.obj
LOAD CMakeFiles/host_hid.dir/C_/Users/cotaa/Documents/Pico/pico-sdk/src/common/pico_sync/lock_core.c.obj
LOAD CMakeFiles/host_hid.dir/C_/Users/cotaa/Documents/Pico/pico-sdk/src/common/pico_sync/mutex.c.obj
LOAD CMakeFiles/host_hid.dir/C_/Users/cotaa/Documents/Pico/pico-sdk/src/common/pico_sync/critical_section.c.obj
LOAD CMakeFiles/host_hid.dir/C_/Users/cotaa/Documents/Pico/pico-sdk/src/common/pico_util/datetime.c.obj
LOAD CMakeFiles/host_hid.dir/C_/Users/cotaa/Documents/Pico/pico-sdk/src/common/pico_util/pheap.c.obj
LOAD CMakeFiles/host_hid.dir/C_/Users/cotaa/Documents/Pico/pico-sdk/src/common/pico_util/queue.c.obj
LOAD CMakeFiles/host_hid.dir/C_/Users/cotaa/Documents/Pico/pico-sdk/src/rp2_common/pico_runtime/runtime.c.obj
LOAD CMakeFiles/host_hid.dir/C_/Users/cotaa/Documents/Pico/pico-sdk/src/rp2_common/hardware_clocks/clocks.c.obj
LOAD CMakeFiles/host_hid.dir/C_/Users/cotaa/Documents/Pico/pico-sdk/src/rp2_common/hardware_watchdog/watchdog.c.obj
LOAD CMakeFiles/host_hid.dir/C_/Users/cotaa/Documents/Pico/pico-sdk/src/rp2_common/hardware_xosc/xosc.c.obj
LOAD CMakeFiles/host_hid.dir/C_/Users/cotaa/Documents/Pico/pico-sdk/src/rp2_common/hardware_pll/pll.c.obj
LOAD CMakeFiles/host_hid.dir/C_/Users/cotaa/Documents/Pico/pico-sdk/src/rp2_common/hardware_vreg/vreg.c.obj
LOAD CMakeFiles/host_hid.dir/C_/Users/cotaa/Documents/Pico/pico-sdk/src/rp2_common/hardware_irq/irq.c.obj
LOAD CMakeFiles/host_hid.dir/C_/Users/cotaa/Documents/Pico/pico-sdk/src/rp2_common/hardware_irq/irq_handler_chain.S.obj
LOAD CMakeFiles/host_hid.dir/C_/Users/cotaa/Documents/Pico/pico-sdk/src/rp2_common/pico_printf/printf.c.obj
LOAD CMakeFiles/host_hid.dir/C_/Users/cotaa/Documents/Pico/pico-sdk/src/rp2_common/pico_bit_ops/bit_ops_aeabi.S.obj
LOAD CMakeFiles/host_hid.dir/C_/Users/cotaa/Documents/Pico/pico-sdk/src/rp2_common/pico_bootrom/bootrom.c.obj
LOAD CMakeFiles/host_hid.dir/C_/Users/cotaa/Documents/Pico/pico-sdk/src/rp2_common/pico_divider/divider.S.obj
LOAD CMakeFiles/host_hid.dir/C_/Users/cotaa/Documents/Pico/pico-sdk/src/rp2_common/pico_double/double_aeabi.S.obj
LOAD CMakeFiles/host_hid.dir/C_/Users/cotaa/Documents/Pico/pico-sdk/src/rp2_common/pico_double/double_init_rom.c.obj
LOAD CMakeFiles/host_hid.dir/C_/Users/cotaa/Documents/Pico/pico-sdk/src/rp2_common/pico_double/double_math.c.obj
LOAD CMakeFiles/host_hid.dir/C_/Users/cotaa/Documents/Pico/pico-sdk/src/rp2_common/pico_double/double_v1_rom_shim.S.obj
LOAD CMakeFiles/host_hid.dir/C_/Users/cotaa/Documents/Pico/pico-sdk/src/rp2_common/pico_int64_ops/pico_int64_ops_aeabi.S.obj
LOAD CMakeFiles/host_hid.dir/C_/Users/cotaa/Documents/Pico/pico-sdk/src/rp2_common/pico_float/float_aeabi.S.obj
LOAD CMakeFiles/host_hid.dir/C_/Users/cotaa/Documents/Pico/pico-sdk/src/rp2_common/pico_float/float_init_rom.c.obj
LOAD CMakeFiles/host_hid.dir/C_/Users/cotaa/Documents/Pico/pico-sdk/src/rp2_common/pico_float/float_math.c.obj
LOAD CMakeFiles/host_hid.dir/C_/Users/cotaa/Documents/Pico/pico-sdk/src/rp2_common/pico_float/float_v1_rom_shim.S.obj
LOAD CMakeFiles/host_hid.dir/C_/Users/cotaa/Documents/Pico/pico-sdk/src/rp2_common/pico_malloc/pico_malloc.c.obj
LOAD CMakeFiles/host_hid.dir/C_/Users/cotaa/Documents/Pico/pico-sdk/src/rp2_common/pico_mem_ops/mem_ops_aeabi.S.obj
LOAD CMakeFiles/host_hid.dir/C_/Users/cotaa/Documents/Pico/pico-sdk/src/rp2_common/pico_standard_link/crt0.S.obj
LOAD CMakeFiles/host_hid.dir/C_/Users/cotaa/Documents/Pico/pico-sdk/src/rp2_common/pico_standard_link/new_delete.cpp.obj
LOAD CMakeFiles/host_hid.dir/C_/Users/cotaa/Documents/Pico/pico-sdk/src/rp2_common/pico_standard_link/binary_info.c.obj
LOAD CMakeFiles/host_hid.dir/C_/Users/cotaa/Documents/Pico/pico-sdk/src/rp2_common/pico_stdio/stdio.c.obj
LOAD CMakeFiles/host_hid.dir/C_/Users/cotaa/Documents/Pico/pico-sdk/src/rp2_common/pico_stdio_uart/stdio_uart.c.obj
LOAD CMakeFiles/host_hid.dir/C_/Users/cotaa/Documents/Pico/pico-sdk/lib/tinyusb/src/portable/raspberrypi/rp2040/hcd_rp2040.c.obj
LOAD CMakeFiles/host_hid.dir/C_/Users/cotaa/Documents/Pico/pico-sdk/lib/tinyusb/src/portable/raspberrypi/rp2040/rp2040_usb.c.obj
LOAD CMakeFiles/host_hid.dir/C_/Users/cotaa/Documents/Pico/pico-sdk/lib/tinyusb/src/host/usbh.c.obj
LOAD CMakeFiles/host_hid.dir/C_/Users/cotaa/Documents/Pico/pico-sdk/lib/tinyusb/src/host/usbh_control.c.obj
LOAD CMakeFiles/host_hid.dir/C_/Users/cotaa/Documents/Pico/pico-sdk/lib/tinyusb/src/host/hub.c.obj
LOAD CMakeFiles/host_hid.dir/C_/Users/cotaa/Documents/Pico/pico-sdk/lib/tinyusb/src/class/cdc/cdc_host.c.obj
LOAD CMakeFiles/host_hid.dir/C_/Users/cotaa/Documents/Pico/pico-sdk/lib/tinyusb/src/class/hid/hid_host.c.obj
LOAD CMakeFiles/host_hid.dir/C_/Users/cotaa/Documents/Pico/pico-sdk/lib/tinyusb/src/class/msc/msc_host.c.obj
LOAD CMakeFiles/host_hid.dir/C_/Users/cotaa/Documents/Pico/pico-sdk/lib/tinyusb/src/class/vendor/vendor_host.c.obj
LOAD CMakeFiles/host_hid.dir/C_/Users/cotaa/Documents/Pico/pico-sdk/lib/tinyusb/src/tusb.c.obj
LOAD CMakeFiles/host_hid.dir/C_/Users/cotaa/Documents/Pico/pico-sdk/lib/tinyusb/src/common/tusb_fifo.c.obj
LOAD CMakeFiles/host_hid.dir/C_/Users/cotaa/Documents/Pico/pico-sdk/lib/tinyusb/hw/bsp/raspberry_pi_pico/board_raspberry_pi_pico.c.obj
LOAD C:\Users\cotaa\AppData\Local\Temp\ccqhxhF1.o
LOAD c:/users/cotaa/documents/pico/pico-toolchain/gcc-arm-none-eabi-9-2019-q4-major-win32/bin/../lib/gcc/arm-none-eabi/9.2.1/../../../../arm-none-eabi/lib/thumb/v6-m/nofp\libstdc++.a
LOAD c:/users/cotaa/documents/pico/pico-toolchain/gcc-arm-none-eabi-9-2019-q4-major-win32/bin/../lib/gcc/arm-none-eabi/9.2.1/../../../../arm-none-eabi/lib/thumb/v6-m/nofp\libm.a
START GROUP
LOAD c:/users/cotaa/documents/pico/pico-toolchain/gcc-arm-none-eabi-9-2019-q4-major-win32/bin/../lib/gcc/arm-none-eabi/9.2.1/thumb/v6-m/nofp\libgcc.a
LOAD c:/users/cotaa/documents/pico/pico-toolchain/gcc-arm-none-eabi-9-2019-q4-major-win32/bin/../lib/gcc/arm-none-eabi/9.2.1/../../../../arm-none-eabi/lib/thumb/v6-m/nofp\libc.a
END GROUP
START GROUP
LOAD c:/users/cotaa/documents/pico/pico-toolchain/gcc-arm-none-eabi-9-2019-q4-major-win32/bin/../lib/gcc/arm-none-eabi/9.2.1/thumb/v6-m/nofp\libgcc.a
LOAD c:/users/cotaa/documents/pico/pico-toolchain/gcc-arm-none-eabi-9-2019-q4-major-win32/bin/../lib/gcc/arm-none-eabi/9.2.1/../../../../arm-none-eabi/lib/thumb/v6-m/nofp\libc.a
LOAD c:/users/cotaa/documents/pico/pico-toolchain/gcc-arm-none-eabi-9-2019-q4-major-win32/bin/../lib/gcc/arm-none-eabi/9.2.1/../../../../arm-none-eabi/lib/thumb/v6-m/nofp\libnosys.a
END GROUP
LOAD c:/users/cotaa/documents/pico/pico-toolchain/gcc-arm-none-eabi-9-2019-q4-major-win32/bin/../lib/gcc/arm-none-eabi/9.2.1/thumb/v6-m/nofp/crtend.o
LOAD c:/users/cotaa/documents/pico/pico-toolchain/gcc-arm-none-eabi-9-2019-q4-major-win32/bin/../lib/gcc/arm-none-eabi/9.2.1/thumb/v6-m/nofp/crtn.o
OUTPUT(host_hid.elf elf32-littlearm)

.ARM.attributes
                0x00000000       0x28
 .ARM.attributes