Archive member included to satisfy reference by file (symbol)

c:/users/cotaa/documents/pico/pico-toolchain/gcc-arm-none-eabi-9-2019-q4-major-win32/bin/../lib/gcc/arm-none-eabi/9.2.1/thumb/v6-m/nofp\libgcc.a(_dvmd_tls.o)
                              CMakeFiles/spi_flash.dir/C_/Users/cotaa/Documents/Pico/pico-sdk/src/rp2_common/pico_divider/divider.S.obj (__aeabi_idiv0)
c:/users/cotaa/documents/pico/pico-toolchain/gcc-arm-none-eabi-9-2019-q4-major-win32/bin/../lib/gcc/arm-none-eabi/9.2.1/../../../../arm-none-eabi/lib/thumb/v6-m/nofp\libc.a(lib_a-calloc.o)
                              CMakeFiles/spi_flash.dir/C_/Users/cotaa/Documents/Pico/pico-sdk/src/rp2_common/pico_malloc/pico_malloc.c.obj (calloc)
c:/users/cotaa/documents/pico/pico-toolchain/gcc-arm-none-eabi-9-2019-q4-major-win32/bin/../lib/gcc/arm-none-eabi/9.2.1/../../../../arm-none-eabi/lib/thumb/v6-m/nofp\libc.a(lib_a-callocr.o)
                              c:/users/cotaa/documents/pico/pico-toolchain/gcc-arm-none-eabi-9-2019-q4-major-win32/bin/../lib/gcc/arm-none-eabi/9.2.1/../../../../arm-none-eabi/lib/thumb/v6-m/nofp\libc.a(lib_a-calloc.o) (_calloc_r)
c:/users/cotaa/documents/pico/pico-toolchain/gcc-arm-none-eabi-9-2019-q4-major-win32/bin/../lib/gcc/arm-none-eabi/9.2.1/../../../../arm-none-eabi/lib/thumb/v6-m/nofp\libc.a(lib_a-impure.o)
                              c:/users/cotaa/documents/pico/pico-toolchain/gcc-arm-none-eabi-9-2019-q4-major-win32/bin/../lib/gcc/arm-none-eabi/9.2.1/../../../../arm-none-eabi/lib/thumb/v6-m/nofp\libc.a(lib_a-calloc.o) (_impure_ptr)
c:/users/cotaa/documents/pico/pico-toolchain/gcc-arm-none-eabi-9-2019-q4-major-win32/bin/../lib/gcc/arm-none-eabi/9.2.1/../../../../arm-none-eabi/lib/thumb/v6-m/nofp\libc.a(lib_a-init.o)
                              c:/users/cotaa/documents/pico/pico-toolchain/gcc-arm-none-eabi-9-2019-q4-major-win32/bin/../lib/gcc/arm-none-eabi/9.2.1/../../../../arm-none-eabi/lib/thumb/v6-m/nofp/crt0.o (__libc_init_array)
c:/users/cotaa/documents/pico/pico-toolchain/gcc-arm-none-eabi-9-2019-q4-major-win32/bin/../lib/gcc/arm-none-eabi/9.2.1/../../../../arm-none-eabi/lib/thumb/v6-m/nofp\libc.a(lib_a-malloc.o)
                              CMakeFiles/spi_flash.dir/C_/Users/cotaa/Documents/Pico/pico-sdk/src/rp2_common/pico_malloc/pico_malloc.c.obj (malloc)
c:/users/cotaa/documents/pico/pico-toolchain/gcc-arm-none-eabi-9-2019-q4-major-win32/bin/../lib/gcc/arm-none-eabi/9.2.1/../../../../arm-none-eabi/lib/thumb/v6-m/nofp\libc.a(lib_a-mallocr.o)
                              c:/users/cotaa/documents/pico/pico-toolchain/gcc-arm-none-eabi-9-2019-q4-major-win32/bin/../lib/gcc/arm-none-eabi/9.2.1/../../../../arm-none-eabi/lib/thumb/v6-m/nofp\libc.a(lib_a-callocr.o) (_malloc_r)
c:/users/cotaa/documents/pico/pico-toolchain/gcc-arm-none-eabi-9-2019-q4-major-win32/bin/../lib/gcc/arm-none-eabi/9.2.1/../../../../arm-none-eabi/lib/thumb/v6-m/nofp\libc.a(lib_a-mlock.o)
                              c:/users/cotaa/documents/pico/pico-toolchain/gcc-arm-none-eabi-9-2019-q4-major-win32/bin/../lib/gcc/arm-none-eabi/9.2.1/../../../../arm-none-eabi/lib/thumb/v6-m/nofp\libc.a(lib_a-mallocr.o) (__malloc_lock)
c:/users/cotaa/documents/pico/pico-toolchain/gcc-arm-none-eabi-9-2019-q4-major-win32/bin/../lib/gcc/arm-none-eabi/9.2.1/../../../../arm-none-eabi/lib/thumb/v6-m/nofp\libc.a(lib_a-sbrkr.o)
                              c:/users/cotaa/documents/pico/pico-toolchain/gcc-arm-none-eabi-9-2019-q4-major-win32/bin/../lib/gcc/arm-none-eabi/9.2.1/../../../../arm-none-eabi/lib/thumb/v6-m/nofp\libc.a(lib_a-mallocr.o) (_sbrk_r)
c:/users/cotaa/documents/pico/pico-toolchain/gcc-arm-none-eabi-9-2019-q4-major-win32/bin/../lib/gcc/arm-none-eabi/9.2.1/../../../../arm-none-eabi/lib/thumb/v6-m/nofp\libc.a(lib_a-strlen-stub.o)
                              CMakeFiles/spi_flash.dir/C_/Users/cotaa/Documents/Pico/pico-sdk/src/rp2_common/pico_stdio/stdio.c.obj (strlen)
c:/users/cotaa/documents/pico/pico-toolchain/gcc-arm-none-eabi-9-2019-q4-major-win32/bin/../lib/gcc/arm-none-eabi/9.2.1/../../../../arm-none-eabi/lib/thumb/v6-m/nofp\libc.a(lib_a-freer.o)
                              c:/users/cotaa/documents/pico/pico-toolchain/gcc-arm-none-eabi-9-2019-q4-major-win32/bin/../lib/gcc/arm-none-eabi/9.2.1/../../../../arm-none-eabi/lib/thumb/v6-m/nofp\libc.a(lib_a-malloc.o) (_free_r)
c:/users/cotaa/documents/pico/pico-toolchain/gcc-arm-none-eabi-9-2019-q4-major-win32/bin/../lib/gcc/arm-none-eabi/9.2.1/../../../../arm-none-eabi/lib/thumb/v6-m/nofp\libc.a(lib_a-lock.o)
                              c:/users/cotaa/documents/pico/pico-toolchain/gcc-arm-none-eabi-9-2019-q4-major-win32/bin/../lib/gcc/arm-none-eabi/9.2.1/../../../../arm-none-eabi/lib/thumb/v6-m/nofp\libc.a(lib_a-mlock.o) (__retarget_lock_acquire_recursive)
c:/users/cotaa/documents/pico/pico-toolchain/gcc-arm-none-eabi-9-2019-q4-major-win32/bin/../lib/gcc/arm-none-eabi/9.2.1/../../../../arm-none-eabi/lib/thumb/v6-m/nofp\libc.a(lib_a-reent.o)
[...]
Memory Configuration

Name             Origin             Length             Attributes
FLASH            0x10000000         0x00200000         xr
RAM              0x20000000         0x00040000         xrw
SCRATCH_X        0x20040000         0x00001000         xrw
SCRATCH_Y        0x20041000         0x00001000         xrw
*default*        0x00000000         0xffffffff

Linker script and memory map

LOAD c:/users/cotaa/documents/pico/pico-toolchain/gcc-arm-none-eabi-9-2019-q4-major-win32/bin/../lib/gcc/arm-none-eabi/9.2.1/thumb/v6-m/nofp/crti.o
LOAD c:/users/cotaa/documents/pico/pico-toolchain/gcc-arm-none-eabi-9-2019-q4-major-win32/bin/../lib/gcc/arm-none-eabi/9.2.1/thumb/v6-m/nofp/crtbegin.o
LOAD c:/users/cotaa/documents/pico/pico-toolchain/gcc-arm-none-eabi-9-2019-q4-major-win32/bin/../lib/gcc/arm-none-eabi/9.2.1/../../../../arm-none-eabi/lib/thumb/v6-m/nofp/crt0.o

.flash_begin    0x10000000        0x0
                0x10000000                __flash_binary_start = .

.boot2          0x10000000      0x100
                0x10000000                __boot2_start__ = .
 *(.boot2)
 .boot2         0x10000000      0x100 C:\Users\cotaa\AppData\Local\Temp\cceoLUCa.o
                0x10000100                __boot2_end__ = .
                0x00000001                ASSERT (((__boot2_end__ - __boot2_start__) == 0x100), ERROR: Pico second stage bootloader must be 256 bytes in size)

.text           0x10000100     0x4b00
                0x10000100                __reset_start = .
 *(.reset)
 .reset         0x10000100       0xc4 CMakeFiles/spi_flash.dir/C_/Users/cotaa/Documents/Pico/pico-sdk/src/rp2_common/pico_standard_link/crt0.S.obj
                0x10000104                _entry_point
                0x10000196                __get_current_exception
 .reset         0x100001c4       0x30 CMakeFiles/spi_flash.dir/C_/Users/cotaa/Documents/Pico/pico-sdk/src/rp2_common/pico_standard_link/binary_info.c.obj
                0x10000200                . = ALIGN (0x100)
 *fill*         0x100001f4        0xc 
                0x10000200                __reset_end = .
                0x00000001                ASSERT (((__reset_end - __reset_start) == 0x100), ERROR: reset section should only be 256 bytes)
 *(.vectors)
 .vectors       0x10000200       0xd4 CMakeFiles/spi_flash.dir/C_/Users/cotaa/Documents/Pico/pico-sdk/src/rp2_common/pico_standard_link/crt0.S.obj
                0x10000200                __vectors
                0x100002c0                isr_invalid
                0x100002c2                isr_nmi
                0x100002c4                isr_hardfault
                0x100002c6                isr_svcall
                0x100002c8                isr_pendsv
                0x100002ca                isr_systick
                0x100002cc                isr_irq11
                0x100002cc                isr_irq5
                0x100002cc                isr_irq23
                0x100002cc                isr_irq18
                0x100002cc                isr_irq31
                0x100002cc                isr_irq28
                0x100002cc                isr_irq19
                0x100002cc                isr_irq0
                0x100002cc                isr_irq6
                0x100002cc                isr_irq27
                0x100002cc                isr_irq12
                0x100002cc                isr_irq22
                0x100002cc                isr_irq13
                0x100002cc                isr_irq17
                0x100002cc                isr_irq14
                0x100002cc                isr_irq2
                0x100002cc                isr_irq10
                0x100002cc                isr_irq8
                0x100002cc                isr_irq24
                0x100002cc                isr_irq1
                0x100002cc                isr_irq7
                0x100002cc                isr_irq21
                0x100002cc                isr_irq20
                0x100002cc                isr_irq15
                0x100002cc                isr_irq25
                0x100002cc                __unhandled_user_irq
                0x100002cc                isr_irq4
                0x100002cc                isr_irq16
                0x100002cc                isr_irq29
                0x100002cc                isr_irq26
                0x100002cc                isr_irq3
                0x100002cc                isr_irq30
                0x100002cc                isr_irq9
                0x100002d2                unhandled_user_irq_num_in_r0
 *(.init)
 .init          0x100002d4        0x4 c:/users/cotaa/documents/pico/pico-toolchain/gcc-arm-none-eabi-9-2019-q4-major-win32/bin/../lib/gcc/arm-none-eabi/9.2.1/thumb/v6-m/nofp/crti.o
                0x100002d4                _init
 *(EXCLUDE_FILE(*libm.a: *libc.a:*lib_a-mem*.o *libgcc.a:) .text*)
 .text          0x100002d8       0x48 c:/users/cotaa/documents/pico/pico-toolchain/gcc-arm-none-eabi-9-2019-q4-major-win32/bin/../lib/gcc/arm-none-eabi/9.2.1/thumb/v6-m/nofp/crtbegin.o
 .text.printbuf
                0x10000320       0x4c CMakeFiles/spi_flash.dir/spi_flash.c.obj
                0x10000320                printbuf
 .text.startup.main
                0x1000036c       0xe8 CMakeFiles/spi_flash.dir/spi_flash.c.obj
                0x1000036c                main
 .text.gpio_set_function
                0x10000454       0x30 CMakeFiles/spi_flash.dir/C_/Users/cotaa/Documents/Pico/pico-sdk/src/rp2_common/hardware_gpio/gpio.c.obj
                0x10000454                gpio_set_function
 .text.gpio_init
                0x10000484       0x3c CMakeFiles/spi_flash.dir/C_/Users/cotaa/Documents/Pico/pico-sdk/src/rp2_common/hardware_gpio/gpio.c.obj
                0x10000484                gpio_init
 .text.hw_claim_or_assert
                0x100004c0       0x60 CMakeFiles/spi_flash.dir/C_/Users/cotaa/Documents/Pico/pico-sdk/src/rp2_common/hardware_claim/claim.c.obj
                0x100004c0                hw_claim_or_assert
 .text.spin_locks_reset
                0x10000520       0x1c CMakeFiles/spi_flash.dir/C_/Users/cotaa/Documents/Pico/pico-sdk/src/rp2_common/hardware_sync/sync.c.obj
                0x10000520                spin_locks_reset
 .text.next_striped_spin_lock_num
                0x1000053c       0x18 CMakeFiles/spi_flash.dir/C_/Users/cotaa/Documents/Pico/pico-sdk/src/rp2_common/hardware_sync/sync.c.obj
                0x1000053c                next_striped_spin_lock_num
 .text.running_on_fpga
                0x10000554       0x10 CMakeFiles/spi_flash.dir/C_/Users/cotaa/Documents/Pico/pico-sdk/src/rp2_common/pico_platform/platform.c.obj
                0x10000554                running_on_fpga
 .text.uart_init
                0x10000564       0xd8 CMakeFiles/spi_flash.dir/C_/Users/cotaa/Documents/Pico/pico-sdk/src/rp2_common/hardware_uart/uart.c.obj
                0x10000564                uart_init
 .text.timer_pool_entry_comparator
                0x1000063c       0x34 CMakeFiles/spi_flash.dir/C_/Users/cotaa/Documents/Pico/pico-sdk/src/common/pico_time/time.c.obj
                0x1000063c                timer_pool_entry_comparator
 .text.add_alarm_under_lock
                0x10000670      0x12c CMakeFiles/spi_flash.dir/C_/Users/cotaa/Documents/Pico/pico-sdk/src/common/pico_time/time.c.obj
 .text.alarm_pool_alarm_callback
                0x1000079c      0x1e0 CMakeFiles/spi_flash.dir/C_/Users/cotaa/Documents/Pico/pico-sdk/src/common/pico_time/time.c.obj
 .text.alarm_pool_init_default
                0x1000097c       0x78 CMakeFiles/spi_flash.dir/C_/Users/cotaa/Documents/Pico/pico-sdk/src/common/pico_time/time.c.obj
                0x1000097c                alarm_pool_init_default
 .text.hardware_alarm_irq_handler
                0x100009f4       0xb8 CMakeFiles/spi_flash.dir/C_/Users/cotaa/Documents/Pico/pico-sdk/src/rp2_common/hardware_timer/timer.c.obj
 .text.hardware_alarm_claim
                0x10000aac       0x18 CMakeFiles/spi_flash.dir/C_/Users/cotaa/Documents/Pico/pico-sdk/src/rp2_common/hardware_timer/timer.c.obj
                0x10000aac                hardware_alarm_claim
 .text.time_us_64
                0x10000ac4       0x14 CMakeFiles/spi_flash.dir/C_/Users/cotaa/Documents/Pico/pico-sdk/src/rp2_common/hardware_timer/timer.c.obj
                0x10000ac4                time_us_64
 .text.hardware_alarm_set_callback
                0x10000ad8       0x8c CMakeFiles/spi_flash.dir/C_/Users/cotaa/Documents/Pico/pico-sdk/src/rp2_common/hardware_timer/timer.c.obj
                0x10000ad8                hardware_alarm_set_callback
 .text.hardware_alarm_set_target
                0x10000b64       0xc4 CMakeFiles/spi_flash.dir/C_/Users/cotaa/Documents/Pico/pico-sdk/src/rp2_common/hardware_timer/timer.c.obj
                0x10000b64                hardware_alarm_set_target
 .text.hardware_alarm_cancel
                0x10000c28       0x40 CMakeFiles/spi_flash.dir/C_/Users/cotaa/Documents/Pico/pico-sdk/src/rp2_common/hardware_timer/timer.c.obj
                0x10000c28                hardware_alarm_cancel
 .text.lock_init
                0x10000c68       0x10 CMakeFiles/spi_flash.dir/C_/Users/cotaa/Documents/Pico/pico-sdk/src/common/pico_sync/lock_core.c.obj
                0x10000c68                lock_init
 .text.mutex_init
                0x10000c78       0x18 CMakeFiles/spi_flash.dir/C_/Users/cotaa/Documents/Pico/pico-sdk/src/common/pico_sync/mutex.c.obj
                0x10000c78                mutex_init
 .text.ph_merge_nodes
                0x10000c90       0x68 CMakeFiles/spi_flash.dir/C_/Users/cotaa/Documents/Pico/pico-sdk/src/common/pico_util/pheap.c.obj
 .text.ph_create
                0x10000cf8       0x64 CMakeFiles/spi_flash.dir/C_/Users/cotaa/Documents/Pico/pico-sdk/src/common/pico_util/pheap.c.obj
                0x10000cf8                ph_create
 .text.ph_merge_two_pass
                0x10000d5c       0x90 CMakeFiles/spi_flash.dir/C_/Users/cotaa/Documents/Pico/pico-sdk/src/common/pico_util/pheap.c.obj
                0x10000d5c                ph_merge_two_pass
 .text.ph_remove_any_head
                0x10000dec       0xf8 CMakeFiles/spi_flash.dir/C_/Users/cotaa/Documents/Pico/pico-sdk/src/common/pico_util/pheap.c.obj
 .text.ph_remove_head_reserve
                0x10000ee4      0x13c CMakeFiles/spi_flash.dir/C_/Users/cotaa/Documents/Pico/pico-sdk/src/common/pico_util/pheap.c.obj
                0x10000ee4                ph_remove_head_reserve
 .text.ph_delete
                0x10001020       0x7c CMakeFiles/spi_flash.dir/C_/Users/cotaa/Documents/Pico/pico-sdk/src/common/pico_util/pheap.c.obj
                0x10001020                ph_delete
 .text.runtime_init
                0x1000109c       0xec CMakeFiles/spi_flash.dir/C_/Users/cotaa/Documents/Pico/pico-sdk/src/rp2_common/pico_runtime/runtime.c.obj
                0x1000109c                runtime_init
 .text._sbrk    0x10001188       0x34 CMakeFiles/spi_flash.dir/C_/Users/cotaa/Documents/Pico/pico-sdk/src/rp2_common/pico_runtime/runtime.c.obj
                0x10001188                _sbrk
 .text.exit     0x100011bc        0x4 CMakeFiles/spi_flash.dir/C_/Users/cotaa/Documents/Pico/pico-sdk/src/rp2_common/pico_runtime/runtime.c.obj
                0x100011bc                exit
 .text.panic    0x100011c0       0x30 CMakeFiles/spi_flash.dir/C_/Users/cotaa/Documents/Pico/pico-sdk/src/rp2_common/pico_runtime/runtime.c.obj
                0x100011c0                panic
 .text.hard_assertion_failure
                0x100011f0        0xc CMakeFiles/spi_flash.dir/C_/Users/cotaa/Documents/Pico/pico-sdk/src/rp2_common/pico_runtime/runtime.c.obj
                0x100011f0                hard_assertion_failure
 .text.clocks_init
                0x100011fc      0x2e0 CMakeFiles/spi_flash.dir/C_/Users/cotaa/Documents/Pico/pico-sdk/src/rp2_common/hardware_clocks/clocks.c.obj
                0x100011fc                clocks_init
 .text.clock_get_hz
                0x100014dc        0xc CMakeFiles/spi_flash.dir/C_/Users/cotaa/Documents/Pico/pico-sdk/src/rp2_common/hardware_clocks/clocks.c.obj
                0x100014dc                clock_get_hz
 .text.watchdog_start_tick
                0x100014e8       0x10 CMakeFiles/spi_flash.dir/C_/Users/cotaa/Documents/Pico/pico-sdk/src/rp2_common/hardware_watchdog/watchdog.c.obj
                0x100014e8                watchdog_start_tick
 .text.xosc_init
                0x100014f8       0x28 CMakeFiles/spi_flash.dir/C_/Users/cotaa/Documents/Pico/pico-sdk/src/rp2_common/hardware_xosc/xosc.c.obj
                0x100014f8                xosc_init
 .text.pll_init
                0x10001520       0x54 CMakeFiles/spi_flash.dir/C_/Users/cotaa/Documents/Pico/pico-sdk/src/rp2_common/hardware_pll/pll.c.obj
                0x10001520                pll_init
 .text.irq_set_enabled
                0x10001574       0x24 CMakeFiles/spi_flash.dir/C_/Users/cotaa/Documents/Pico/pico-sdk/src/rp2_common/hardware_irq/irq.c.obj
                0x10001574                irq_set_enabled
 .text.irq_get_vtable_handler
                0x10001598       0x10 CMakeFiles/spi_flash.dir/C_/Users/cotaa/Documents/Pico/pico-sdk/src/rp2_common/hardware_irq/irq.c.obj
                0x10001598                irq_get_vtable_handler
 .text.irq_set_exclusive_handler
                0x100015a8       0x54 CMakeFiles/spi_flash.dir/C_/Users/cotaa/Documents/Pico/pico-sdk/src/rp2_common/hardware_irq/irq.c.obj
                0x100015a8                irq_set_exclusive_handler
 .text.irq_remove_handler
                0x100015fc      0x1c4 CMakeFiles/spi_flash.dir/C_/Users/cotaa/Documents/Pico/pico-sdk/src/rp2_common/hardware_irq/irq.c.obj
                0x100015fc                irq_remove_handler
 .text.irq_add_tail_to_free_list
                0x100017c0       0xbc CMakeFiles/spi_flash.dir/C_/Users/cotaa/Documents/Pico/pico-sdk/src/rp2_common/hardware_irq/irq.c.obj
                0x100017c0                irq_add_tail_to_free_list
 .text.irq_init_priorities
                0x1000187c       0x38 CMakeFiles/spi_flash.dir/C_/Users/cotaa/Documents/Pico/pico-sdk/src/rp2_common/hardware_irq/irq.c.obj
                0x1000187c                irq_init_priorities
 .text._out_null
                0x100018b4        0x4 CMakeFiles/spi_flash.dir/C_/Users/cotaa/Documents/Pico/pico-sdk/src/rp2_common/pico_printf/printf.c.obj
 .text._out_rev
                0x100018b8       0xd0 CMakeFiles/spi_flash.dir/C_/Users/cotaa/Documents/Pico/pico-sdk/src/rp2_common/pico_printf/printf.c.obj
 .text._ntoa_format
                0x10001988      0x1d0 CMakeFiles/spi_flash.dir/C_/Users/cotaa/Documents/Pico/pico-sdk/src/rp2_common/pico_printf/printf.c.obj
 .text._out_char
                0x10001b58       0x10 CMakeFiles/spi_flash.dir/C_/Users/cotaa/Documents/Pico/pico-sdk/src/rp2_common/pico_printf/printf.c.obj
 .text._out_fct
                0x10001b68       0x10 CMakeFiles/spi_flash.dir/C_/Users/cotaa/Documents/Pico/pico-sdk/src/rp2_common/pico_printf/printf.c.obj
 .text._etoa    0x10001b78      0x44c CMakeFiles/spi_flash.dir/C_/Users/cotaa/Documents/Pico/pico-sdk/src/rp2_common/pico_printf/printf.c.obj
 .text._ftoa    0x10001fc4      0x3e0 CMakeFiles/spi_flash.dir/C_/Users/cotaa/Documents/Pico/pico-sdk/src/rp2_common/pico_printf/printf.c.obj
 .text._vsnprintf
                0x100023a4      0xb08 CMakeFiles/spi_flash.dir/C_/Users/cotaa/Documents/Pico/pico-sdk/src/rp2_common/pico_printf/printf.c.obj
 .text.vfctprintf
                0x10002eac       0x20 CMakeFiles/spi_flash.dir/C_/Users/cotaa/Documents/Pico/pico-sdk/src/rp2_common/pico_printf/printf.c.obj
                0x10002eac                vfctprintf
 .text.weak_raw_vprintf
                0x10002ecc       0x30 CMakeFiles/spi_flash.dir/C_/Users/cotaa/Documents/Pico/pico-sdk/src/rp2_common/pico_printf/printf.c.obj
                0x10002ecc                weak_raw_vprintf
 .text          0x10002efc       0x10 CMakeFiles/spi_flash.dir/C_/Users/cotaa/Documents/Pico/pico-sdk/src/rp2_common/pico_bit_ops/bit_ops_aeabi.S.obj
 .text.rom_func_lookup
                0x10002f0c       0x10 CMakeFiles/spi_flash.dir/C_/Users/cotaa/Documents/Pico/pico-sdk/src/rp2_common/pico_bootrom/bootrom.c.obj
                0x10002f0c                rom_func_lookup
 .text.rom_data_lookup
                0x10002f1c       0x10 CMakeFiles/spi_flash.dir/C_/Users/cotaa/Documents/Pico/pico-sdk/src/rp2_common/pico_bootrom/bootrom.c.obj
                0x10002f1c                rom_data_lookup
 .text.rom_funcs_lookup
                0x10002f2c       0x3c CMakeFiles/spi_flash.dir/C_/Users/cotaa/Documents/Pico/pico-sdk/src/rp2_common/pico_bootrom/bootrom.c.obj
                0x10002f2c                rom_funcs_lookup
 .text.__wrap___aeabi_idiv
                0x10002f68       0x58 CMakeFiles/spi_flash.dir/C_/Users/cotaa/Documents/Pico/pico-sdk/src/rp2_common/pico_divider/divider.S.obj
                0x10002f68                __wrap___aeabi_idivmod
                0x10002f68                divmod_s32s32
                0x10002f68                div_s32s32
                0x10002f68                __wrap___aeabi_idiv
                0x10002f70                divmod_s32s32_unsafe
                0x10002f9c                divmod_s32s32_savestate
 .text.__wrap___aeabi_uidiv
                0x10002fc0       0x54 CMakeFiles/spi_flash.dir/C_/Users/cotaa/Documents/Pico/pico-sdk/src/rp2_common/pico_divider/divider.S.obj
                0x10002fc0                __wrap___aeabi_uidiv
                0x10002fc0                __wrap___aeabi_uidivmod
                0x10002fc0                div_u32u32
                0x10002fc0                divmod_u32u32
                0x10002fc8                divmod_u32u32_unsafe
                0x10002ff0                divmod_u32u32_savestate
 .text.__wrap___aeabi_ldiv
                0x10003014      0x430 CMakeFiles/spi_flash.dir/C_/Users/cotaa/Documents/Pico/pico-sdk/src/rp2_common/pico_divider/divider.S.obj
                0x10003014                div_s64s64
                0x10003014                divmod_s64s64
                0x10003014                __wrap___aeabi_ldivmod
                0x1000304c                divmod_u64u64
                0x1000304c                div_u64u64
                0x1000304c                __wrap___aeabi_uldivmod
                0x1000305c                divmod_u64u64_savestate
                0x10003084                divmod_s64s64_unsafe
                0x1000310c                divmod_u64u64_unsafe
 .text.__wrap___aeabi_darithmetic
                0x10003444       0x54 CMakeFiles/spi_flash.dir/C_/Users/cotaa/Documents/Pico/pico-sdk/src/rp2_common/pico_double/double_aeabi.S.obj
                0x10003444                __wrap___aeabi_drsub
                0x1000344a                __wrap___aeabi_dsub
                0x1000345c                __wrap___aeabi_dadd
                0x1000346e                __wrap___aeabi_ddiv
                0x10003480                __wrap___aeabi_dmul
 .text.__wrap___aeabi_cdcmple
                0x10003498       0x6c CMakeFiles/spi_flash.dir/C_/Users/cotaa/Documents/Pico/pico-sdk/src/rp2_common/pico_double/double_aeabi.S.obj
                0x10003498                __wrap___aeabi_cdrcmple
                0x100034a8                __wrap___aeabi_cdcmpeq
                0x100034a8                __wrap___aeabi_cdcmple
 .text.__wrap___aeabi_dcmplt
                0x10003504        0xc CMakeFiles/spi_flash.dir/C_/Users/cotaa/Documents/Pico/pico-sdk/src/rp2_common/pico_double/double_aeabi.S.obj
                0x10003504                __wrap___aeabi_dcmplt
 .text.__wrap___aeabi_dcmple
                0x10003510       0x10 CMakeFiles/spi_flash.dir/C_/Users/cotaa/Documents/Pico/pico-sdk/src/rp2_common/pico_double/double_aeabi.S.obj
                0x10003510                __wrap___aeabi_dcmple
 .text.__wrap___aeabi_dcmpge
                0x10003520       0x10 CMakeFiles/spi_flash.dir/C_/Users/cotaa/Documents/Pico/pico-sdk/src/rp2_common/pico_double/double_aeabi.S.obj
                0x10003520                __wrap___aeabi_dcmpge
 .text.__wrap___aeabi_dcmpgt
                0x10003530        0xa CMakeFiles/spi_flash.dir/C_/Users/cotaa/Documents/Pico/pico-sdk/src/rp2_common/pico_double/double_aeabi.S.obj
                0x10003530                __wrap___aeabi_dcmpgt
 .text.__wrap___aeabi_dcmpun
                0x1000353a       0x1c CMakeFiles/spi_flash.dir/C_/Users/cotaa/Documents/Pico/pico-sdk/src/rp2_common/pico_double/double_aeabi.S.obj
                0x1000353a                __wrap___aeabi_dcmpun
 *fill*         0x10003556        0x2 
 .text.__wrap___aeabi_i2d
                0x10003558       0x38 CMakeFiles/spi_flash.dir/C_/Users/cotaa/Documents/Pico/pico-sdk/src/rp2_common/pico_double/double_aeabi.S.obj
                0x10003558                __wrap___aeabi_ui2d
                0x10003560                __wrap___aeabi_i2d
 .text.__wrap___aeabi_d2iz
                0x10003590       0x48 CMakeFiles/spi_flash.dir/C_/Users/cotaa/Documents/Pico/pico-sdk/src/rp2_common/pico_double/double_aeabi.S.obj
                0x10003590                double2int_z
                0x10003590                __wrap___aeabi_d2iz
 .text.__wrap___aeabi_d2uiz
                0x100035d8       0x18 CMakeFiles/spi_flash.dir/C_/Users/cotaa/Documents/Pico/pico-sdk/src/rp2_common/pico_double/double_aeabi.S.obj
                0x100035d8                __wrap___aeabi_d2uiz
                0x100035d8                double2uint
 .text.__aeabi_double_init
                0x100035f0       0xac CMakeFiles/spi_flash.dir/C_/Users/cotaa/Documents/Pico/pico-sdk/src/rp2_common/pico_double/double_init_rom.c.obj
                0x100035f0                __aeabi_double_init
 .text.double_table_shim_on_use_helper
                0x1000369c       0x2c CMakeFiles/spi_flash.dir/C_/Users/cotaa/Documents/Pico/pico-sdk/src/rp2_common/pico_double/double_v1_rom_shim.S.obj
                0x1000369c                double_table_shim_on_use_helper
 .text.__wrap___aeabi_dsub
                0x100036c8       0x10 CMakeFiles/spi_flash.dir/C_/Users/cotaa/Documents/Pico/pico-sdk/src/rp2_common/pico_double/double_v1_rom_shim.S.obj
                0x100036c8                drsub_shim
                0x100036ce                dsub_shim
 .text.dadd_shim
                0x100036d8      0x15c CMakeFiles/spi_flash.dir/C_/Users/cotaa/Documents/Pico/pico-sdk/src/rp2_common/pico_double/double_v1_rom_shim.S.obj
                0x100036d8                dadd_shim
 .text.dmul_shim
                0x10003834      0x15c CMakeFiles/spi_flash.dir/C_/Users/cotaa/Documents/Pico/pico-sdk/src/rp2_common/pico_double/double_v1_rom_shim.S.obj
                0x10003834                dmul_shim
 .text.ddiv_shim
                0x10003990      0x1b0 CMakeFiles/spi_flash.dir/C_/Users/cotaa/Documents/Pico/pico-sdk/src/rp2_common/pico_double/double_v1_rom_shim.S.obj
                0x10003990                ddiv_shim
 .text.dcordic_rot_step
                0x10003b40       0x7c CMakeFiles/spi_flash.dir/C_/Users/cotaa/Documents/Pico/pico-sdk/src/rp2_common/pico_double/double_v1_rom_shim.S.obj
                0x10003b40                dcordic_rot_step
 .text.double2uint_shim
                0x10003bbc        0xe CMakeFiles/spi_flash.dir/C_/Users/cotaa/Documents/Pico/pico-sdk/src/rp2_common/pico_double/double_v1_rom_shim.S.obj
                0x10003bbc                double2uint_shim
                0x10003bbe                double2ufix_shim
 *fill*         0x10003bca        0x2 
 .text.double2uint64_shim
                0x10003bcc       0x6c CMakeFiles/spi_flash.dir/C_/Users/cotaa/Documents/Pico/pico-sdk/src/rp2_common/pico_double/double_v1_rom_shim.S.obj
                0x10003bcc                double2uint64_shim
                0x10003bce                double2ufix64_shim
                0x10003be8                d2fix_a
 .text.dunpacks
                0x10003c38       0x3c CMakeFiles/spi_flash.dir/C_/Users/cotaa/Documents/Pico/pico-sdk/src/rp2_common/pico_double/double_v1_rom_shim.S.obj
                0x10003c38                dunpacks
 .text.__aeabi_float_init
                0x10003c74       0x64 CMakeFiles/spi_flash.dir/C_/Users/cotaa/Documents/Pico/pico-sdk/src/rp2_common/pico_float/float_init_rom.c.obj
                0x10003c74                __aeabi_float_init
 .text.float_table_shim_on_use_helper
                0x10003cd8       0x2c CMakeFiles/spi_flash.dir/C_/Users/cotaa/Documents/Pico/pico-sdk/src/rp2_common/pico_float/float_v1_rom_shim.S.obj
                0x10003cd8                float_table_shim_on_use_helper
 .text.__wrap_malloc
                0x10003d04        0x8 CMakeFiles/spi_flash.dir/C_/Users/cotaa/Documents/Pico/pico-sdk/src/rp2_common/pico_malloc/pico_malloc.c.obj
                0x10003d04                __wrap_malloc
 .text.__wrap_calloc
                0x10003d0c        0x8 CMakeFiles/spi_flash.dir/C_/Users/cotaa/Documents/Pico/pico-sdk/src/rp2_common/pico_malloc/pico_malloc.c.obj
                0x10003d0c                __wrap_calloc
 .text          0x10003d14       0x10 CMakeFiles/spi_flash.dir/C_/Users/cotaa/Documents/Pico/pico-sdk/src/rp2_common/pico_mem_ops/mem_ops_aeabi.S.obj
                0x10003d14                __aeabi_mem_init
 .text.memset   0x10003d24        0xc CMakeFiles/spi_flash.dir/C_/Users/cotaa/Documents/Pico/pico-sdk/src/rp2_common/pico_mem_ops/mem_ops_aeabi.S.obj
                0x10003d24                __wrap_memset
 .text.memcpy   0x10003d30        0xc CMakeFiles/spi_flash.dir/C_/Users/cotaa/Documents/Pico/pico-sdk/src/rp2_common/pico_mem_ops/mem_ops_aeabi.S.obj
                0x10003d30                __wrap_memcpy
                0x10003d30                __wrap___aeabi_memcpy
 .text.stdio_out_chars_crlf.part.0
                0x10003d3c       0x84 CMakeFiles/spi_flash.dir/C_/Users/cotaa/Documents/Pico/pico-sdk/src/rp2_common/pico_stdio/stdio.c.obj
 .text.stdio_buffered_printer
                0x10003dc0       0x78 CMakeFiles/spi_flash.dir/C_/Users/cotaa/Documents/Pico/pico-sdk/src/rp2_common/pico_stdio/stdio.c.obj
 .text.stdio_put_string
                0x10003e38      0x100 CMakeFiles/spi_flash.dir/C_/Users/cotaa/Documents/Pico/pico-sdk/src/rp2_common/pico_stdio/stdio.c.obj
 .text.__wrap_putchar
                0x10003f38       0x1c CMakeFiles/spi_flash.dir/C_/Users/cotaa/Documents/Pico/pico-sdk/src/rp2_common/pico_stdio/stdio.c.obj
                0x10003f38                __wrap_putchar
 .text.__wrap_puts
                0x10003f54       0x3c CMakeFiles/spi_flash.dir/C_/Users/cotaa/Documents/Pico/pico-sdk/src/rp2_common/pico_stdio/stdio.c.obj
                0x10003f54                __wrap_puts
 .text.stdio_set_driver_enabled
                0x10003f90       0x3c CMakeFiles/spi_flash.dir/C_/Users/cotaa/Documents/Pico/pico-sdk/src/rp2_common/pico_stdio/stdio.c.obj
                0x10003f90                stdio_set_driver_enabled
 .text.__wrap_vprintf
                0x10003fcc       0xe8 CMakeFiles/spi_flash.dir/C_/Users/cotaa/Documents/Pico/pico-sdk/src/rp2_common/pico_stdio/stdio.c.obj
                0x10003fcc                __wrap_vprintf
 .text.__wrap_printf
                0x100040b4       0x18 CMakeFiles/spi_flash.dir/C_/Users/cotaa/Documents/Pico/pico-sdk/src/rp2_common/pico_stdio/stdio.c.obj
                0x100040b4                __wrap_printf
 .text.stdio_init_all
                0x100040cc        0x8 CMakeFiles/spi_flash.dir/C_/Users/cotaa/Documents/Pico/pico-sdk/src/rp2_common/pico_stdio/stdio.c.obj
                0x100040cc                stdio_init_all
 .text.stdio_uart_out_chars
                0x100040d4       0x3c CMakeFiles/spi_flash.dir/C_/Users/cotaa/Documents/Pico/pico-sdk/src/rp2_common/pico_stdio_uart/stdio_uart.c.obj
 .text.stdio_uart_in_chars
                0x10004110       0x38 CMakeFiles/spi_flash.dir/C_/Users/cotaa/Documents/Pico/pico-sdk/src/rp2_common/pico_stdio_uart/stdio_uart.c.obj
                0x10004110                stdio_uart_in_chars
 .text.stdio_uart_init
                0x10004148       0x40 CMakeFiles/spi_flash.dir/C_/Users/cotaa/Documents/Pico/pico-sdk/src/rp2_common/pico_stdio_uart/stdio_uart.c.obj
                0x10004148                stdio_uart_init
 .text.spi_init
                0x10004188       0xe4 CMakeFiles/spi_flash.dir/C_/Users/cotaa/Documents/Pico/pico-sdk/src/rp2_common/hardware_spi/spi.c.obj
                0x10004188                spi_init
 .text.calloc   0x1000426c       0x18 c:/users/cotaa/documents/pico/pico-toolchain/gcc-arm-none-eabi-9-2019-q4-major-win32/bin/../lib/gcc/arm-none-eabi/9.2.1/../../../../arm-none-eabi/lib/thumb/v6-m/nofp\libc.a(lib_a-calloc.o)
                0x1000426c                calloc
 .text._calloc_r
                0x10004284       0x5c c:/users/cotaa/documents/pico/pico-toolchain/gcc-arm-none-eabi-9-2019-q4-major-win32/bin/../lib/gcc/arm-none-eabi/9.2.1/../../../../arm-none-eabi/lib/thumb/v6-m/nofp\libc.a(lib_a-callocr.o)
                0x10004284                _calloc_r
 .text.malloc   0x100042e0       0x14 c:/users/cotaa/documents/pico/pico-toolchain/gcc-arm-none-eabi-9-2019-q4-major-win32/bin/../lib/gcc/arm-none-eabi/9.2.1/../../../../arm-none-eabi/lib/thumb/v6-m/nofp\libc.a(lib_a-malloc.o)
                0x100042e0                malloc
 .text._malloc_r
                0x100042f4      0x580 c:/users/cotaa/documents/pico/pico-toolchain/gcc-arm-none-eabi-9-2019-q4-major-win32/bin/../lib/gcc/arm-none-eabi/9.2.1/../../../../arm-none-eabi/lib/thumb/v6-m/nofp\libc.a(lib_a-mallocr.o)
                0x100042f4                _malloc_r
 .text.__malloc_lock
                0x10004874       0x10 c:/users/cotaa/documents/pico/pico-toolchain/gcc-arm-none-eabi-9-2019-q4-major-win32/bin/../lib/gcc/arm-none-eabi/9.2.1/../../../../arm-none-eabi/lib/thumb/v6-m/nofp\libc.a(lib_a-mlock.o)
                0x10004874                __malloc_lock
 .text.__malloc_unlock
                0x10004884       0x10 c:/users/cotaa/documents/pico/pico-toolchain/gcc-arm-none-eabi-9-2019-q4-major-win32/bin/../lib/gcc/arm-none-eabi/9.2.1/../../../../arm-none-eabi/lib/thumb/v6-m/nofp\libc.a(lib_a-mlock.o)
                0x10004884                __malloc_unlock
 .text._sbrk_r  0x10004894       0x24 c:/users/cotaa/documents/pico/pico-toolchain/gcc-arm-none-eabi-9-2019-q4-major-win32/bin/../lib/gcc/arm-none-eabi/9.2.1/../../../../arm-none-eabi/lib/thumb/v6-m/nofp\libc.a(lib_a-sbrkr.o)
                0x10004894                _sbrk_r
 .text.strlen   0x100048b8       0x5c c:/users/cotaa/documents/pico/pico-toolchain/gcc-arm-none-eabi-9-2019-q4-major-win32/bin/../lib/gcc/arm-none-eabi/9.2.1/../../../../arm-none-eabi/lib/thumb/v6-m/nofp\libc.a(lib_a-strlen-stub.o)
                0x100048b8                strlen
 .text._malloc_trim_r
                0x10004914       0x9c c:/users/cotaa/documents/pico/pico-toolchain/gcc-arm-none-eabi-9-2019-q4-major-win32/bin/../lib/gcc/arm-none-eabi/9.2.1/../../../../arm-none-eabi/lib/thumb/v6-m/nofp\libc.a(lib_a-freer.o)
                0x10004914                _malloc_trim_r
 .text._free_r  0x100049b0      0x1c4 c:/users/cotaa/documents/pico/pico-toolchain/gcc-arm-none-eabi-9-2019-q4-major-win32/bin/../lib/gcc/arm-none-eabi/9.2.1/../../../../arm-none-eabi/lib/thumb/v6-m/nofp\libc.a(lib_a-freer.o)
                0x100049b0                _free_r
 .text.__retarget_lock_acquire_recursive
                0x10004b74        0x4 c:/users/cotaa/documents/pico/pico-toolchain/gcc-arm-none-eabi-9-2019-q4-major-win32/bin/../lib/gcc/arm-none-eabi/9.2.1/../../../../arm-none-eabi/lib/thumb/v6-m/nofp\libc.a(lib_a-lock.o)
                0x10004b74                __retarget_lock_acquire_recursive
 .text.__retarget_lock_release_recursive
                0x10004b78        0x4 c:/users/cotaa/documents/pico/pico-toolchain/gcc-arm-none-eabi-9-2019-q4-major-win32/bin/../lib/gcc/arm-none-eabi/9.2.1/../../../../arm-none-eabi/lib/thumb/v6-m/nofp\libc.a(lib_a-lock.o)
                0x10004b78                __retarget_lock_release_recursive
 *(.fini)
 .fini          0x10004b7c        0x4 c:/users/cotaa/documents/pico/pico-toolchain/gcc-arm-none-eabi-9-2019-q4-major-win32/bin/../lib/gcc/arm-none-eabi/9.2.1/thumb/v6-m/nofp/crti.o
                0x10004b7c                _fini
 .fini.__stub   0x10004b80       0x80 linker stubs
 *crtbegin.o(.ctors)
 *crtbegin?.o(.ctors)
 *(EXCLUDE_FILE(*crtend.o *crtend?.o) .ctors)
 *(SORT_BY_NAME(.ctors.*))
 *(.ctors)
 *crtbegin.o(.dtors)
 *crtbegin?.o(.dtors)
 *(EXCLUDE_FILE(*crtend.o *crtend?.o) .dtors)
 *(SORT_BY_NAME(.dtors.*))
 *(.dtors)
 *(.eh_frame*)
 .eh_frame      0x10004c00        0x0 c:/users/cotaa/documents/pico/pico-toolchain/gcc-arm-none-eabi-9-2019-q4-major-win32/bin/../lib/gcc/arm-none-eabi/9.2.1/thumb/v6-m/nofp/crtbegin.o
                0x10004c00                . = ALIGN (0x4)

.glue_7         0x10004c00        0x0
 .glue_7        0x10004c00        0x0 linker stubs

.glue_7t        0x10004c00        0x0
 .glue_7t       0x10004c00        0x0 linker stubs

.vfp11_veneer   0x10004c00        0x0
 .vfp11_veneer  0x10004c00        0x0 linker stubs

.v4_bx          0x10004c00        0x0
 .v4_bx         0x10004c00        0x0 linker stubs

.iplt           0x10004c00        0x0
 .iplt          0x10004c00        0x0 c:/users/cotaa/documents/pico/pico-toolchain/gcc-arm-none-eabi-9-2019-q4-major-win32/bin/../lib/gcc/arm-none-eabi/9.2.1/thumb/v6-m/nofp/crtbegin.o

.rodata         0x10004c00      0x3e0
 *(EXCLUDE_FILE(*libm.a: *libc.a:*lib_a-mem*.o *libgcc.a:) .rodata*)
 .rodata.printbuf.str1.4
                0x10004c00        0xe CMakeFiles/spi_flash.dir/spi_flash.c.obj
 *fill*         0x10004c0e        0x2 
 .rodata.main.str1.4
                0x10004c10       0x61 CMakeFiles/spi_flash.dir/spi_flash.c.obj
 *fill*         0x10004c71        0x3 
 .rodata.hardware_alarm_claim.str1.4
                0x10004c74       0x22 CMakeFiles/spi_flash.dir/C_/Users/cotaa/Documents/Pico/pico-sdk/src/rp2_common/hardware_timer/timer.c.obj
 *fill*         0x10004c96        0x2 
 .rodata.panic.str1.4
                0x10004c98       0x10 CMakeFiles/spi_flash.dir/C_/Users/cotaa/Documents/Pico/pico-sdk/src/rp2_common/pico_runtime/runtime.c.obj
                                 0x12 (size before relaxing)
 .rodata.hard_assertion_failure.str1.4
                0x10004ca8        0xc CMakeFiles/spi_flash.dir/C_/Users/cotaa/Documents/Pico/pico-sdk/src/rp2_common/pico_runtime/runtime.c.obj
 .rodata._ftoa.str1.4
                0x10004cb4       0x15 CMakeFiles/spi_flash.dir/C_/Users/cotaa/Documents/Pico/pico-sdk/src/rp2_common/pico_printf/printf.c.obj
 *fill*         0x10004cc9        0x3 
 .rodata._vsnprintf
                0x10004ccc      0x1e0 CMakeFiles/spi_flash.dir/C_/Users/cotaa/Documents/Pico/pico-sdk/src/rp2_common/pico_printf/printf.c.obj
 *fill*         0x10004eac        0x4 
 .rodata.pow10.5432
                0x10004eb0       0x50 CMakeFiles/spi_flash.dir/C_/Users/cotaa/Documents/Pico/pico-sdk/src/rp2_common/pico_printf/printf.c.obj
 .rodata.str1.4
                0x10004f00       0x78 CMakeFiles/spi_flash.dir/C_/Users/cotaa/Documents/Pico/pico-sdk/src/rp2_common/pico_standard_link/binary_info.c.obj
 .rodata.__bi_40
                0x10004f78        0xc CMakeFiles/spi_flash.dir/C_/Users/cotaa/Documents/Pico/pico-sdk/src/rp2_common/pico_standard_link/binary_info.c.obj
 .rodata.__bi_65
                0x10004f84        0xc CMakeFiles/spi_flash.dir/C_/Users/cotaa/Documents/Pico/pico-sdk/src/rp2_common/pico_standard_link/binary_info.c.obj
 .rodata.__bi_71
                0x10004f90        0xc CMakeFiles/spi_flash.dir/C_/Users/cotaa/Documents/Pico/pico-sdk/src/rp2_common/pico_standard_link/binary_info.c.obj
 .rodata.crlf_str.5967
                0x10004f9c        0x2 CMakeFiles/spi_flash.dir/C_/Users/cotaa/Documents/Pico/pico-sdk/src/rp2_common/pico_stdio/stdio.c.obj
 *fill*         0x10004f9e        0x2 
 .rodata.str1.4
                0x10004fa0       0x2c CMakeFiles/spi_flash.dir/C_/Users/cotaa/Documents/Pico/pico-sdk/src/rp2_common/pico_stdio_uart/stdio_uart.c.obj
 .rodata.__bi_27.4687
                0x10004fcc        0xc CMakeFiles/spi_flash.dir/C_/Users/cotaa/Documents/Pico/pico-sdk/src/rp2_common/pico_stdio_uart/stdio_uart.c.obj
 .rodata.__bi_28.4691
                0x10004fd8        0x8 CMakeFiles/spi_flash.dir/C_/Users/cotaa/Documents/Pico/pico-sdk/src/rp2_common/pico_stdio_uart/stdio_uart.c.obj
                0x10004fe0                . = ALIGN (0x4)
 *(SORT_BY_ALIGNMENT(SORT_BY_NAME(.flashdata*)))
                0x10004fe0                . = ALIGN (0x4)

.rel.dyn        0x10004fe0        0x0
 .rel.iplt      0x10004fe0        0x0 c:/users/cotaa/documents/pico/pico-toolchain/gcc-arm-none-eabi-9-2019-q4-major-win32/bin/../lib/gcc/arm-none-eabi/9.2.1/thumb/v6-m/nofp/crtbegin.o

.ARM.extab
 *(.ARM.extab* .gnu.linkonce.armextab.*)
                0x10004fe0                __exidx_start = .

.ARM.exidx
 *(.ARM.exidx* .gnu.linkonce.armexidx.*)
                0x10004fe0                __exidx_end = .
                0x10004fe0                . = ALIGN (0x4)
                0x10004fe0                __binary_info_start = .

.binary_info    0x10004fe0       0x24
 *(.binary_info.keep.*)
 .binary_info.keep.__bi_ptr18
                0x10004fe0        0x4 CMakeFiles/spi_flash.dir/C_/Users/cotaa/Documents/Pico/pico-sdk/src/rp2_common/pico_standard_link/binary_info.c.obj
 .binary_info.keep.__bi_ptr26
                0x10004fe4        0x4 CMakeFiles/spi_flash.dir/C_/Users/cotaa/Documents/Pico/pico-sdk/src/rp2_common/pico_standard_link/binary_info.c.obj
 .binary_info.keep.__bi_ptr34
                0x10004fe8        0x4 CMakeFiles/spi_flash.dir/C_/Users/cotaa/Documents/Pico/pico-sdk/src/rp2_common/pico_standard_link/binary_info.c.obj
 .binary_info.keep.__bi_ptr40
                0x10004fec        0x4 CMakeFiles/spi_flash.dir/C_/Users/cotaa/Documents/Pico/pico-sdk/src/rp2_common/pico_standard_link/binary_info.c.obj
 .binary_info.keep.__bi_ptr46
                0x10004ff0        0x4 CMakeFiles/spi_flash.dir/C_/Users/cotaa/Documents/Pico/pico-sdk/src/rp2_common/pico_standard_link/binary_info.c.obj
 .binary_info.keep.__bi_ptr65
                0x10004ff4        0x4 CMakeFiles/spi_flash.dir/C_/Users/cotaa/Documents/Pico/pico-sdk/src/rp2_common/pico_standard_link/binary_info.c.obj
 .binary_info.keep.__bi_ptr71
                0x10004ff8        0x4 CMakeFiles/spi_flash.dir/C_/Users/cotaa/Documents/Pico/pico-sdk/src/rp2_common/pico_standard_link/binary_info.c.obj
 *(.binary_info.*)
 .binary_info.__bi_ptr27
                0x10004ffc        0x4 CMakeFiles/spi_flash.dir/C_/Users/cotaa/Documents/Pico/pico-sdk/src/rp2_common/pico_stdio_uart/stdio_uart.c.obj
 .binary_info.__bi_ptr28
                0x10005000        0x4 CMakeFiles/spi_flash.dir/C_/Users/cotaa/Documents/Pico/pico-sdk/src/rp2_common/pico_stdio_uart/stdio_uart.c.obj
                0x10005004                __binary_info_end = .
                0x10005004                . = ALIGN (0x4)
                0x10005004                __etext = .

.ram_vector_table
                0x20000000       0xc0
 *(.ram_vector_table)
 .ram_vector_table
                0x20000000       0xc0 CMakeFiles/spi_flash.dir/C_/Users/cotaa/Documents/Pico/pico-sdk/src/rp2_common/pico_runtime/runtime.c.obj
                0x20000000                ram_vector_table

.data           0x200000c0      0xc9c load address 0x10005004
                0x200000c0                __data_start__ = .
 *(vtable)
 *(.time_critical*)
 .time_critical.flash_read
                0x200000c0       0x50 CMakeFiles/spi_flash.dir/spi_flash.c.obj
                0x200000c0                flash_read
 .time_critical.flash_sector_erase
                0x20000110       0xb4 CMakeFiles/spi_flash.dir/spi_flash.c.obj
                0x20000110                flash_sector_erase
 .time_critical.flash_page_program
                0x200001c4       0xc4 CMakeFiles/spi_flash.dir/spi_flash.c.obj
                0x200001c4                flash_page_program
 .time_critical.mutex_enter_blocking
                0x20000288       0x50 CMakeFiles/spi_flash.dir/C_/Users/cotaa/Documents/Pico/pico-sdk/src/common/pico_sync/mutex.c.obj
                0x20000288                mutex_enter_blocking
 .time_critical.mutex_try_enter
                0x200002d8       0x4c CMakeFiles/spi_flash.dir/C_/Users/cotaa/Documents/Pico/pico-sdk/src/common/pico_sync/mutex.c.obj
                0x200002d8                mutex_try_enter
 .time_critical.mutex_exit
                0x20000324       0x28 CMakeFiles/spi_flash.dir/C_/Users/cotaa/Documents/Pico/pico-sdk/src/common/pico_sync/mutex.c.obj
                0x20000324                mutex_exit
 .time_critical.spi_write_read_blocking
                0x2000034c       0x74 CMakeFiles/spi_flash.dir/C_/Users/cotaa/Documents/Pico/pico-sdk/src/rp2_common/hardware_spi/spi.c.obj
                0x2000034c                spi_write_read_blocking
 .time_critical.spi_write_blocking
                0x200003c0       0x4c CMakeFiles/spi_flash.dir/C_/Users/cotaa/Documents/Pico/pico-sdk/src/rp2_common/hardware_spi/spi.c.obj
                0x200003c0                spi_write_blocking
 .time_critical.spi_read_blocking
                0x2000040c       0x70 CMakeFiles/spi_flash.dir/C_/Users/cotaa/Documents/Pico/pico-sdk/src/rp2_common/hardware_spi/spi.c.obj
                0x2000040c                spi_read_blocking
 *(.text*)
 .text          0x2000047c        0x4 c:/users/cotaa/documents/pico/pico-toolchain/gcc-arm-none-eabi-9-2019-q4-major-win32/bin/../lib/gcc/arm-none-eabi/9.2.1/thumb/v6-m/nofp\libgcc.a(_dvmd_tls.o)
                0x2000047c                __aeabi_idiv0
                0x2000047c                __aeabi_ldiv0
                0x20000480                . = ALIGN (0x4)
 *(.rodata*)
                0x20000480                . = ALIGN (0x4)
 *(.data*)
 .data.striped_spin_lock_num
                0x20000480        0x1 CMakeFiles/spi_flash.dir/C_/Users/cotaa/Documents/Pico/pico-sdk/src/rp2_common/hardware_sync/sync.c.obj
 *fill*         0x20000481        0x3 
 .data          0x20000484       0x48 CMakeFiles/spi_flash.dir/C_/Users/cotaa/Documents/Pico/pico-sdk/src/rp2_common/hardware_irq/irq_handler_chain.S.obj
                0x20000484                irq_handler_chain_slots
                0x200004b4                irq_handler_chain_first_slot
                0x200004be                irq_handler_chain_remove_tail
 *fill*         0x200004cc        0x4 
 .data.aeabi_bits_funcs
                0x200004d0       0x10 CMakeFiles/spi_flash.dir/C_/Users/cotaa/Documents/Pico/pico-sdk/src/rp2_common/pico_bit_ops/bit_ops_aeabi.S.obj
                0x200004d0                aeabi_bits_funcs
                0x200004e0                aeabi_bits_funcs_end
 .data.aeabi_mem_funcs
                0x200004e0       0x10 CMakeFiles/spi_flash.dir/C_/Users/cotaa/Documents/Pico/pico-sdk/src/rp2_common/pico_mem_ops/mem_ops_aeabi.S.obj
                0x200004e0                aeabi_mem_funcs
                0x200004f0                aeabi_mem_funcs_end
 .data.stdio_uart
                0x200004f0       0x14 CMakeFiles/spi_flash.dir/C_/Users/cotaa/Documents/Pico/pico-sdk/src/rp2_common/pico_stdio_uart/stdio_uart.c.obj
                0x200004f0                stdio_uart
 .data._impure_ptr
                0x20000504        0x4 c:/users/cotaa/documents/pico/pico-toolchain/gcc-arm-none-eabi-9-2019-q4-major-win32/bin/../lib/gcc/arm-none-eabi/9.2.1/../../../../arm-none-eabi/lib/thumb/v6-m/nofp\libc.a(lib_a-impure.o)
                0x20000504                _impure_ptr
 .data.impure_data
                0x20000508      0x428 c:/users/cotaa/documents/pico/pico-toolchain/gcc-arm-none-eabi-9-2019-q4-major-win32/bin/../lib/gcc/arm-none-eabi/9.2.1/../../../../arm-none-eabi/lib/thumb/v6-m/nofp\libc.a(lib_a-impure.o)
 .data.__malloc_av_
                0x20000930      0x408 c:/users/cotaa/documents/pico/pico-toolchain/gcc-arm-none-eabi-9-2019-q4-major-win32/bin/../lib/gcc/arm-none-eabi/9.2.1/../../../../arm-none-eabi/lib/thumb/v6-m/nofp\libc.a(lib_a-mallocr.o)
                0x20000930                __malloc_av_
 .data.__malloc_sbrk_base
                0x20000d38        0x4 c:/users/cotaa/documents/pico/pico-toolchain/gcc-arm-none-eabi-9-2019-q4-major-win32/bin/../lib/gcc/arm-none-eabi/9.2.1/../../../../arm-none-eabi/lib/thumb/v6-m/nofp\libc.a(lib_a-mallocr.o)
                0x20000d38                __malloc_sbrk_base
 .data.__malloc_trim_threshold
                0x20000d3c        0x4 c:/users/cotaa/documents/pico/pico-toolchain/gcc-arm-none-eabi-9-2019-q4-major-win32/bin/../lib/gcc/arm-none-eabi/9.2.1/../../../../arm-none-eabi/lib/thumb/v6-m/nofp\libc.a(lib_a-mallocr.o)
                0x20000d3c                __malloc_trim_threshold
                0x20000d40                . = ALIGN (0x4)
 *(.after_data.*)
                0x20000d40                . = ALIGN (0x4)
                0x20000d40                PROVIDE (__mutex_array_start = .)
 *(SORT_BY_NAME(.mutex_array.*))
 *(.mutex_array)
 .mutex_array   0x20000d40        0x8 CMakeFiles/spi_flash.dir/C_/Users/cotaa/Documents/Pico/pico-sdk/src/rp2_common/pico_stdio/stdio.c.obj
                0x20000d48                PROVIDE (__mutex_array_end = .)
                0x20000d48                . = ALIGN (0x4)
                0x20000d48                PROVIDE (__preinit_array_start = .)
 *(SORT_BY_NAME(.preinit_array.*))
 .preinit_array.00001
                0x20000d48        0x4 CMakeFiles/spi_flash.dir/C_/Users/cotaa/Documents/Pico/pico-sdk/src/rp2_common/pico_mem_ops/mem_ops_aeabi.S.obj
 .preinit_array.00010
                0x20000d4c        0x4 CMakeFiles/spi_flash.dir/C_/Users/cotaa/Documents/Pico/pico-sdk/src/rp2_common/pico_bit_ops/bit_ops_aeabi.S.obj
 .preinit_array.00020
                0x20000d50        0x4 CMakeFiles/spi_flash.dir/C_/Users/cotaa/Documents/Pico/pico-sdk/src/rp2_common/pico_double/double_aeabi.S.obj
 .preinit_array.00020
                0x20000d54        0x4 CMakeFiles/spi_flash.dir/C_/Users/cotaa/Documents/Pico/pico-sdk/src/rp2_common/pico_float/float_aeabi.S.obj
 *(.preinit_array)
                0x20000d58                PROVIDE (__preinit_array_end = .)
                0x20000d58                . = ALIGN (0x4)
                0x20000d58                PROVIDE (__init_array_start = .)
 *(SORT_BY_NAME(.init_array.*))
 *(.init_array)
 .init_array    0x20000d58        0x4 c:/users/cotaa/documents/pico/pico-toolchain/gcc-arm-none-eabi-9-2019-q4-major-win32/bin/../lib/gcc/arm-none-eabi/9.2.1/thumb/v6-m/nofp/crtbegin.o
                0x20000d5c                PROVIDE (__init_array_end = .)
                0x20000d5c                . = ALIGN (0x4)
                [!provide]                PROVIDE (__fini_array_start = .)
 *(SORT_BY_NAME(.fini_array.*))
 *(.fini_array)
                [!provide]                PROVIDE (__fini_array_end = .)
 *(.jcr)
                0x20000d5c                . = ALIGN (0x4)
                0x20000d5c                __data_end__ = .

.igot.plt       0x20000d5c        0x0 load address 0x10005ca0
 .igot.plt      0x20000d5c        0x0 c:/users/cotaa/documents/pico/pico-toolchain/gcc-arm-none-eabi-9-2019-q4-major-win32/bin/../lib/gcc/arm-none-eabi/9.2.1/thumb/v6-m/nofp/crtbegin.o

.uninitialized_data
                0x20000d5c        0x0 load address 0x10005ca0
                0x20000d5c                . = ALIGN (0x4)
 *(.uninitialized_data*)

.scratch_x      0x20040000        0x0 load address 0x10005ca0
                0x20040000                __scratch_x_start__ = .
 *(.scratch_x.*)
                0x20040000                . = ALIGN (0x4)
                0x20040000                __scratch_x_end__ = .
                0x10005ca0                __scratch_x_source__ = LOADADDR (.scratch_x)

.scratch_y      0x20041000        0x0 load address 0x10005ca0
                0x20041000                __scratch_y_start__ = .
 *(.scratch_y.*)
                0x20041000                . = ALIGN (0x4)
                0x20041000                __scratch_y_end__ = .
                0x10005ca0                __scratch_y_source__ = LOADADDR (.scratch_y)

.bss            0x20000d5c      0x2f0
                0x20000d5c                . = ALIGN (0x4)
                0x20000d5c                __bss_start__ = .
 *(SORT_BY_ALIGNMENT(SORT_BY_NAME(.bss*)))
 .bss           0x20000d5c       0x1c c:/users/cotaa/documents/pico/pico-toolchain/gcc-arm-none-eabi-9-2019-q4-major-win32/bin/../lib/gcc/arm-none-eabi/9.2.1/thumb/v6-m/nofp/crtbegin.o
 .bss.__malloc_current_mallinfo
                0x20000d78       0x28 c:/users/cotaa/documents/pico/pico-toolchain/gcc-arm-none-eabi-9-2019-q4-major-win32/bin/../lib/gcc/arm-none-eabi/9.2.1/../../../../arm-none-eabi/lib/thumb/v6-m/nofp\libc.a(lib_a-mallocr.o)
                0x20000d78                __malloc_current_mallinfo
 .bss.__malloc_max_sbrked_mem
                0x20000da0        0x4 c:/users/cotaa/documents/pico/pico-toolchain/gcc-arm-none-eabi-9-2019-q4-major-win32/bin/../lib/gcc/arm-none-eabi/9.2.1/../../../../arm-none-eabi/lib/thumb/v6-m/nofp\libc.a(lib_a-mallocr.o)
                0x20000da0                __malloc_max_sbrked_mem
 .bss.__malloc_max_total_mem
                0x20000da4        0x4 c:/users/cotaa/documents/pico/pico-toolchain/gcc-arm-none-eabi-9-2019-q4-major-win32/bin/../lib/gcc/arm-none-eabi/9.2.1/../../../../arm-none-eabi/lib/thumb/v6-m/nofp\libc.a(lib_a-mallocr.o)
                0x20000da4                __malloc_max_total_mem
 .bss.__malloc_top_pad
                0x20000da8        0x4 c:/users/cotaa/documents/pico/pico-toolchain/gcc-arm-none-eabi-9-2019-q4-major-win32/bin/../lib/gcc/arm-none-eabi/9.2.1/../../../../arm-none-eabi/lib/thumb/v6-m/nofp\libc.a(lib_a-mallocr.o)
                0x20000da8                __malloc_top_pad
 .bss.alarm_callbacks
                0x20000dac       0x10 CMakeFiles/spi_flash.dir/C_/Users/cotaa/Documents/Pico/pico-sdk/src/rp2_common/hardware_timer/timer.c.obj
 .bss.configured_freq
                0x20000dbc       0x28 CMakeFiles/spi_flash.dir/C_/Users/cotaa/Documents/Pico/pico-sdk/src/rp2_common/hardware_clocks/clocks.c.obj
 .bss.default_alarm_pool
                0x20000de4        0x4 CMakeFiles/spi_flash.dir/C_/Users/cotaa/Documents/Pico/pico-sdk/src/common/pico_time/time.c.obj
 .bss.drivers   0x20000de8        0x4 CMakeFiles/spi_flash.dir/C_/Users/cotaa/Documents/Pico/pico-sdk/src/rp2_common/pico_stdio/stdio.c.obj
 .bss.filter    0x20000dec        0x4 CMakeFiles/spi_flash.dir/C_/Users/cotaa/Documents/Pico/pico-sdk/src/rp2_common/pico_stdio/stdio.c.obj
 .bss.heap_end.5770
                0x20000df0        0x4 CMakeFiles/spi_flash.dir/C_/Users/cotaa/Documents/Pico/pico-sdk/src/rp2_common/pico_runtime/runtime.c.obj
 .bss.lazy_vsnprintf
                0x20000df4        0x4 CMakeFiles/spi_flash.dir/C_/Users/cotaa/Documents/Pico/pico-sdk/src/rp2_common/pico_printf/printf.c.obj
 .bss.pools     0x20000df8       0x10 CMakeFiles/spi_flash.dir/C_/Users/cotaa/Documents/Pico/pico-sdk/src/common/pico_time/time.c.obj
 .bss.target_hi
                0x20000e08       0x10 CMakeFiles/spi_flash.dir/C_/Users/cotaa/Documents/Pico/pico-sdk/src/rp2_common/hardware_timer/timer.c.obj
 .bss.claimed   0x20000e18        0x1 CMakeFiles/spi_flash.dir/C_/Users/cotaa/Documents/Pico/pico-sdk/src/rp2_common/hardware_timer/timer.c.obj
 .bss.irq_hander_chain_free_slot_head
                0x20000e19        0x1 CMakeFiles/spi_flash.dir/C_/Users/cotaa/Documents/Pico/pico-sdk/src/rp2_common/hardware_irq/irq.c.obj
 .bss.timer_callbacks_pending
                0x20000e1a        0x1 CMakeFiles/spi_flash.dir/C_/Users/cotaa/Documents/Pico/pico-sdk/src/rp2_common/hardware_timer/timer.c.obj
 *(COMMON)
 *fill*         0x20000e1b        0x1 
 COMMON         0x20000e1c        0x4 CMakeFiles/spi_flash.dir/C_/Users/cotaa/Documents/Pico/pico-sdk/src/rp2_common/hardware_uart/uart.c.obj
                0x20000e1c                uart_char_to_line_feed
 COMMON         0x20000e20      0x100 CMakeFiles/spi_flash.dir/C_/Users/cotaa/Documents/Pico/pico-sdk/src/rp2_common/pico_double/double_init_rom.c.obj
                0x20000e20                sd_table
 COMMON         0x20000f20      0x104 CMakeFiles/spi_flash.dir/C_/Users/cotaa/Documents/Pico/pico-sdk/src/rp2_common/pico_float/float_init_rom.c.obj
                0x20000f20                sf_table
                0x20001020                sf_clz_func
 COMMON         0x20001024       0x21 c:/users/cotaa/documents/pico/pico-toolchain/gcc-arm-none-eabi-9-2019-q4-major-win32/bin/../lib/gcc/arm-none-eabi/9.2.1/../../../../arm-none-eabi/lib/thumb/v6-m/nofp\libc.a(lib_a-lock.o)
                0x20001024                __lock___atexit_recursive_mutex
                0x20001028                __lock___arc4random_mutex
                0x2000102c                __lock___env_recursive_mutex
                0x20001030                __lock___sinit_recursive_mutex
                0x20001034                __lock___malloc_recursive_mutex
                0x20001038                __lock___at_quick_exit_mutex
                0x2000103c                __lock___dd_hash_mutex
                0x20001040                __lock___tz_mutex
                0x20001044                __lock___sfp_recursive_mutex
 *fill*         0x20001045        0x3 
 COMMON         0x20001048        0x4 c:/users/cotaa/documents/pico/pico-toolchain/gcc-arm-none-eabi-9-2019-q4-major-win32/bin/../lib/gcc/arm-none-eabi/9.2.1/../../../../arm-none-eabi/lib/thumb/v6-m/nofp\libc.a(lib_a-reent.o)
                0x20001048                errno
                0x2000104c                . = ALIGN (0x4)
                0x2000104c                __bss_end__ = .

.heap           0x2000104c      0x800
                0x2000104c                __end__ = .
                0x2000104c                end = __end__
 *(.heap*)
 .heap          0x2000104c      0x800 CMakeFiles/spi_flash.dir/C_/Users/cotaa/Documents/Pico/pico-sdk/src/rp2_common/pico_standard_link/crt0.S.obj
                0x2000184c                __HeapLimit = .

.stack1_dummy   0x20040000        0x0
 *(.stack1*)

.stack_dummy    0x20041000      0x800
 *(.stack*)
 .stack         0x20041000      0x800 CMakeFiles/spi_flash.dir/C_/Users/cotaa/Documents/Pico/pico-sdk/src/rp2_common/pico_standard_link/crt0.S.obj

.flash_end      0x10005ca0        0x0
                0x10005ca0                __flash_binary_end = .
                0x20040000                __StackLimit = (ORIGIN (RAM) + LENGTH (RAM))
                0x20041000                __StackOneTop = (ORIGIN (SCRATCH_X) + LENGTH (SCRATCH_X))
                0x20042000                __StackTop = (ORIGIN (SCRATCH_Y) + LENGTH (SCRATCH_Y))
                0x20041000                __StackOneBottom = (__StackOneTop - SIZEOF (.stack1_dummy))
                0x20041800                __StackBottom = (__StackTop - SIZEOF (.stack_dummy))
                0x20042000                PROVIDE (__stack = __StackTop)
                0x00000001                ASSERT ((__StackLimit >= __HeapLimit), region RAM overflowed)
LOAD CMakeFiles/spi_flash.dir/spi_flash.c.obj
LOAD CMakeFiles/spi_flash.dir/C_/Users/cotaa/Documents/Pico/pico-sdk/src/rp2_common/pico_stdlib/stdlib.c.obj
LOAD CMakeFiles/spi_flash.dir/C_/Users/cotaa/Documents/Pico/pico-sdk/src/rp2_common/hardware_gpio/gpio.c.obj
LOAD CMakeFiles/spi_flash.dir/C_/Users/cotaa/Documents/Pico/pico-sdk/src/rp2_common/hardware_claim/claim.c.obj
LOAD CMakeFiles/spi_flash.dir/C_/Users/cotaa/Documents/Pico/pico-sdk/src/rp2_common/hardware_sync/sync.c.obj
LOAD CMakeFiles/spi_flash.dir/C_/Users/cotaa/Documents/Pico/pico-sdk/src/rp2_common/pico_platform/platform.c.obj
LOAD CMakeFiles/spi_flash.dir/C_/Users/cotaa/Documents/Pico/pico-sdk/src/rp2_common/hardware_uart/uart.c.obj
LOAD CMakeFiles/spi_flash.dir/C_/Users/cotaa/Documents/Pico/pico-sdk/src/rp2_common/hardware_divider/divider.S.obj
LOAD CMakeFiles/spi_flash.dir/C_/Users/cotaa/Documents/Pico/pico-sdk/src/common/pico_time/time.c.obj
LOAD CMakeFiles/spi_flash.dir/C_/Users/cotaa/Documents/Pico/pico-sdk/src/common/pico_time/timeout_helper.c.obj
LOAD CMakeFiles/spi_flash.dir/C_/Users/cotaa/Documents/Pico/pico-sdk/src/rp2_common/hardware_timer/timer.c.obj
LOAD CMakeFiles/spi_flash.dir/C_/Users/cotaa/Documents/Pico/pico-sdk/src/common/pico_sync/sem.c.obj
LOAD CMakeFiles/spi_flash.dir/C_/Users/cotaa/Documents/Pico/pico-sdk/src/common/pico_sync/lock_core.c.obj
LOAD CMakeFiles/spi_flash.dir/C_/Users/cotaa/Documents/Pico/pico-sdk/src/common/pico_sync/mutex.c.obj
LOAD CMakeFiles/spi_flash.dir/C_/Users/cotaa/Documents/Pico/pico-sdk/src/common/pico_sync/critical_section.c.obj
LOAD CMakeFiles/spi_flash.dir/C_/Users/cotaa/Documents/Pico/pico-sdk/src/common/pico_util/datetime.c.obj
LOAD CMakeFiles/spi_flash.dir/C_/Users/cotaa/Documents/Pico/pico-sdk/src/common/pico_util/pheap.c.obj
LOAD CMakeFiles/spi_flash.dir/C_/Users/cotaa/Documents/Pico/pico-sdk/src/common/pico_util/queue.c.obj
LOAD CMakeFiles/spi_flash.dir/C_/Users/cotaa/Documents/Pico/pico-sdk/src/rp2_common/pico_runtime/runtime.c.obj
LOAD CMakeFiles/spi_flash.dir/C_/Users/cotaa/Documents/Pico/pico-sdk/src/rp2_common/hardware_clocks/clocks.c.obj
LOAD CMakeFiles/spi_flash.dir/C_/Users/cotaa/Documents/Pico/pico-sdk/src/rp2_common/hardware_watchdog/watchdog.c.obj
LOAD CMakeFiles/spi_flash.dir/C_/Users/cotaa/Documents/Pico/pico-sdk/src/rp2_common/hardware_xosc/xosc.c.obj
LOAD CMakeFiles/spi_flash.dir/C_/Users/cotaa/Documents/Pico/pico-sdk/src/rp2_common/hardware_pll/pll.c.obj
LOAD CMakeFiles/spi_flash.dir/C_/Users/cotaa/Documents/Pico/pico-sdk/src/rp2_common/hardware_vreg/vreg.c.obj
LOAD CMakeFiles/spi_flash.dir/C_/Users/cotaa/Documents/Pico/pico-sdk/src/rp2_common/hardware_irq/irq.c.obj
LOAD CMakeFiles/spi_flash.dir/C_/Users/cotaa/Documents/Pico/pico-sdk/src/rp2_common/hardware_irq/irq_handler_chain.S.obj
LOAD CMakeFiles/spi_flash.dir/C_/Users/cotaa/Documents/Pico/pico-sdk/src/rp2_common/pico_printf/printf.c.obj
LOAD CMakeFiles/spi_flash.dir/C_/Users/cotaa/Documents/Pico/pico-sdk/src/rp2_common/pico_bit_ops/bit_ops_aeabi.S.obj
LOAD CMakeFiles/spi_flash.dir/C_/Users/cotaa/Documents/Pico/pico-sdk/src/rp2_common/pico_bootrom/bootrom.c.obj
LOAD CMakeFiles/spi_flash.dir/C_/Users/cotaa/Documents/Pico/pico-sdk/src/rp2_common/pico_divider/divider.S.obj
LOAD CMakeFiles/spi_flash.dir/C_/Users/cotaa/Documents/Pico/pico-sdk/src/rp2_common/pico_double/double_aeabi.S.obj
LOAD CMakeFiles/spi_flash.dir/C_/Users/cotaa/Documents/Pico/pico-sdk/src/rp2_common/pico_double/double_init_rom.c.obj
LOAD CMakeFiles/spi_flash.dir/C_/Users/cotaa/Documents/Pico/pico-sdk/src/rp2_common/pico_double/double_math.c.obj
LOAD CMakeFiles/spi_flash.dir/C_/Users/cotaa/Documents/Pico/pico-sdk/src/rp2_common/pico_double/double_v1_rom_shim.S.obj
LOAD CMakeFiles/spi_flash.dir/C_/Users/cotaa/Documents/Pico/pico-sdk/src/rp2_common/pico_int64_ops/pico_int64_ops_aeabi.S.obj
LOAD CMakeFiles/spi_flash.dir/C_/Users/cotaa/Documents/Pico/pico-sdk/src/rp2_common/pico_float/float_aeabi.S.obj
LOAD CMakeFiles/spi_flash.dir/C_/Users/cotaa/Documents/Pico/pico-sdk/src/rp2_common/pico_float/float_init_rom.c.obj
LOAD CMakeFiles/spi_flash.dir/C_/Users/cotaa/Documents/Pico/pico-sdk/src/rp2_common/pico_float/float_math.c.obj
LOAD CMakeFiles/spi_flash.dir/C_/Users/cotaa/Documents/Pico/pico-sdk/src/rp2_common/pico_float/float_v1_rom_shim.S.obj
LOAD CMakeFiles/spi_flash.dir/C_/Users/cotaa/Documents/Pico/pico-sdk/src/rp2_common/pico_malloc/pico_malloc.c.obj
LOAD CMakeFiles/spi_flash.dir/C_/Users/cotaa/Documents/Pico/pico-sdk/src/rp2_common/pico_mem_ops/mem_ops_aeabi.S.obj
LOAD CMakeFiles/spi_flash.dir/C_/Users/cotaa/Documents/Pico/pico-sdk/src/rp2_common/pico_standard_link/crt0.S.obj
LOAD CMakeFiles/spi_flash.dir/C_/Users/cotaa/Documents/Pico/pico-sdk/src/rp2_common/pico_standard_link/new_delete.cpp.obj
LOAD CMakeFiles/spi_flash.dir/C_/Users/cotaa/Documents/Pico/pico-sdk/src/rp2_common/pico_standard_link/binary_info.c.obj
LOAD CMakeFiles/spi_flash.dir/C_/Users/cotaa/Documents/Pico/pico-sdk/src/rp2_common/pico_stdio/stdio.c.obj
LOAD CMakeFiles/spi_flash.dir/C_/Users/cotaa/Documents/Pico/pico-sdk/src/rp2_common/pico_stdio_uart/stdio_uart.c.obj
LOAD CMakeFiles/spi_flash.dir/C_/Users/cotaa/Documents/Pico/pico-sdk/src/rp2_common/hardware_spi/spi.c.obj
LOAD C:\Users\cotaa\AppData\Local\Temp\cceoLUCa.o
LOAD c:/users/cotaa/documents/pico/pico-toolchain/gcc-arm-none-eabi-9-2019-q4-major-win32/bin/../lib/gcc/arm-none-eabi/9.2.1/../../../../arm-none-eabi/lib/thumb/v6-m/nofp\libstdc++.a
LOAD c:/users/cotaa/documents/pico/pico-toolchain/gcc-arm-none-eabi-9-2019-q4-major-win32/bin/../lib/gcc/arm-none-eabi/9.2.1/../../../../arm-none-eabi/lib/thumb/v6-m/nofp\libm.a
START GROUP
LOAD c:/users/cotaa/documents/pico/pico-toolchain/gcc-arm-none-eabi-9-2019-q4-major-win32/bin/../lib/gcc/arm-none-eabi/9.2.1/thumb/v6-m/nofp\libgcc.a
LOAD c:/users/cotaa/documents/pico/pico-toolchain/gcc-arm-none-eabi-9-2019-q4-major-win32/bin/../lib/gcc/arm-none-eabi/9.2.1/../../../../arm-none-eabi/lib/thumb/v6-m/nofp\libc.a
END GROUP
START GROUP
LOAD c:/users/cotaa/documents/pico/pico-toolchain/gcc-arm-none-eabi-9-2019-q4-major-win32/bin/../lib/gcc/arm-none-eabi/9.2.1/thumb/v6-m/nofp\libgcc.a
LOAD c:/users/cotaa/documents/pico/pico-toolchain/gcc-arm-none-eabi-9-2019-q4-major-win32/bin/../lib/gcc/arm-none-eabi/9.2.1/../../../../arm-none-eabi/lib/thumb/v6-m/nofp\libc.a
LOAD c:/users/cotaa/documents/pico/pico-toolchain/gcc-arm-none-eabi-9-2019-q4-major-win32/bin/../lib/gcc/arm-none-eabi/9.2.1/../../../../arm-none-eabi/lib/thumb/v6-m/nofp\libnosys.a
END GROUP
LOAD c:/users/cotaa/documents/pico/pico-toolchain/gcc-arm-none-eabi-9-2019-q4-major-win32/bin/../lib/gcc/arm-none-eabi/9.2.1/thumb/v6-m/nofp/crtend.o
LOAD c:/users/cotaa/documents/pico/pico-toolchain/gcc-arm-none-eabi-9-2019-q4-major-win32/bin/../lib/gcc/arm-none-eabi/9.2.1/thumb/v6-m/nofp/crtn.o
OUTPUT(spi_flash.elf elf32-littlearm)

.ARM.attributes
                0x00000000       0x28
 .ARM.attributes
                0x00000000       0x1e c:/users/cotaa/documents/pico/pico-toolchain/gcc-arm-none-eabi-9-2019-q4-major-win32/bin/../lib/gcc/arm-none-eabi/9.2.1/thumb/v6-m/nofp/crti.o
 .ARM.attributes
                0x0000001e       0x2c c:/users/cotaa/documents/pico/pico-toolchain/gcc-arm-none-eabi-9-2019-q4-major-win32/bin/../lib/gcc/arm-none-eabi/9.2.1/thumb/v6-m/nofp/crtbegin.o
 .ARM.attributes
                0x0000004a       0x2b CMakeFiles/spi_flash.dir/spi_flash.c.obj
 .ARM.attributes
                0x00000075       0x2b CMakeFiles/spi_flash.dir/C_/Users/cotaa/Documents/Pico/pico-sdk/src/rp2_common/hardware_gpio/gpio.c.obj
 .ARM.attributes
                0x000000a0       0x2b CMakeFiles/spi_flash.dir/C_/Users/cotaa/Documents/Pico/pico-sdk/src/rp2_common/hardware_claim/claim.c.obj
 .ARM.attributes
                0x000000cb       0x2b CMakeFiles/spi_flash.dir/C_/Users/cotaa/Documents/Pico/pico-sdk/src/rp2_common/hardware_sync/sync.c.obj
 .ARM.attributes
                0x000000f6       0x2b CMakeFiles/spi_flash.dir/C_/Users/cotaa/Documents/Pico/pico-sdk/src/rp2_common/pico_platform/platform.c.obj
 .ARM.attributes
                0x00000121       0x2b CMakeFiles/spi_flash.dir/C_/Users/cotaa/Documents/Pico/pico-sdk/src/rp2_common/hardware_uart/uart.c.obj
 .ARM.attributes
                0x0000014c       0x2b CMakeFiles/spi_flash.dir/C_/Users/cotaa/Documents/Pico/pico-sdk/src/common/pico_time/time.c.obj
 .ARM.attributes
                0x00000177       0x2b CMakeFiles/spi_flash.dir/C_/Users/cotaa/Documents/Pico/pico-sdk/src/rp2_common/hardware_timer/timer.c.obj
 .ARM.attributes
                0x000001a2       0x2b CMakeFiles/spi_flash.dir/C_/Users/cotaa/Documents/Pico/pico-sdk/src/common/pico_sync/lock_core.c.obj
 .ARM.attributes
                0x000001cd       0x2b CMakeFiles/spi_flash.dir/C_/Users/cotaa/Documents/Pico/pico-sdk/src/common/pico_sync/mutex.c.obj
 .ARM.attributes
                0x000001f8       0x2b CMakeFiles/spi_flash.dir/C_/Users/cotaa/Documents/Pico/pico-sdk/src/common/pico_util/pheap.c.obj
 .ARM.attributes
                0x00000223       0x2b CMakeFiles/spi_flash.dir/C_/Users/cotaa/Documents/Pico/pico-sdk/src/rp2_common/pico_runtime/runtime.c.obj
 .ARM.attributes
                0x0000024e       0x2b CMakeFiles/spi_flash.dir/C_/Users/cotaa/Documents/Pico/pico-sdk/src/rp2_common/hardware_clocks/clocks.c.obj
 .ARM.attributes
                0x00000279       0x2b CMakeFiles/spi_flash.dir/C_/Users/cotaa/Documents/Pico/pico-sdk/src/rp2_common/hardware_watchdog/watchdog.c.obj
 .ARM.attributes
                0x000002a4       0x2b CMakeFiles/spi_flash.dir/C_/Users/cotaa/Documents/Pico/pico-sdk/src/rp2_common/hardware_xosc/xosc.c.obj
 .ARM.attributes
                0x000002cf       0x2b CMakeFiles/spi_flash.dir/C_/Users/cotaa/Documents/Pico/pico-sdk/src/rp2_common/hardware_pll/pll.c.obj
 .ARM.attributes
                0x000002fa       0x2b CMakeFiles/spi_flash.dir/C_/Users/cotaa/Documents/Pico/pico-sdk/src/rp2_common/hardware_irq/irq.c.obj
 .ARM.attributes
                0x00000325       0x22 CMakeFiles/spi_flash.dir/C_/Users/cotaa/Documents/Pico/pico-sdk/src/rp2_common/hardware_irq/irq_handler_chain.S.obj
 .ARM.attributes
                0x00000347       0x2b CMakeFiles/spi_flash.dir/C_/Users/cotaa/Documents/Pico/pico-sdk/src/rp2_common/pico_printf/printf.c.obj
 .ARM.attributes
                0x00000372       0x22 CMakeFiles/spi_flash.dir/C_/Users/cotaa/Documents/Pico/pico-sdk/src/rp2_common/pico_bit_ops/bit_ops_aeabi.S.obj
 .ARM.attributes
                0x00000394       0x2b CMakeFiles/spi_flash.dir/C_/Users/cotaa/Documents/Pico/pico-sdk/src/rp2_common/pico_bootrom/bootrom.c.obj
 .ARM.attributes
                0x000003bf       0x22 CMakeFiles/spi_flash.dir/C_/Users/cotaa/Documents/Pico/pico-sdk/src/rp2_common/pico_divider/divider.S.obj
 .ARM.attributes
                0x000003e1       0x22 CMakeFiles/spi_flash.dir/C_/Users/cotaa/Documents/Pico/pico-sdk/src/rp2_common/pico_double/double_aeabi.S.obj
 .ARM.attributes
                0x00000403       0x2b CMakeFiles/spi_flash.dir/C_/Users/cotaa/Documents/Pico/pico-sdk/src/rp2_common/pico_double/double_init_rom.c.obj
 .ARM.attributes
                0x0000042e       0x22 CMakeFiles/spi_flash.dir/C_/Users/cotaa/Documents/Pico/pico-sdk/src/rp2_common/pico_double/double_v1_rom_shim.S.obj
 .ARM.attributes
                0x00000450       0x22 CMakeFiles/spi_flash.dir/C_/Users/cotaa/Documents/Pico/pico-sdk/src/rp2_common/pico_float/float_aeabi.S.obj
 .ARM.attributes
                0x00000472       0x2b CMakeFiles/spi_flash.dir/C_/Users/cotaa/Documents/Pico/pico-sdk/src/rp2_common/pico_float/float_init_rom.c.obj
 .ARM.attributes
                0x0000049d       0x22 CMakeFiles/spi_flash.dir/C_/Users/cotaa/Documents/Pico/pico-sdk/src/rp2_common/pico_float/float_v1_rom_shim.S.obj
 .ARM.attributes
                0x000004bf       0x2b CMakeFiles/spi_flash.dir/C_/Users/cotaa/Documents/Pico/pico-sdk/src/rp2_common/pico_malloc/pico_malloc.c.obj
 .ARM.attributes
                0x000004ea       0x22 CMakeFiles/spi_flash.dir/C_/Users/cotaa/Documents/Pico/pico-sdk/src/rp2_common/pico_mem_ops/mem_ops_aeabi.S.obj
 .ARM.attributes
                0x0000050c       0x22 CMakeFiles/spi_flash.dir/C_/Users/cotaa/Documents/Pico/pico-sdk/src/rp2_common/pico_standard_link/crt0.S.obj
 .ARM.attributes
                0x0000052e       0x32 CMakeFiles/spi_flash.dir/C_/Users/cotaa/Documents/Pico/pico-sdk/src/rp2_common/pico_standard_link/binary_info.c.obj
 .ARM.attributes
                0x00000560       0x2b CMakeFiles/spi_flash.dir/C_/Users/cotaa/Documents/Pico/pico-sdk/src/rp2_common/pico_stdio/stdio.c.obj
 .ARM.attributes
                0x0000058b       0x2b CMakeFiles/spi_flash.dir/C_/Users/cotaa/Documents/Pico/pico-sdk/src/rp2_common/pico_stdio_uart/stdio_uart.c.obj
 .ARM.attributes
                0x000005b6       0x2b CMakeFiles/spi_flash.dir/C_/Users/cotaa/Documents/Pico/pico-sdk/src/rp2_common/hardware_spi/spi.c.obj
 .ARM.attributes
                0x000005e1       0x1b C:\Users\cotaa\AppData\Local\Temp\ccKwPUCa.o
 .ARM.attributes
                0x000005fc       0x1e c:/users/cotaa/documents/pico/pico-toolchain/gcc-arm-none-eabi-9-2019-q4-major-win32/bin/../lib/gcc/arm-none-eabi/9.2.1/thumb/v6-m/nofp\libgcc.a(_dvmd_tls.o)
 .ARM.attributes
                0x0000061a       0x2c c:/users/cotaa/documents/pico/pico-toolchain/gcc-arm-none-eabi-9-2019-q4-major-win32/bin/../lib/gcc/arm-none-eabi/9.2.1/../../../../arm-none-eabi/lib/thumb/v6-m/nofp\libc.a(lib_a-calloc.o)
 .ARM.attributes
                0x00000646       0x2c c:/users/cotaa/documents/pico/pico-toolchain/gcc-arm-none-eabi-9-2019-q4-major-win32/bin/../lib/gcc/arm-none-eabi/9.2.1/../../../../arm-none-eabi/lib/thumb/v6-m/nofp\libc.a(lib_a-callocr.o)
 .ARM.attributes
                0x00000672       0x2c c:/users/cotaa/documents/pico/pico-toolchain/gcc-arm-none-eabi-9-2019-q4-major-win32/bin/../lib/gcc/arm-none-eabi/9.2.1/../../../../arm-none-eabi/lib/thumb/v6-m/nofp\libc.a(lib_a-impure.o)
 .ARM.attributes
                0x0000069e       0x2c c:/users/cotaa/documents/pico/pico-toolchain/gcc-arm-none-eabi-9-2019-q4-major-win32/bin/../lib/gcc/arm-none-eabi/9.2.1/../../../../arm-none-eabi/lib/thumb/v6-m/nofp\libc.a(lib_a-malloc.o)
 .ARM.attributes
                0x000006ca       0x2c c:/users/cotaa/documents/pico/pico-toolchain/gcc-arm-none-eabi-9-2019-q4-major-win32/bin/../lib/gcc/arm-none-eabi/9.2.1/../../../../arm-none-eabi/lib/thumb/v6-m/nofp\libc.a(lib_a-mallocr.o)
 .ARM.attributes
                0x000006f6       0x2c c:/users/cotaa/documents/pico/pico-toolchain/gcc-arm-none-eabi-9-2019-q4-major-win32/bin/../lib/gcc/arm-none-eabi/9.2.1/../../../../arm-none-eabi/lib/thumb/v6-m/nofp\libc.a(lib_a-mlock.o)
 .ARM.attributes
                0x00000722       0x2c c:/users/cotaa/documents/pico/pico-toolchain/gcc-arm-none-eabi-9-2019-q4-major-win32/bin/../lib/gcc/arm-none-eabi/9.2.1/../../../../arm-none-eabi/lib/thumb/v6-m/nofp\libc.a(lib_a-sbrkr.o)
 .ARM.attributes
                0x0000074e       0x2c c:/users/cotaa/documents/pico/pico-toolchain/gcc-arm-none-eabi-9-2019-q4-major-win32/bin/../lib/gcc/arm-none-eabi/9.2.1/../../../../arm-none-eabi/lib/thumb/v6-m/nofp\libc.a(lib_a-strlen-stub.o)
 .ARM.attributes
                0x0000077a       0x2c c:/users/cotaa/documents/pico/pico-toolchain/gcc-arm-none-eabi-9-2019-q4-major-win32/bin/../lib/gcc/arm-none-eabi/9.2.1/../../../../arm-none-eabi/lib/thumb/v6-m/nofp\libc.a(lib_a-freer.o)
 .ARM.attributes
                0x000007a6       0x2c c:/users/cotaa/documents/pico/pico-toolchain/gcc-arm-none-eabi-9-2019-q4-major-win32/bin/../lib/gcc/arm-none-eabi/9.2.1/../../../../arm-none-eabi/lib/thumb/v6-m/nofp\libc.a(lib_a-lock.o)
 .ARM.attributes
                0x000007d2       0x2c c:/users/cotaa/documents/pico/pico-toolchain/gcc-arm-none-eabi-9-2019-q4-major-win32/bin/../lib/gcc/arm-none-eabi/9.2.1/../../../../arm-none-eabi/lib/thumb/v6-m/nofp\libc.a(lib_a-reent.o)

.comment        0x00000000       0x79
 .comment       0x00000000       0x79 CMakeFiles/spi_flash.dir/spi_flash.c.obj
                                 0x7a (size before relaxing)
 .comment       0x00000079       0x7a CMakeFiles/spi_flash.dir/C_/Users/cotaa/Documents/Pico/pico-sdk/src/rp2_common/hardware_gpio/gpio.c.obj
 .comment       0x00000079       0x7a CMakeFiles/spi_flash.dir/C_/Users/cotaa/Documents/Pico/pico-sdk/src/rp2_common/hardware_claim/claim.c.obj
 .comment       0x00000079       0x7a CMakeFiles/spi_flash.dir/C_/Users/cotaa/Documents/Pico/pico-sdk/src/rp2_common/hardware_sync/sync.c.obj
 .comment       0x00000079       0x7a CMakeFiles/spi_flash.dir/C_/Users/cotaa/Documents/Pico/pico-sdk/src/rp2_common/pico_platform/platform.c.obj
 .comment       0x00000079       0x7a CMakeFiles/spi_flash.dir/C_/Users/cotaa/Documents/Pico/pico-sdk/src/rp2_common/hardware_uart/uart.c.obj
 .comment       0x00000079       0x7a CMakeFiles/spi_flash.dir/C_/Users/cotaa/Documents/Pico/pico-sdk/src/common/pico_time/time.c.obj
 .comment       0x00000079       0x7a CMakeFiles/spi_flash.dir/C_/Users/cotaa/Documents/Pico/pico-sdk/src/rp2_common/hardware_timer/timer.c.obj
 .comment       0x00000079       0x7a CMakeFiles/spi_flash.dir/C_/Users/cotaa/Documents/Pico/pico-sdk/src/common/pico_sync/lock_core.c.obj
 .comment       0x00000079       0x7a CMakeFiles/spi_flash.dir/C_/Users/cotaa/Documents/Pico/pico-sdk/src/common/pico_sync/mutex.c.obj
 .comment       0x00000079       0x7a CMakeFiles/spi_flash.dir/C_/Users/cotaa/Documents/Pico/pico-sdk/src/common/pico_util/pheap.c.obj
 .comment       0x00000079       0x7a CMakeFiles/spi_flash.dir/C_/Users/cotaa/Documents/Pico/pico-sdk/src/rp2_common/pico_runtime/runtime.c.obj
 .comment       0x00000079       0x7a CMakeFiles/spi_flash.dir/C_/Users/cotaa/Documents/Pico/pico-sdk/src/rp2_common/hardware_clocks/clocks.c.obj
 .comment       0x00000079       0x7a CMakeFiles/spi_flash.dir/C_/Users/cotaa/Documents/Pico/pico-sdk/src/rp2_common/hardware_watchdog/watchdog.c.obj
 .comment       0x00000079       0x7a CMakeFiles/spi_flash.dir/C_/Users/cotaa/Documents/Pico/pico-sdk/src/rp2_common/hardware_xosc/xosc.c.obj
 .comment       0x00000079       0x7a CMakeFiles/spi_flash.dir/C_/Users/cotaa/Documents/Pico/pico-sdk/src/rp2_common/hardware_pll/pll.c.obj
 .comment       0x00000079       0x7a CMakeFiles/spi_flash.dir/C_/Users/cotaa/Documents/Pico/pico-sdk/src/rp2_common/hardware_irq/irq.c.obj
 .comment       0x00000079       0x7a CMakeFiles/spi_flash.dir/C_/Users/cotaa/Documents/Pico/pico-sdk/src/rp2_common/pico_printf/printf.c.obj
 .comment       0x00000079       0x7a CMakeFiles/spi_flash.dir/C_/Users/cotaa/Documents/Pico/pico-sdk/src/rp2_common/pico_bootrom/bootrom.c.obj
 .comment       0x00000079       0x7a CMakeFiles/spi_flash.dir/C_/Users/cotaa/Documents/Pico/pico-sdk/src/rp2_common/pico_double/double_init_rom.c.obj
 .comment       0x00000079       0x7a CMakeFiles/spi_flash.dir/C_/Users/cotaa/Documents/Pico/pico-sdk/src/rp2_common/pico_float/float_init_rom.c.obj
 .comment       0x00000079       0x7a CMakeFiles/spi_flash.dir/C_/Users/cotaa/Documents/Pico/pico-sdk/src/rp2_common/pico_malloc/pico_malloc.c.obj
 .comment       0x00000079       0x7a CMakeFiles/spi_flash.dir/C_/Users/cotaa/Documents/Pico/pico-sdk/src/rp2_common/pico_standard_link/binary_info.c.obj
 .comment       0x00000079       0x7a CMakeFiles/spi_flash.dir/C_/Users/cotaa/Documents/Pico/pico-sdk/src/rp2_common/pico_stdio/stdio.c.obj
 .comment       0x00000079       0x7a CMakeFiles/spi_flash.dir/C_/Users/cotaa/Documents/Pico/pico-sdk/src/rp2_common/pico_stdio_uart/stdio_uart.c.obj
 .comment       0x00000079       0x7a CMakeFiles/spi_flash.dir/C_/Users/cotaa/Documents/Pico/pico-sdk/src/rp2_common/hardware_spi/spi.c.obj

.debug_frame    0x00000000      0x2ac
 .debug_frame   0x00000000       0x28 c:/users/cotaa/documents/pico/pico-toolchain/gcc-arm-none-eabi-9-2019-q4-major-win32/bin/../lib/gcc/arm-none-eabi/9.2.1/../../../../arm-none-eabi/lib/thumb/v6-m/nofp\libc.a(lib_a-calloc.o)
 .debug_frame   0x00000028       0x28 c:/users/cotaa/documents/pico/pico-toolchain/gcc-arm-none-eabi-9-2019-q4-major-win32/bin/../lib/gcc/arm-none-eabi/9.2.1/../../../../arm-none-eabi/lib/thumb/v6-m/nofp\libc.a(lib_a-callocr.o)
 .debug_frame   0x00000050       0x40 c:/users/cotaa/documents/pico/pico-toolchain/gcc-arm-none-eabi-9-2019-q4-major-win32/bin/../lib/gcc/arm-none-eabi/9.2.1/../../../../arm-none-eabi/lib/thumb/v6-m/nofp\libc.a(lib_a-malloc.o)
 .debug_frame   0x00000090       0x3c c:/users/cotaa/documents/pico/pico-toolchain/gcc-arm-none-eabi-9-2019-q4-major-win32/bin/../lib/gcc/arm-none-eabi/9.2.1/../../../../arm-none-eabi/lib/thumb/v6-m/nofp\libc.a(lib_a-mallocr.o)
 .debug_frame   0x000000cc       0x40 c:/users/cotaa/documents/pico/pico-toolchain/gcc-arm-none-eabi-9-2019-q4-major-win32/bin/../lib/gcc/arm-none-eabi/9.2.1/../../../../arm-none-eabi/lib/thumb/v6-m/nofp\libc.a(lib_a-mlock.o)
 .debug_frame   0x0000010c       0x2c c:/users/cotaa/documents/pico/pico-toolchain/gcc-arm-none-eabi-9-2019-q4-major-win32/bin/../lib/gcc/arm-none-eabi/9.2.1/../../../../arm-none-eabi/lib/thumb/v6-m/nofp\libc.a(lib_a-sbrkr.o)
 .debug_frame   0x00000138       0x28 c:/users/cotaa/documents/pico/pico-toolchain/gcc-arm-none-eabi-9-2019-q4-major-win32/bin/../lib/gcc/arm-none-eabi/9.2.1/../../../../arm-none-eabi/lib/thumb/v6-m/nofp\libc.a(lib_a-strlen-stub.o)
 .debug_frame   0x00000160       0x54 c:/users/cotaa/documents/pico/pico-toolchain/gcc-arm-none-eabi-9-2019-q4-major-win32/bin/../lib/gcc/arm-none-eabi/9.2.1/../../../../arm-none-eabi/lib/thumb/v6-m/nofp\libc.a(lib_a-freer.o)
 .debug_frame   0x000001b4       0xb0 c:/users/cotaa/documents/pico/pico-toolchain/gcc-arm-none-eabi-9-2019-q4-major-win32/bin/../lib/gcc/arm-none-eabi/9.2.1/../../../../arm-none-eabi/lib/thumb/v6-m/nofp\libc.a(lib_a-lock.o)
 .debug_frame   0x00000264       0x48 c:/users/cotaa/documents/pico/pico-toolchain/gcc-arm-none-eabi-9-2019-q4-major-win32/bin/../lib/gcc/arm-none-eabi/9.2.1/../../../../arm-none-eabi/lib/thumb/v6-m/nofp\libc.a(lib_a-reent.o)
