Archive member included to satisfy reference by file (symbol)

c:/users/cotaa/documents/pico/pico-toolchain/gcc-arm-none-eabi-9-2019-q4-major-win32/bin/../lib/gcc/arm-none-eabi/9.2.1/thumb/v6-m/nofp\libgcc.a(_dvmd_tls.o)
                              CMakeFiles/hello_double_tap.dir/C_/Users/cotaa/Documents/Pico/pico-sdk/src/rp2_common/pico_divider/divider.S.obj (__aeabi_idiv0)
c:/users/cotaa/documents/pico/pico-toolchain/gcc-arm-none-eabi-9-2019-q4-major-win32/bin/../lib/gcc/arm-none-eabi/9.2.1/../../../../arm-none-eabi/lib/thumb/v6-m/nofp\libc.a(lib_a-calloc.o)
                              CMakeFiles/hello_double_tap.dir/C_/Users/cotaa/Documents/Pico/pico-sdk/src/rp2_common/pico_malloc/pico_malloc.c.obj (calloc)
c:/users/cotaa/documents/pico/pico-toolchain/gcc-arm-none-eabi-9-2019-q4-major-win32/bin/../lib/gcc/arm-none-eabi/9.2.1/../../../../arm-none-eabi/lib/thumb/v6-m/nofp\libc.a(lib_a-callocr.o)
                              c:/users/cotaa/documents/pico/pico-toolchain/gcc-arm-none-eabi-9-2019-q4-major-win32/bin/../lib/gcc/arm-none-eabi/9.2.1/../../../../arm-none-eabi/lib/thumb/v6-m/nofp\libc.a(lib_a-calloc.o) (_calloc_r)
c:/users/cotaa/documents/pico/pico-toolchain/gcc-arm-none-eabi-9-2019-q4-major-win32/bin/../lib/gcc/arm-none-eabi/9.2.1/../../../../arm-none-eabi/lib/thumb/v6-m/nofp\libc.a(lib_a-impure.o)
                              c:/users/cotaa/documents/pico/pico-toolchain/gcc-arm-none-eabi-9-2019-q4-major-win32/bin/../lib/gcc/arm-none-eabi/9.2.1/../../../../arm-none-eabi/lib/thumb/v6-m/nofp\libc.a(lib_a-calloc.o) (_impure_ptr)
c:/users/cotaa/documents/pico/pico-toolchain/gcc-arm-none-eabi-9-2019-q4-major-win32/bin/../lib/gcc/arm-none-eabi/9.2.1/../../../../arm-none-eabi/lib/thumb/v6-m/nofp\libc.a(lib_a-init.o)
                              c:/users/cotaa/documents/pico/pico-toolchain/gcc-arm-none-eabi-9-2019-q4-major-win32/bin/../lib/gcc/arm-none-eabi/9.2.1/../../../../arm-none-eabi/lib/thumb/v6-m/nofp/crt0.o (__libc_init_array)
c:/users/cotaa/documents/pico/pico-toolchain/gcc-arm-none-eabi-9-2019-q4-major-win32/bin/../lib/gcc/arm-none-eabi/9.2.1/../../../../arm-none-eabi/lib/thumb/v6-m/nofp\libc.a(lib_a-malloc.o)
                              CMakeFiles/hello_double_tap.dir/C_/Users/cotaa/Documents/Pico/pico-sdk/src/rp2_common/pico_malloc/pico_malloc.c.obj (malloc)
c:/users/cotaa/documents/pico/pico-toolchain/gcc-arm-none-eabi-9-2019-q4-major-win32/bin/../lib/gcc/arm-none-eabi/9.2.1/../../../../arm-none-eabi/lib/thumb/v6-m/nofp\libc.a(lib_a-mallocr.o)
                              c:/users/cotaa/documents/pico/pico-toolchain/gcc-arm-none-eabi-9-2019-q4-major-win32/bin/../lib/gcc/arm-none-eabi/9.2.1/../../../../arm-none-eabi/lib/thumb/v6-m/nofp\libc.a(lib_a-callocr.o) (_malloc_r)
c:/users/cotaa/documents/pico/pico-toolchain/gcc-arm-none-eabi-9-2019-q4-major-win32/bin/../lib/gcc/arm-none-eabi/9.2.1/../../../../arm-none-eabi/lib/thumb/v6-m/nofp\libc.a(lib_a-mlock.o)
                              c:/users/cotaa/documents/pico/pico-toolchain/gcc-arm-none-eabi-9-2019-q4-major-win32/bin/../lib/gcc/arm-none-eabi/9.2.1/../../../../arm-none-eabi/lib/thumb/v6-m/nofp\libc.a(lib_a-mallocr.o) (__malloc_lock)
c:/users/cotaa/documents/pico/pico-toolchain/gcc-arm-none-eabi-9-2019-q4-major-win32/bin/../lib/gcc/arm-none-eabi/9.2.1/../../../../arm-none-eabi/lib/thumb/v6-m/nofp\libc.a(lib_a-sbrkr.o)
                              c:/users/cotaa/documents/pico/pico-toolchain/gcc-arm-none-eabi-9-2019-q4-major-win32/bin/../lib/gcc/arm-none-eabi/9.2.1/../../../../arm-none-eabi/lib/thumb/v6-m/nofp\libc.a(lib_a-mallocr.o) (_sbrk_r)
c:/users/cotaa/documents/pico/pico-toolchain/gcc-arm-none-eabi-9-2019-q4-major-win32/bin/../lib/gcc/arm-none-eabi/9.2.1/../../../../arm-none-eabi/lib/thumb/v6-m/nofp\libc.a(lib_a-strlen-stub.o)
                              CMakeFiles/hello_double_tap.dir/C_/Users/cotaa/Documents/Pico/pico-sdk/src/rp2_common/pico_stdio/stdio.c.obj (strlen)
c:/users/cotaa/documents/pico/pico-toolchain/gcc-arm-none-eabi-9-2019-q4-major-win32/bin/../lib/gcc/arm-none-eabi/9.2.1/../../../../arm-none-eabi/lib/thumb/v6-m/nofp\libc.a(lib_a-freer.o)
                              c:/users/cotaa/documents/pico/pico-toolchain/gcc-arm-none-eabi-9-2019-q4-major-win32/bin/../lib/gcc/arm-none-eabi/9.2.1/../../../../arm-none-eabi/lib/thumb/v6-m/nofp\libc.a(lib_a-malloc.o) (_free_r)
c:/users/cotaa/documents/pico/pico-toolchain/gcc-arm-none-eabi-9-2019-q4-major-win32/bin/../lib/gcc/arm-none-eabi/9.2.1/../../../../arm-none-eabi/lib/thumb/v6-m/nofp\libc.a(lib_a-lock.o)
                              c:/users/cotaa/documents/pico/pico-toolchain/gcc-arm-none-eabi-9-2019-q4-major-win32/bin/../lib/gcc/arm-none-eabi/9.2.1/../../../../arm-none-eabi/lib/thumb/v6-m/nofp\libc.a(lib_a-mlock.o) (__retarget_lock_acquire_recursive)
c:/users/cotaa/documents/pico/pico-toolchain/gcc-arm-none-eabi-9-2019-q4-major-win32/bin/../lib/gcc/arm-none-eabi/9.2.1/../../../../arm-none-eabi/lib/thumb/v6-m/nofp\libc.a(lib_a-reent.o)
[...]
Memory Configuration

Name             Origin             Length             Attributes
FLASH            0x10000000         0x00200000         xr
RAM              0x20000000         0x00040000         xrw
SCRATCH_X        0x20040000         0x00001000         xrw
SCRATCH_Y        0x20041000         0x00001000         xrw
*default*        0x00000000         0xffffffff

Linker script and memory map

LOAD c:/users/cotaa/documents/pico/pico-toolchain/gcc-arm-none-eabi-9-2019-q4-major-win32/bin/../lib/gcc/arm-none-eabi/9.2.1/thumb/v6-m/nofp/crti.o
LOAD c:/users/cotaa/documents/pico/pico-toolchain/gcc-arm-none-eabi-9-2019-q4-major-win32/bin/../lib/gcc/arm-none-eabi/9.2.1/thumb/v6-m/nofp/crtbegin.o
LOAD c:/users/cotaa/documents/pico/pico-toolchain/gcc-arm-none-eabi-9-2019-q4-major-win32/bin/../lib/gcc/arm-none-eabi/9.2.1/../../../../arm-none-eabi/lib/thumb/v6-m/nofp/crt0.o

.flash_begin    0x10000000        0x0
                0x10000000                __flash_binary_start = .

.boot2          0x10000000      0x100
                0x10000000                __boot2_start__ = .
 *(.boot2)
 .boot2         0x10000000      0x100 C:\Users\cotaa\AppData\Local\Temp\ccuNEs4q.o
                0x10000100                __boot2_end__ = .
                0x00000001                ASSERT (((__boot2_end__ - __boot2_start__) == 0x100), ERROR: Pico second stage bootloader must be 256 bytes in size)

.text           0x10000100     0x2648
                0x10000100                __reset_start = .
 *(.reset)
 .reset         0x10000100       0xc4 CMakeFiles/hello_double_tap.dir/C_/Users/cotaa/Documents/Pico/pico-sdk/src/rp2_common/pico_standard_link/crt0.S.obj
                0x10000104                _entry_point
                0x10000196                __get_current_exception
 .reset         0x100001c4       0x30 CMakeFiles/hello_double_tap.dir/C_/Users/cotaa/Documents/Pico/pico-sdk/src/rp2_common/pico_standard_link/binary_info.c.obj
                0x10000200                . = ALIGN (0x100)
 *fill*         0x100001f4        0xc 
                0x10000200                __reset_end = .
                0x00000001                ASSERT (((__reset_end - __reset_start) == 0x100), ERROR: reset section should only be 256 bytes)
 *(.vectors)
 .vectors       0x10000200       0xd4 CMakeFiles/hello_double_tap.dir/C_/Users/cotaa/Documents/Pico/pico-sdk/src/rp2_common/pico_standard_link/crt0.S.obj
                0x10000200                __vectors
                0x100002c0                isr_invalid
                0x100002c2                isr_nmi
                0x100002c4                isr_hardfault
                0x100002c6                isr_svcall
                0x100002c8                isr_pendsv
                0x100002ca                isr_systick
                0x100002cc                isr_irq11
                0x100002cc                isr_irq5
                0x100002cc                isr_irq23
                0x100002cc                isr_irq18
                0x100002cc                isr_irq31
                0x100002cc                isr_irq28
                0x100002cc                isr_irq19
                0x100002cc                isr_irq0
                0x100002cc                isr_irq6
                0x100002cc                isr_irq27
                0x100002cc                isr_irq12
                0x100002cc                isr_irq22
                0x100002cc                isr_irq13
                0x100002cc                isr_irq17
                0x100002cc                isr_irq14
                0x100002cc                isr_irq2
                0x100002cc                isr_irq10
                0x100002cc                isr_irq8
                0x100002cc                isr_irq24
                0x100002cc                isr_irq1
                0x100002cc                isr_irq7
                0x100002cc                isr_irq21
                0x100002cc                isr_irq20
                0x100002cc                isr_irq15
                0x100002cc                isr_irq25
                0x100002cc                __unhandled_user_irq
                0x100002cc                isr_irq4
                0x100002cc                isr_irq16
                0x100002cc                isr_irq29
                0x100002cc                isr_irq26
                0x100002cc                isr_irq3
                0x100002cc                isr_irq30
                0x100002cc                isr_irq9
                0x100002d2                unhandled_user_irq_num_in_r0
 *(.init)
 .init          0x100002d4        0x4 c:/users/cotaa/documents/pico/pico-toolchain/gcc-arm-none-eabi-9-2019-q4-major-win32/bin/../lib/gcc/arm-none-eabi/9.2.1/thumb/v6-m/nofp/crti.o
                0x100002d4                _init
 *(EXCLUDE_FILE(*libm.a: *libc.a:*lib_a-mem*.o *libgcc.a:) .text*)
 .text          0x100002d8       0x48 c:/users/cotaa/documents/pico/pico-toolchain/gcc-arm-none-eabi-9-2019-q4-major-win32/bin/../lib/gcc/arm-none-eabi/9.2.1/thumb/v6-m/nofp/crtbegin.o
 .text.startup.main
                0x10000320       0x28 CMakeFiles/hello_double_tap.dir/hello_double_tap.c.obj
                0x10000320                main
 .text.gpio_init
                0x10000348       0x3c CMakeFiles/hello_double_tap.dir/C_/Users/cotaa/Documents/Pico/pico-sdk/src/rp2_common/hardware_gpio/gpio.c.obj
                0x10000348                gpio_init
 .text.hw_claim_or_assert
                0x10000384       0x60 CMakeFiles/hello_double_tap.dir/C_/Users/cotaa/Documents/Pico/pico-sdk/src/rp2_common/hardware_claim/claim.c.obj
                0x10000384                hw_claim_or_assert
 .text.spin_locks_reset
                0x100003e4       0x1c CMakeFiles/hello_double_tap.dir/C_/Users/cotaa/Documents/Pico/pico-sdk/src/rp2_common/hardware_sync/sync.c.obj
                0x100003e4                spin_locks_reset
 .text.next_striped_spin_lock_num
                0x10000400       0x18 CMakeFiles/hello_double_tap.dir/C_/Users/cotaa/Documents/Pico/pico-sdk/src/rp2_common/hardware_sync/sync.c.obj
                0x10000400                next_striped_spin_lock_num
 .text.running_on_fpga
                0x10000418       0x10 CMakeFiles/hello_double_tap.dir/C_/Users/cotaa/Documents/Pico/pico-sdk/src/rp2_common/pico_platform/platform.c.obj
                0x10000418                running_on_fpga
 .text.timer_pool_entry_comparator
                0x10000428       0x34 CMakeFiles/hello_double_tap.dir/C_/Users/cotaa/Documents/Pico/pico-sdk/src/common/pico_time/time.c.obj
                0x10000428                timer_pool_entry_comparator
 .text.sev_callback
                0x1000045c        0x8 CMakeFiles/hello_double_tap.dir/C_/Users/cotaa/Documents/Pico/pico-sdk/src/common/pico_time/time.c.obj
 .text.add_alarm_under_lock
                0x10000464      0x12c CMakeFiles/hello_double_tap.dir/C_/Users/cotaa/Documents/Pico/pico-sdk/src/common/pico_time/time.c.obj
 .text.alarm_pool_alarm_callback
                0x10000590      0x1e0 CMakeFiles/hello_double_tap.dir/C_/Users/cotaa/Documents/Pico/pico-sdk/src/common/pico_time/time.c.obj
 .text.alarm_pool_add_alarm_at.constprop.0
                0x10000770      0x128 CMakeFiles/hello_double_tap.dir/C_/Users/cotaa/Documents/Pico/pico-sdk/src/common/pico_time/time.c.obj
 .text.alarm_pool_init_default
                0x10000898       0x78 CMakeFiles/hello_double_tap.dir/C_/Users/cotaa/Documents/Pico/pico-sdk/src/common/pico_time/time.c.obj
                0x10000898                alarm_pool_init_default
 .text.sleep_ms
                0x10000910       0xa8 CMakeFiles/hello_double_tap.dir/C_/Users/cotaa/Documents/Pico/pico-sdk/src/common/pico_time/time.c.obj
                0x10000910                sleep_ms
 .text.hardware_alarm_irq_handler
                0x100009b8       0xb8 CMakeFiles/hello_double_tap.dir/C_/Users/cotaa/Documents/Pico/pico-sdk/src/rp2_common/hardware_timer/timer.c.obj
 .text.hardware_alarm_claim
                0x10000a70       0x18 CMakeFiles/hello_double_tap.dir/C_/Users/cotaa/Documents/Pico/pico-sdk/src/rp2_common/hardware_timer/timer.c.obj
                0x10000a70                hardware_alarm_claim
 .text.time_us_64
                0x10000a88       0x14 CMakeFiles/hello_double_tap.dir/C_/Users/cotaa/Documents/Pico/pico-sdk/src/rp2_common/hardware_timer/timer.c.obj
                0x10000a88                time_us_64
 .text.busy_wait_us
                0x10000a9c       0x54 CMakeFiles/hello_double_tap.dir/C_/Users/cotaa/Documents/Pico/pico-sdk/src/rp2_common/hardware_timer/timer.c.obj
                0x10000a9c                busy_wait_us
 .text.busy_wait_until
                0x10000af0       0x20 CMakeFiles/hello_double_tap.dir/C_/Users/cotaa/Documents/Pico/pico-sdk/src/rp2_common/hardware_timer/timer.c.obj
                0x10000af0                busy_wait_until
 .text.hardware_alarm_set_callback
                0x10000b10       0x8c CMakeFiles/hello_double_tap.dir/C_/Users/cotaa/Documents/Pico/pico-sdk/src/rp2_common/hardware_timer/timer.c.obj
                0x10000b10                hardware_alarm_set_callback
 .text.hardware_alarm_set_target
                0x10000b9c       0xc4 CMakeFiles/hello_double_tap.dir/C_/Users/cotaa/Documents/Pico/pico-sdk/src/rp2_common/hardware_timer/timer.c.obj
                0x10000b9c                hardware_alarm_set_target
 .text.hardware_alarm_cancel
                0x10000c60       0x40 CMakeFiles/hello_double_tap.dir/C_/Users/cotaa/Documents/Pico/pico-sdk/src/rp2_common/hardware_timer/timer.c.obj
                0x10000c60                hardware_alarm_cancel
 .text.lock_init
                0x10000ca0       0x10 CMakeFiles/hello_double_tap.dir/C_/Users/cotaa/Documents/Pico/pico-sdk/src/common/pico_sync/lock_core.c.obj
                0x10000ca0                lock_init
 .text.mutex_init
                0x10000cb0       0x18 CMakeFiles/hello_double_tap.dir/C_/Users/cotaa/Documents/Pico/pico-sdk/src/common/pico_sync/mutex.c.obj
                0x10000cb0                mutex_init
 .text.ph_merge_nodes
                0x10000cc8       0x68 CMakeFiles/hello_double_tap.dir/C_/Users/cotaa/Documents/Pico/pico-sdk/src/common/pico_util/pheap.c.obj
 .text.ph_create
                0x10000d30       0x64 CMakeFiles/hello_double_tap.dir/C_/Users/cotaa/Documents/Pico/pico-sdk/src/common/pico_util/pheap.c.obj
                0x10000d30                ph_create
 .text.ph_merge_two_pass
                0x10000d94       0x90 CMakeFiles/hello_double_tap.dir/C_/Users/cotaa/Documents/Pico/pico-sdk/src/common/pico_util/pheap.c.obj
                0x10000d94                ph_merge_two_pass
 .text.ph_remove_any_head
                0x10000e24       0xf8 CMakeFiles/hello_double_tap.dir/C_/Users/cotaa/Documents/Pico/pico-sdk/src/common/pico_util/pheap.c.obj
 .text.ph_remove_head_reserve
                0x10000f1c      0x13c CMakeFiles/hello_double_tap.dir/C_/Users/cotaa/Documents/Pico/pico-sdk/src/common/pico_util/pheap.c.obj
                0x10000f1c                ph_remove_head_reserve
 .text.ph_delete
                0x10001058       0x7c CMakeFiles/hello_double_tap.dir/C_/Users/cotaa/Documents/Pico/pico-sdk/src/common/pico_util/pheap.c.obj
                0x10001058                ph_delete
 .text.runtime_init
                0x100010d4       0xec CMakeFiles/hello_double_tap.dir/C_/Users/cotaa/Documents/Pico/pico-sdk/src/rp2_common/pico_runtime/runtime.c.obj
                0x100010d4                runtime_init
 .text._sbrk    0x100011c0       0x34 CMakeFiles/hello_double_tap.dir/C_/Users/cotaa/Documents/Pico/pico-sdk/src/rp2_common/pico_runtime/runtime.c.obj
                0x100011c0                _sbrk
 .text.exit     0x100011f4        0x4 CMakeFiles/hello_double_tap.dir/C_/Users/cotaa/Documents/Pico/pico-sdk/src/rp2_common/pico_runtime/runtime.c.obj
                0x100011f4                exit
 .text.panic    0x100011f8       0x30 CMakeFiles/hello_double_tap.dir/C_/Users/cotaa/Documents/Pico/pico-sdk/src/rp2_common/pico_runtime/runtime.c.obj
                0x100011f8                panic
 .text.hard_assertion_failure
                0x10001228        0xc CMakeFiles/hello_double_tap.dir/C_/Users/cotaa/Documents/Pico/pico-sdk/src/rp2_common/pico_runtime/runtime.c.obj
                0x10001228                hard_assertion_failure
 .text.clocks_init
                0x10001234      0x2e0 CMakeFiles/hello_double_tap.dir/C_/Users/cotaa/Documents/Pico/pico-sdk/src/rp2_common/hardware_clocks/clocks.c.obj
                0x10001234                clocks_init
 .text.watchdog_start_tick
                0x10001514       0x10 CMakeFiles/hello_double_tap.dir/C_/Users/cotaa/Documents/Pico/pico-sdk/src/rp2_common/hardware_watchdog/watchdog.c.obj
                0x10001514                watchdog_start_tick
 .text.xosc_init
                0x10001524       0x28 CMakeFiles/hello_double_tap.dir/C_/Users/cotaa/Documents/Pico/pico-sdk/src/rp2_common/hardware_xosc/xosc.c.obj
                0x10001524                xosc_init
 .text.pll_init
                0x1000154c       0x54 CMakeFiles/hello_double_tap.dir/C_/Users/cotaa/Documents/Pico/pico-sdk/src/rp2_common/hardware_pll/pll.c.obj
                0x1000154c                pll_init
 .text.irq_set_enabled
                0x100015a0       0x24 CMakeFiles/hello_double_tap.dir/C_/Users/cotaa/Documents/Pico/pico-sdk/src/rp2_common/hardware_irq/irq.c.obj
                0x100015a0                irq_set_enabled
 .text.irq_get_vtable_handler
                0x100015c4       0x10 CMakeFiles/hello_double_tap.dir/C_/Users/cotaa/Documents/Pico/pico-sdk/src/rp2_common/hardware_irq/irq.c.obj
                0x100015c4                irq_get_vtable_handler
 .text.irq_set_exclusive_handler
                0x100015d4       0x54 CMakeFiles/hello_double_tap.dir/C_/Users/cotaa/Documents/Pico/pico-sdk/src/rp2_common/hardware_irq/irq.c.obj
                0x100015d4                irq_set_exclusive_handler
 .text.irq_remove_handler
                0x10001628      0x1c4 CMakeFiles/hello_double_tap.dir/C_/Users/cotaa/Documents/Pico/pico-sdk/src/rp2_common/hardware_irq/irq.c.obj
                0x10001628                irq_remove_handler
 .text.irq_add_tail_to_free_list
                0x100017ec       0xbc CMakeFiles/hello_double_tap.dir/C_/Users/cotaa/Documents/Pico/pico-sdk/src/rp2_common/hardware_irq/irq.c.obj
                0x100017ec                irq_add_tail_to_free_list
 .text.irq_init_priorities
                0x100018a8       0x38 CMakeFiles/hello_double_tap.dir/C_/Users/cotaa/Documents/Pico/pico-sdk/src/rp2_common/hardware_irq/irq.c.obj
                0x100018a8                irq_init_priorities
 .text._out_char
                0x100018e0       0x10 CMakeFiles/hello_double_tap.dir/C_/Users/cotaa/Documents/Pico/pico-sdk/src/rp2_common/pico_printf/printf.c.obj
 .text.weak_raw_vprintf
                0x100018f0       0x30 CMakeFiles/hello_double_tap.dir/C_/Users/cotaa/Documents/Pico/pico-sdk/src/rp2_common/pico_printf/printf.c.obj
                0x100018f0                weak_raw_vprintf
 .text          0x10001920       0x10 CMakeFiles/hello_double_tap.dir/C_/Users/cotaa/Documents/Pico/pico-sdk/src/rp2_common/pico_bit_ops/bit_ops_aeabi.S.obj
 .text.rom_func_lookup
                0x10001930       0x10 CMakeFiles/hello_double_tap.dir/C_/Users/cotaa/Documents/Pico/pico-sdk/src/rp2_common/pico_bootrom/bootrom.c.obj
                0x10001930                rom_func_lookup
 .text.rom_data_lookup
                0x10001940       0x10 CMakeFiles/hello_double_tap.dir/C_/Users/cotaa/Documents/Pico/pico-sdk/src/rp2_common/pico_bootrom/bootrom.c.obj
                0x10001940                rom_data_lookup
 .text.rom_funcs_lookup
                0x10001950       0x3c CMakeFiles/hello_double_tap.dir/C_/Users/cotaa/Documents/Pico/pico-sdk/src/rp2_common/pico_bootrom/bootrom.c.obj
                0x10001950                rom_funcs_lookup
 .text.__wrap___aeabi_uidiv
                0x1000198c       0x54 CMakeFiles/hello_double_tap.dir/C_/Users/cotaa/Documents/Pico/pico-sdk/src/rp2_common/pico_divider/divider.S.obj
                0x1000198c                __wrap___aeabi_uidiv
                0x1000198c                __wrap___aeabi_uidivmod
                0x1000198c                div_u32u32
                0x1000198c                divmod_u32u32
                0x10001994                divmod_u32u32_unsafe
                0x100019bc                divmod_u32u32_savestate
 .text.__aeabi_double_init
                0x100019e0       0xac CMakeFiles/hello_double_tap.dir/C_/Users/cotaa/Documents/Pico/pico-sdk/src/rp2_common/pico_double/double_init_rom.c.obj
                0x100019e0                __aeabi_double_init
 .text.double_table_shim_on_use_helper
                0x10001a8c       0x2c CMakeFiles/hello_double_tap.dir/C_/Users/cotaa/Documents/Pico/pico-sdk/src/rp2_common/pico_double/double_v1_rom_shim.S.obj
                0x10001a8c                double_table_shim_on_use_helper
 .text.__aeabi_lmul
                0x10001ab8       0x32 CMakeFiles/hello_double_tap.dir/C_/Users/cotaa/Documents/Pico/pico-sdk/src/rp2_common/pico_int64_ops/pico_int64_ops_aeabi.S.obj
                0x10001ab8                __wrap___aeabi_lmul
 *fill*         0x10001aea        0x2 
 .text.__aeabi_float_init
                0x10001aec       0x64 CMakeFiles/hello_double_tap.dir/C_/Users/cotaa/Documents/Pico/pico-sdk/src/rp2_common/pico_float/float_init_rom.c.obj
                0x10001aec                __aeabi_float_init
 .text.float_table_shim_on_use_helper
                0x10001b50       0x2c CMakeFiles/hello_double_tap.dir/C_/Users/cotaa/Documents/Pico/pico-sdk/src/rp2_common/pico_float/float_v1_rom_shim.S.obj
                0x10001b50                float_table_shim_on_use_helper
 .text.__wrap_malloc
                0x10001b7c        0x8 CMakeFiles/hello_double_tap.dir/C_/Users/cotaa/Documents/Pico/pico-sdk/src/rp2_common/pico_malloc/pico_malloc.c.obj
                0x10001b7c                __wrap_malloc
 .text.__wrap_calloc
                0x10001b84        0x8 CMakeFiles/hello_double_tap.dir/C_/Users/cotaa/Documents/Pico/pico-sdk/src/rp2_common/pico_malloc/pico_malloc.c.obj
                0x10001b84                __wrap_calloc
 .text          0x10001b8c       0x10 CMakeFiles/hello_double_tap.dir/C_/Users/cotaa/Documents/Pico/pico-sdk/src/rp2_common/pico_mem_ops/mem_ops_aeabi.S.obj
                0x10001b8c                __aeabi_mem_init
 .text.memset   0x10001b9c        0xc CMakeFiles/hello_double_tap.dir/C_/Users/cotaa/Documents/Pico/pico-sdk/src/rp2_common/pico_mem_ops/mem_ops_aeabi.S.obj
                0x10001b9c                __wrap_memset
 .text.memcpy   0x10001ba8        0xc CMakeFiles/hello_double_tap.dir/C_/Users/cotaa/Documents/Pico/pico-sdk/src/rp2_common/pico_mem_ops/mem_ops_aeabi.S.obj
                0x10001ba8                __wrap_memcpy
                0x10001ba8                __wrap___aeabi_memcpy
 .text.stdio_out_chars_crlf.part.0
                0x10001bb4       0x84 CMakeFiles/hello_double_tap.dir/C_/Users/cotaa/Documents/Pico/pico-sdk/src/rp2_common/pico_stdio/stdio.c.obj
 .text.stdio_put_string
                0x10001c38      0x100 CMakeFiles/hello_double_tap.dir/C_/Users/cotaa/Documents/Pico/pico-sdk/src/rp2_common/pico_stdio/stdio.c.obj
 .text.__wrap_putchar
                0x10001d38       0x1c CMakeFiles/hello_double_tap.dir/C_/Users/cotaa/Documents/Pico/pico-sdk/src/rp2_common/pico_stdio/stdio.c.obj
                0x10001d38                __wrap_putchar
 .text.__wrap_puts
                0x10001d54       0x3c CMakeFiles/hello_double_tap.dir/C_/Users/cotaa/Documents/Pico/pico-sdk/src/rp2_common/pico_stdio/stdio.c.obj
                0x10001d54                __wrap_puts
 .text.startup.boot_double_tap_check
                0x10001d90       0x60 CMakeFiles/hello_double_tap.dir/__/double_tap_usb_boot/double_tap_usb_boot.c.obj
 .text.calloc   0x10001df0       0x18 c:/users/cotaa/documents/pico/pico-toolchain/gcc-arm-none-eabi-9-2019-q4-major-win32/bin/../lib/gcc/arm-none-eabi/9.2.1/../../../../arm-none-eabi/lib/thumb/v6-m/nofp\libc.a(lib_a-calloc.o)
                0x10001df0                calloc
 .text._calloc_r
                0x10001e08       0x5c c:/users/cotaa/documents/pico/pico-toolchain/gcc-arm-none-eabi-9-2019-q4-major-win32/bin/../lib/gcc/arm-none-eabi/9.2.1/../../../../arm-none-eabi/lib/thumb/v6-m/nofp\libc.a(lib_a-callocr.o)
                0x10001e08                _calloc_r
 .text.malloc   0x10001e64       0x14 c:/users/cotaa/documents/pico/pico-toolchain/gcc-arm-none-eabi-9-2019-q4-major-win32/bin/../lib/gcc/arm-none-eabi/9.2.1/../../../../arm-none-eabi/lib/thumb/v6-m/nofp\libc.a(lib_a-malloc.o)
                0x10001e64                malloc
 .text._malloc_r
                0x10001e78      0x580 c:/users/cotaa/documents/pico/pico-toolchain/gcc-arm-none-eabi-9-2019-q4-major-win32/bin/../lib/gcc/arm-none-eabi/9.2.1/../../../../arm-none-eabi/lib/thumb/v6-m/nofp\libc.a(lib_a-mallocr.o)
                0x10001e78                _malloc_r
 .text.__malloc_lock
                0x100023f8       0x10 c:/users/cotaa/documents/pico/pico-toolchain/gcc-arm-none-eabi-9-2019-q4-major-win32/bin/../lib/gcc/arm-none-eabi/9.2.1/../../../../arm-none-eabi/lib/thumb/v6-m/nofp\libc.a(lib_a-mlock.o)
                0x100023f8                __malloc_lock
 .text.__malloc_unlock
                0x10002408       0x10 c:/users/cotaa/documents/pico/pico-toolchain/gcc-arm-none-eabi-9-2019-q4-major-win32/bin/../lib/gcc/arm-none-eabi/9.2.1/../../../../arm-none-eabi/lib/thumb/v6-m/nofp\libc.a(lib_a-mlock.o)
                0x10002408                __malloc_unlock
 .text._sbrk_r  0x10002418       0x24 c:/users/cotaa/documents/pico/pico-toolchain/gcc-arm-none-eabi-9-2019-q4-major-win32/bin/../lib/gcc/arm-none-eabi/9.2.1/../../../../arm-none-eabi/lib/thumb/v6-m/nofp\libc.a(lib_a-sbrkr.o)
                0x10002418                _sbrk_r
 .text.strlen   0x1000243c       0x5c c:/users/cotaa/documents/pico/pico-toolchain/gcc-arm-none-eabi-9-2019-q4-major-win32/bin/../lib/gcc/arm-none-eabi/9.2.1/../../../../arm-none-eabi/lib/thumb/v6-m/nofp\libc.a(lib_a-strlen-stub.o)
                0x1000243c                strlen
 .text._malloc_trim_r
                0x10002498       0x9c c:/users/cotaa/documents/pico/pico-toolchain/gcc-arm-none-eabi-9-2019-q4-major-win32/bin/../lib/gcc/arm-none-eabi/9.2.1/../../../../arm-none-eabi/lib/thumb/v6-m/nofp\libc.a(lib_a-freer.o)
                0x10002498                _malloc_trim_r
 .text._free_r  0x10002534      0x1c4 c:/users/cotaa/documents/pico/pico-toolchain/gcc-arm-none-eabi-9-2019-q4-major-win32/bin/../lib/gcc/arm-none-eabi/9.2.1/../../../../arm-none-eabi/lib/thumb/v6-m/nofp\libc.a(lib_a-freer.o)
                0x10002534                _free_r
 .text.__retarget_lock_acquire_recursive
                0x100026f8        0x4 c:/users/cotaa/documents/pico/pico-toolchain/gcc-arm-none-eabi-9-2019-q4-major-win32/bin/../lib/gcc/arm-none-eabi/9.2.1/../../../../arm-none-eabi/lib/thumb/v6-m/nofp\libc.a(lib_a-lock.o)
                0x100026f8                __retarget_lock_acquire_recursive
 .text.__retarget_lock_release_recursive
                0x100026fc        0x4 c:/users/cotaa/documents/pico/pico-toolchain/gcc-arm-none-eabi-9-2019-q4-major-win32/bin/../lib/gcc/arm-none-eabi/9.2.1/../../../../arm-none-eabi/lib/thumb/v6-m/nofp\libc.a(lib_a-lock.o)
                0x100026fc                __retarget_lock_release_recursive
 *(.fini)
 .fini          0x10002700        0x4 c:/users/cotaa/documents/pico/pico-toolchain/gcc-arm-none-eabi-9-2019-q4-major-win32/bin/../lib/gcc/arm-none-eabi/9.2.1/thumb/v6-m/nofp/crti.o
                0x10002700                _fini
 *fill*         0x10002704        0x4 
 .fini.__stub   0x10002708       0x40 linker stubs
 *crtbegin.o(.ctors)
 *crtbegin?.o(.ctors)
 *(EXCLUDE_FILE(*crtend.o *crtend?.o) .ctors)
 *(SORT_BY_NAME(.ctors.*))
 *(.ctors)
 *crtbegin.o(.dtors)
 *crtbegin?.o(.dtors)
 *(EXCLUDE_FILE(*crtend.o *crtend?.o) .dtors)
 *(SORT_BY_NAME(.dtors.*))
 *(.dtors)
 *(.eh_frame*)
 .eh_frame      0x10002748        0x0 c:/users/cotaa/documents/pico/pico-toolchain/gcc-arm-none-eabi-9-2019-q4-major-win32/bin/../lib/gcc/arm-none-eabi/9.2.1/thumb/v6-m/nofp/crtbegin.o
                0x10002748                . = ALIGN (0x4)

.glue_7         0x10002748        0x0
 .glue_7        0x10002748        0x0 linker stubs

.glue_7t        0x10002748        0x0
 .glue_7t       0x10002748        0x0 linker stubs

.vfp11_veneer   0x10002748        0x0
 .vfp11_veneer  0x10002748        0x0 linker stubs

.v4_bx          0x10002748        0x0
 .v4_bx         0x10002748        0x0 linker stubs

.iplt           0x10002748        0x0
 .iplt          0x10002748        0x0 c:/users/cotaa/documents/pico/pico-toolchain/gcc-arm-none-eabi-9-2019-q4-major-win32/bin/../lib/gcc/arm-none-eabi/9.2.1/thumb/v6-m/nofp/crtbegin.o

.rodata         0x10002748       0xf4
 *(EXCLUDE_FILE(*libm.a: *libc.a:*lib_a-mem*.o *libgcc.a:) .rodata*)
 .rodata.hardware_alarm_claim.str1.4
                0x10002748       0x22 CMakeFiles/hello_double_tap.dir/C_/Users/cotaa/Documents/Pico/pico-sdk/src/rp2_common/hardware_timer/timer.c.obj
 *fill*         0x1000276a        0x2 
 .rodata.panic.str1.4
                0x1000276c       0x12 CMakeFiles/hello_double_tap.dir/C_/Users/cotaa/Documents/Pico/pico-sdk/src/rp2_common/pico_runtime/runtime.c.obj
 *fill*         0x1000277e        0x2 
 .rodata.hard_assertion_failure.str1.4
                0x10002780        0xc CMakeFiles/hello_double_tap.dir/C_/Users/cotaa/Documents/Pico/pico-sdk/src/rp2_common/pico_runtime/runtime.c.obj
 .rodata.str1.4
                0x1000278c       0x88 CMakeFiles/hello_double_tap.dir/C_/Users/cotaa/Documents/Pico/pico-sdk/src/rp2_common/pico_standard_link/binary_info.c.obj
 .rodata.__bi_40
                0x10002814        0xc CMakeFiles/hello_double_tap.dir/C_/Users/cotaa/Documents/Pico/pico-sdk/src/rp2_common/pico_standard_link/binary_info.c.obj
 .rodata.__bi_65
                0x10002820        0xc CMakeFiles/hello_double_tap.dir/C_/Users/cotaa/Documents/Pico/pico-sdk/src/rp2_common/pico_standard_link/binary_info.c.obj
 .rodata.__bi_71
                0x1000282c        0xc CMakeFiles/hello_double_tap.dir/C_/Users/cotaa/Documents/Pico/pico-sdk/src/rp2_common/pico_standard_link/binary_info.c.obj
 .rodata.crlf_str.5967
                0x10002838        0x2 CMakeFiles/hello_double_tap.dir/C_/Users/cotaa/Documents/Pico/pico-sdk/src/rp2_common/pico_stdio/stdio.c.obj
                0x1000283c                . = ALIGN (0x4)
 *fill*         0x1000283a        0x2 
 *(SORT_BY_ALIGNMENT(SORT_BY_NAME(.flashdata*)))
                0x1000283c                . = ALIGN (0x4)

.rel.dyn        0x1000283c        0x0
 .rel.iplt      0x1000283c        0x0 c:/users/cotaa/documents/pico/pico-toolchain/gcc-arm-none-eabi-9-2019-q4-major-win32/bin/../lib/gcc/arm-none-eabi/9.2.1/thumb/v6-m/nofp/crtbegin.o

.ARM.extab
 *(.ARM.extab* .gnu.linkonce.armextab.*)
                0x1000283c                __exidx_start = .

.ARM.exidx
 *(.ARM.exidx* .gnu.linkonce.armexidx.*)
                0x1000283c                __exidx_end = .
                0x1000283c                . = ALIGN (0x4)
                0x1000283c                __binary_info_start = .

.binary_info    0x1000283c       0x1c
 *(.binary_info.keep.*)
 .binary_info.keep.__bi_ptr18
                0x1000283c        0x4 CMakeFiles/hello_double_tap.dir/C_/Users/cotaa/Documents/Pico/pico-sdk/src/rp2_common/pico_standard_link/binary_info.c.obj
 .binary_info.keep.__bi_ptr26
                0x10002840        0x4 CMakeFiles/hello_double_tap.dir/C_/Users/cotaa/Documents/Pico/pico-sdk/src/rp2_common/pico_standard_link/binary_info.c.obj
 .binary_info.keep.__bi_ptr34
                0x10002844        0x4 CMakeFiles/hello_double_tap.dir/C_/Users/cotaa/Documents/Pico/pico-sdk/src/rp2_common/pico_standard_link/binary_info.c.obj
 .binary_info.keep.__bi_ptr40
                0x10002848        0x4 CMakeFiles/hello_double_tap.dir/C_/Users/cotaa/Documents/Pico/pico-sdk/src/rp2_common/pico_standard_link/binary_info.c.obj
 .binary_info.keep.__bi_ptr46
                0x1000284c        0x4 CMakeFiles/hello_double_tap.dir/C_/Users/cotaa/Documents/Pico/pico-sdk/src/rp2_common/pico_standard_link/binary_info.c.obj
 .binary_info.keep.__bi_ptr65
                0x10002850        0x4 CMakeFiles/hello_double_tap.dir/C_/Users/cotaa/Documents/Pico/pico-sdk/src/rp2_common/pico_standard_link/binary_info.c.obj
 .binary_info.keep.__bi_ptr71
                0x10002854        0x4 CMakeFiles/hello_double_tap.dir/C_/Users/cotaa/Documents/Pico/pico-sdk/src/rp2_common/pico_standard_link/binary_info.c.obj
 *(.binary_info.*)
                0x10002858                __binary_info_end = .
                0x10002858                . = ALIGN (0x4)
                0x10002858                __etext = .

.ram_vector_table
                0x20000000       0xc0
 *(.ram_vector_table)
 .ram_vector_table
                0x20000000       0xc0 CMakeFiles/hello_double_tap.dir/C_/Users/cotaa/Documents/Pico/pico-sdk/src/rp2_common/pico_runtime/runtime.c.obj
                0x20000000                ram_vector_table

.data           0x200000c0      0x9a0 load address 0x10002858
                0x200000c0                __data_start__ = .
 *(vtable)
 *(.time_critical*)
 .time_critical.mutex_enter_blocking
                0x200000c0       0x50 CMakeFiles/hello_double_tap.dir/C_/Users/cotaa/Documents/Pico/pico-sdk/src/common/pico_sync/mutex.c.obj
                0x200000c0                mutex_enter_blocking
 .time_critical.mutex_try_enter
                0x20000110       0x4c CMakeFiles/hello_double_tap.dir/C_/Users/cotaa/Documents/Pico/pico-sdk/src/common/pico_sync/mutex.c.obj
                0x20000110                mutex_try_enter
 .time_critical.mutex_exit
                0x2000015c       0x28 CMakeFiles/hello_double_tap.dir/C_/Users/cotaa/Documents/Pico/pico-sdk/src/common/pico_sync/mutex.c.obj
                0x2000015c                mutex_exit
 *(.text*)
 .text          0x20000184        0x4 c:/users/cotaa/documents/pico/pico-toolchain/gcc-arm-none-eabi-9-2019-q4-major-win32/bin/../lib/gcc/arm-none-eabi/9.2.1/thumb/v6-m/nofp\libgcc.a(_dvmd_tls.o)
                0x20000184                __aeabi_idiv0
                0x20000184                __aeabi_ldiv0
                0x20000188                . = ALIGN (0x4)
 *(.rodata*)
                0x20000188                . = ALIGN (0x4)
 *(.data*)
 .data.striped_spin_lock_num
                0x20000188        0x1 CMakeFiles/hello_double_tap.dir/C_/Users/cotaa/Documents/Pico/pico-sdk/src/rp2_common/hardware_sync/sync.c.obj
 *fill*         0x20000189        0x3 
 .data          0x2000018c       0x48 CMakeFiles/hello_double_tap.dir/C_/Users/cotaa/Documents/Pico/pico-sdk/src/rp2_common/hardware_irq/irq_handler_chain.S.obj
                0x2000018c                irq_handler_chain_slots
                0x200001bc                irq_handler_chain_first_slot
                0x200001c6                irq_handler_chain_remove_tail
 *fill*         0x200001d4        0xc 
 .data.aeabi_bits_funcs
                0x200001e0       0x10 CMakeFiles/hello_double_tap.dir/C_/Users/cotaa/Documents/Pico/pico-sdk/src/rp2_common/pico_bit_ops/bit_ops_aeabi.S.obj
                0x200001e0                aeabi_bits_funcs
                0x200001f0                aeabi_bits_funcs_end
 .data.aeabi_mem_funcs
                0x200001f0       0x10 CMakeFiles/hello_double_tap.dir/C_/Users/cotaa/Documents/Pico/pico-sdk/src/rp2_common/pico_mem_ops/mem_ops_aeabi.S.obj
                0x200001f0                aeabi_mem_funcs
                0x20000200                aeabi_mem_funcs_end
 .data._impure_ptr
                0x20000200        0x4 c:/users/cotaa/documents/pico/pico-toolchain/gcc-arm-none-eabi-9-2019-q4-major-win32/bin/../lib/gcc/arm-none-eabi/9.2.1/../../../../arm-none-eabi/lib/thumb/v6-m/nofp\libc.a(lib_a-impure.o)
                0x20000200                _impure_ptr
 *fill*         0x20000204        0x4 
 .data.impure_data
                0x20000208      0x428 c:/users/cotaa/documents/pico/pico-toolchain/gcc-arm-none-eabi-9-2019-q4-major-win32/bin/../lib/gcc/arm-none-eabi/9.2.1/../../../../arm-none-eabi/lib/thumb/v6-m/nofp\libc.a(lib_a-impure.o)
 .data.__malloc_av_
                0x20000630      0x408 c:/users/cotaa/documents/pico/pico-toolchain/gcc-arm-none-eabi-9-2019-q4-major-win32/bin/../lib/gcc/arm-none-eabi/9.2.1/../../../../arm-none-eabi/lib/thumb/v6-m/nofp\libc.a(lib_a-mallocr.o)
                0x20000630                __malloc_av_
 .data.__malloc_sbrk_base
                0x20000a38        0x4 c:/users/cotaa/documents/pico/pico-toolchain/gcc-arm-none-eabi-9-2019-q4-major-win32/bin/../lib/gcc/arm-none-eabi/9.2.1/../../../../arm-none-eabi/lib/thumb/v6-m/nofp\libc.a(lib_a-mallocr.o)
                0x20000a38                __malloc_sbrk_base
 .data.__malloc_trim_threshold
                0x20000a3c        0x4 c:/users/cotaa/documents/pico/pico-toolchain/gcc-arm-none-eabi-9-2019-q4-major-win32/bin/../lib/gcc/arm-none-eabi/9.2.1/../../../../arm-none-eabi/lib/thumb/v6-m/nofp\libc.a(lib_a-mallocr.o)
                0x20000a3c                __malloc_trim_threshold
                0x20000a40                . = ALIGN (0x4)
 *(.after_data.*)
                0x20000a40                . = ALIGN (0x4)
                0x20000a40                PROVIDE (__mutex_array_start = .)
 *(SORT_BY_NAME(.mutex_array.*))
 *(.mutex_array)
 .mutex_array   0x20000a40        0x8 CMakeFiles/hello_double_tap.dir/C_/Users/cotaa/Documents/Pico/pico-sdk/src/rp2_common/pico_stdio/stdio.c.obj
                0x20000a48                PROVIDE (__mutex_array_end = .)
                0x20000a48                . = ALIGN (0x4)
                0x20000a48                PROVIDE (__preinit_array_start = .)
 *(SORT_BY_NAME(.preinit_array.*))
 .preinit_array.00001
                0x20000a48        0x4 CMakeFiles/hello_double_tap.dir/C_/Users/cotaa/Documents/Pico/pico-sdk/src/rp2_common/pico_mem_ops/mem_ops_aeabi.S.obj
 .preinit_array.00010
                0x20000a4c        0x4 CMakeFiles/hello_double_tap.dir/C_/Users/cotaa/Documents/Pico/pico-sdk/src/rp2_common/pico_bit_ops/bit_ops_aeabi.S.obj
 .preinit_array.00020
                0x20000a50        0x4 CMakeFiles/hello_double_tap.dir/C_/Users/cotaa/Documents/Pico/pico-sdk/src/rp2_common/pico_double/double_aeabi.S.obj
 .preinit_array.00020
                0x20000a54        0x4 CMakeFiles/hello_double_tap.dir/C_/Users/cotaa/Documents/Pico/pico-sdk/src/rp2_common/pico_float/float_aeabi.S.obj
 *(.preinit_array)
                0x20000a58                PROVIDE (__preinit_array_end = .)
                0x20000a58                . = ALIGN (0x4)
                0x20000a58                PROVIDE (__init_array_start = .)
 *(SORT_BY_NAME(.init_array.*))
 *(.init_array)
 .init_array    0x20000a58        0x4 c:/users/cotaa/documents/pico/pico-toolchain/gcc-arm-none-eabi-9-2019-q4-major-win32/bin/../lib/gcc/arm-none-eabi/9.2.1/thumb/v6-m/nofp/crtbegin.o
 .init_array    0x20000a5c        0x4 CMakeFiles/hello_double_tap.dir/__/double_tap_usb_boot/double_tap_usb_boot.c.obj
                0x20000a60                PROVIDE (__init_array_end = .)
                0x20000a60                . = ALIGN (0x4)
                [!provide]                PROVIDE (__fini_array_start = .)
 *(SORT_BY_NAME(.fini_array.*))
 *(.fini_array)
                [!provide]                PROVIDE (__fini_array_end = .)
 *(.jcr)
                0x20000a60                . = ALIGN (0x4)
                0x20000a60                __data_end__ = .

.igot.plt       0x20000a60        0x0 load address 0x100031f8
 .igot.plt      0x20000a60        0x0 c:/users/cotaa/documents/pico/pico-toolchain/gcc-arm-none-eabi-9-2019-q4-major-win32/bin/../lib/gcc/arm-none-eabi/9.2.1/thumb/v6-m/nofp/crtbegin.o

.uninitialized_ram.magic_location
                0x20000a60        0xc load address 0x100031f8
 .uninitialized_ram.magic_location
                0x20000a60        0xc CMakeFiles/hello_double_tap.dir/__/double_tap_usb_boot/double_tap_usb_boot.c.obj

.uninitialized_data
                0x20000a6c        0x0 load address 0x10003204
                0x20000a6c                . = ALIGN (0x4)
 *(.uninitialized_data*)

.scratch_x      0x20040000        0x0 load address 0x10003204
                0x20040000                __scratch_x_start__ = .
 *(.scratch_x.*)
                0x20040000                . = ALIGN (0x4)
                0x20040000                __scratch_x_end__ = .
                0x10003204                __scratch_x_source__ = LOADADDR (.scratch_x)

.scratch_y      0x20041000        0x0 load address 0x10003204
                0x20041000                __scratch_y_start__ = .
 *(.scratch_y.*)
                0x20041000                . = ALIGN (0x4)
                0x20041000                __scratch_y_end__ = .
                0x10003204                __scratch_y_source__ = LOADADDR (.scratch_y)

.bss            0x20000a6c      0x2ec
                0x20000a6c                . = ALIGN (0x4)
                0x20000a6c                __bss_start__ = .
 *(SORT_BY_ALIGNMENT(SORT_BY_NAME(.bss*)))
 .bss           0x20000a6c       0x1c c:/users/cotaa/documents/pico/pico-toolchain/gcc-arm-none-eabi-9-2019-q4-major-win32/bin/../lib/gcc/arm-none-eabi/9.2.1/thumb/v6-m/nofp/crtbegin.o
 .bss.__malloc_current_mallinfo
                0x20000a88       0x28 c:/users/cotaa/documents/pico/pico-toolchain/gcc-arm-none-eabi-9-2019-q4-major-win32/bin/../lib/gcc/arm-none-eabi/9.2.1/../../../../arm-none-eabi/lib/thumb/v6-m/nofp\libc.a(lib_a-mallocr.o)
                0x20000a88                __malloc_current_mallinfo
 .bss.__malloc_max_sbrked_mem
                0x20000ab0        0x4 c:/users/cotaa/documents/pico/pico-toolchain/gcc-arm-none-eabi-9-2019-q4-major-win32/bin/../lib/gcc/arm-none-eabi/9.2.1/../../../../arm-none-eabi/lib/thumb/v6-m/nofp\libc.a(lib_a-mallocr.o)
                0x20000ab0                __malloc_max_sbrked_mem
 .bss.__malloc_max_total_mem
                0x20000ab4        0x4 c:/users/cotaa/documents/pico/pico-toolchain/gcc-arm-none-eabi-9-2019-q4-major-win32/bin/../lib/gcc/arm-none-eabi/9.2.1/../../../../arm-none-eabi/lib/thumb/v6-m/nofp\libc.a(lib_a-mallocr.o)
                0x20000ab4                __malloc_max_total_mem
 .bss.__malloc_top_pad
                0x20000ab8        0x4 c:/users/cotaa/documents/pico/pico-toolchain/gcc-arm-none-eabi-9-2019-q4-major-win32/bin/../lib/gcc/arm-none-eabi/9.2.1/../../../../arm-none-eabi/lib/thumb/v6-m/nofp\libc.a(lib_a-mallocr.o)
                0x20000ab8                __malloc_top_pad
 .bss.alarm_callbacks
                0x20000abc       0x10 CMakeFiles/hello_double_tap.dir/C_/Users/cotaa/Documents/Pico/pico-sdk/src/rp2_common/hardware_timer/timer.c.obj
 .bss.configured_freq
                0x20000acc       0x28 CMakeFiles/hello_double_tap.dir/C_/Users/cotaa/Documents/Pico/pico-sdk/src/rp2_common/hardware_clocks/clocks.c.obj
 .bss.default_alarm_pool
                0x20000af4        0x4 CMakeFiles/hello_double_tap.dir/C_/Users/cotaa/Documents/Pico/pico-sdk/src/common/pico_time/time.c.obj
 .bss.drivers   0x20000af8        0x4 CMakeFiles/hello_double_tap.dir/C_/Users/cotaa/Documents/Pico/pico-sdk/src/rp2_common/pico_stdio/stdio.c.obj
 .bss.filter    0x20000afc        0x4 CMakeFiles/hello_double_tap.dir/C_/Users/cotaa/Documents/Pico/pico-sdk/src/rp2_common/pico_stdio/stdio.c.obj
 .bss.heap_end.5770
                0x20000b00        0x4 CMakeFiles/hello_double_tap.dir/C_/Users/cotaa/Documents/Pico/pico-sdk/src/rp2_common/pico_runtime/runtime.c.obj
 .bss.lazy_vsnprintf
                0x20000b04        0x4 CMakeFiles/hello_double_tap.dir/C_/Users/cotaa/Documents/Pico/pico-sdk/src/rp2_common/pico_printf/printf.c.obj
 .bss.pools     0x20000b08       0x10 CMakeFiles/hello_double_tap.dir/C_/Users/cotaa/Documents/Pico/pico-sdk/src/common/pico_time/time.c.obj
 .bss.target_hi
                0x20000b18       0x10 CMakeFiles/hello_double_tap.dir/C_/Users/cotaa/Documents/Pico/pico-sdk/src/rp2_common/hardware_timer/timer.c.obj
 .bss.claimed   0x20000b28        0x1 CMakeFiles/hello_double_tap.dir/C_/Users/cotaa/Documents/Pico/pico-sdk/src/rp2_common/hardware_timer/timer.c.obj
 .bss.irq_hander_chain_free_slot_head
                0x20000b29        0x1 CMakeFiles/hello_double_tap.dir/C_/Users/cotaa/Documents/Pico/pico-sdk/src/rp2_common/hardware_irq/irq.c.obj
 .bss.timer_callbacks_pending
                0x20000b2a        0x1 CMakeFiles/hello_double_tap.dir/C_/Users/cotaa/Documents/Pico/pico-sdk/src/rp2_common/hardware_timer/timer.c.obj
 *(COMMON)
 *fill*         0x20000b2b        0x1 
 COMMON         0x20000b2c      0x100 CMakeFiles/hello_double_tap.dir/C_/Users/cotaa/Documents/Pico/pico-sdk/src/rp2_common/pico_double/double_init_rom.c.obj
                0x20000b2c                sd_table
 COMMON         0x20000c2c      0x104 CMakeFiles/hello_double_tap.dir/C_/Users/cotaa/Documents/Pico/pico-sdk/src/rp2_common/pico_float/float_init_rom.c.obj
                0x20000c2c                sf_table
                0x20000d2c                sf_clz_func
 COMMON         0x20000d30       0x21 c:/users/cotaa/documents/pico/pico-toolchain/gcc-arm-none-eabi-9-2019-q4-major-win32/bin/../lib/gcc/arm-none-eabi/9.2.1/../../../../arm-none-eabi/lib/thumb/v6-m/nofp\libc.a(lib_a-lock.o)
                0x20000d30                __lock___atexit_recursive_mutex
                0x20000d34                __lock___arc4random_mutex
                0x20000d38                __lock___env_recursive_mutex
                0x20000d3c                __lock___sinit_recursive_mutex
                0x20000d40                __lock___malloc_recursive_mutex
                0x20000d44                __lock___at_quick_exit_mutex
                0x20000d48                __lock___dd_hash_mutex
                0x20000d4c                __lock___tz_mutex
                0x20000d50                __lock___sfp_recursive_mutex
 *fill*         0x20000d51        0x3 
 COMMON         0x20000d54        0x4 c:/users/cotaa/documents/pico/pico-toolchain/gcc-arm-none-eabi-9-2019-q4-major-win32/bin/../lib/gcc/arm-none-eabi/9.2.1/../../../../arm-none-eabi/lib/thumb/v6-m/nofp\libc.a(lib_a-reent.o)
                0x20000d54                errno
                0x20000d58                . = ALIGN (0x4)
                0x20000d58                __bss_end__ = .

.heap           0x20000d58      0x800
                0x20000d58                __end__ = .
                0x20000d58                end = __end__
 *(.heap*)
 .heap          0x20000d58      0x800 CMakeFiles/hello_double_tap.dir/C_/Users/cotaa/Documents/Pico/pico-sdk/src/rp2_common/pico_standard_link/crt0.S.obj
                0x20001558                __HeapLimit = .

.stack1_dummy   0x20040000        0x0
 *(.stack1*)

.stack_dummy    0x20041000      0x800
 *(.stack*)
 .stack         0x20041000      0x800 CMakeFiles/hello_double_tap.dir/C_/Users/cotaa/Documents/Pico/pico-sdk/src/rp2_common/pico_standard_link/crt0.S.obj

.flash_end      0x10003204        0x0
                0x10003204                __flash_binary_end = .
                0x20040000                __StackLimit = (ORIGIN (RAM) + LENGTH (RAM))
                0x20041000                __StackOneTop = (ORIGIN (SCRATCH_X) + LENGTH (SCRATCH_X))
                0x20042000                __StackTop = (ORIGIN (SCRATCH_Y) + LENGTH (SCRATCH_Y))
                0x20041000                __StackOneBottom = (__StackOneTop - SIZEOF (.stack1_dummy))
                0x20041800                __StackBottom = (__StackTop - SIZEOF (.stack_dummy))
                0x20042000                PROVIDE (__stack = __StackTop)
                0x00000001                ASSERT ((__StackLimit >= __HeapLimit), region RAM overflowed)
LOAD CMakeFiles/hello_double_tap.dir/hello_double_tap.c.obj
LOAD CMakeFiles/hello_double_tap.dir/C_/Users/cotaa/Documents/Pico/pico-sdk/src/rp2_common/pico_stdlib/stdlib.c.obj
LOAD CMakeFiles/hello_double_tap.dir/C_/Users/cotaa/Documents/Pico/pico-sdk/src/rp2_common/hardware_gpio/gpio.c.obj
LOAD CMakeFiles/hello_double_tap.dir/C_/Users/cotaa/Documents/Pico/pico-sdk/src/rp2_common/hardware_claim/claim.c.obj
LOAD CMakeFiles/hello_double_tap.dir/C_/Users/cotaa/Documents/Pico/pico-sdk/src/rp2_common/hardware_sync/sync.c.obj
LOAD CMakeFiles/hello_double_tap.dir/C_/Users/cotaa/Documents/Pico/pico-sdk/src/rp2_common/pico_platform/platform.c.obj
LOAD CMakeFiles/hello_double_tap.dir/C_/Users/cotaa/Documents/Pico/pico-sdk/src/rp2_common/hardware_uart/uart.c.obj
LOAD CMakeFiles/hello_double_tap.dir/C_/Users/cotaa/Documents/Pico/pico-sdk/src/rp2_common/hardware_divider/divider.S.obj
LOAD CMakeFiles/hello_double_tap.dir/C_/Users/cotaa/Documents/Pico/pico-sdk/src/common/pico_time/time.c.obj
LOAD CMakeFiles/hello_double_tap.dir/C_/Users/cotaa/Documents/Pico/pico-sdk/src/common/pico_time/timeout_helper.c.obj
LOAD CMakeFiles/hello_double_tap.dir/C_/Users/cotaa/Documents/Pico/pico-sdk/src/rp2_common/hardware_timer/timer.c.obj
LOAD CMakeFiles/hello_double_tap.dir/C_/Users/cotaa/Documents/Pico/pico-sdk/src/common/pico_sync/sem.c.obj
LOAD CMakeFiles/hello_double_tap.dir/C_/Users/cotaa/Documents/Pico/pico-sdk/src/common/pico_sync/lock_core.c.obj
LOAD CMakeFiles/hello_double_tap.dir/C_/Users/cotaa/Documents/Pico/pico-sdk/src/common/pico_sync/mutex.c.obj
LOAD CMakeFiles/hello_double_tap.dir/C_/Users/cotaa/Documents/Pico/pico-sdk/src/common/pico_sync/critical_section.c.obj
LOAD CMakeFiles/hello_double_tap.dir/C_/Users/cotaa/Documents/Pico/pico-sdk/src/common/pico_util/datetime.c.obj
LOAD CMakeFiles/hello_double_tap.dir/C_/Users/cotaa/Documents/Pico/pico-sdk/src/common/pico_util/pheap.c.obj
LOAD CMakeFiles/hello_double_tap.dir/C_/Users/cotaa/Documents/Pico/pico-sdk/src/common/pico_util/queue.c.obj
LOAD CMakeFiles/hello_double_tap.dir/C_/Users/cotaa/Documents/Pico/pico-sdk/src/rp2_common/pico_runtime/runtime.c.obj
LOAD CMakeFiles/hello_double_tap.dir/C_/Users/cotaa/Documents/Pico/pico-sdk/src/rp2_common/hardware_clocks/clocks.c.obj
LOAD CMakeFiles/hello_double_tap.dir/C_/Users/cotaa/Documents/Pico/pico-sdk/src/rp2_common/hardware_watchdog/watchdog.c.obj
LOAD CMakeFiles/hello_double_tap.dir/C_/Users/cotaa/Documents/Pico/pico-sdk/src/rp2_common/hardware_xosc/xosc.c.obj
LOAD CMakeFiles/hello_double_tap.dir/C_/Users/cotaa/Documents/Pico/pico-sdk/src/rp2_common/hardware_pll/pll.c.obj
LOAD CMakeFiles/hello_double_tap.dir/C_/Users/cotaa/Documents/Pico/pico-sdk/src/rp2_common/hardware_vreg/vreg.c.obj
LOAD CMakeFiles/hello_double_tap.dir/C_/Users/cotaa/Documents/Pico/pico-sdk/src/rp2_common/hardware_irq/irq.c.obj
LOAD CMakeFiles/hello_double_tap.dir/C_/Users/cotaa/Documents/Pico/pico-sdk/src/rp2_common/hardware_irq/irq_handler_chain.S.obj
LOAD CMakeFiles/hello_double_tap.dir/C_/Users/cotaa/Documents/Pico/pico-sdk/src/rp2_common/pico_printf/printf.c.obj
LOAD CMakeFiles/hello_double_tap.dir/C_/Users/cotaa/Documents/Pico/pico-sdk/src/rp2_common/pico_bit_ops/bit_ops_aeabi.S.obj
LOAD CMakeFiles/hello_double_tap.dir/C_/Users/cotaa/Documents/Pico/pico-sdk/src/rp2_common/pico_bootrom/bootrom.c.obj
LOAD CMakeFiles/hello_double_tap.dir/C_/Users/cotaa/Documents/Pico/pico-sdk/src/rp2_common/pico_divider/divider.S.obj
LOAD CMakeFiles/hello_double_tap.dir/C_/Users/cotaa/Documents/Pico/pico-sdk/src/rp2_common/pico_double/double_aeabi.S.obj
LOAD CMakeFiles/hello_double_tap.dir/C_/Users/cotaa/Documents/Pico/pico-sdk/src/rp2_common/pico_double/double_init_rom.c.obj
LOAD CMakeFiles/hello_double_tap.dir/C_/Users/cotaa/Documents/Pico/pico-sdk/src/rp2_common/pico_double/double_math.c.obj
LOAD CMakeFiles/hello_double_tap.dir/C_/Users/cotaa/Documents/Pico/pico-sdk/src/rp2_common/pico_double/double_v1_rom_shim.S.obj
LOAD CMakeFiles/hello_double_tap.dir/C_/Users/cotaa/Documents/Pico/pico-sdk/src/rp2_common/pico_int64_ops/pico_int64_ops_aeabi.S.obj
LOAD CMakeFiles/hello_double_tap.dir/C_/Users/cotaa/Documents/Pico/pico-sdk/src/rp2_common/pico_float/float_aeabi.S.obj
LOAD CMakeFiles/hello_double_tap.dir/C_/Users/cotaa/Documents/Pico/pico-sdk/src/rp2_common/pico_float/float_init_rom.c.obj
LOAD CMakeFiles/hello_double_tap.dir/C_/Users/cotaa/Documents/Pico/pico-sdk/src/rp2_common/pico_float/float_math.c.obj
LOAD CMakeFiles/hello_double_tap.dir/C_/Users/cotaa/Documents/Pico/pico-sdk/src/rp2_common/pico_float/float_v1_rom_shim.S.obj
LOAD CMakeFiles/hello_double_tap.dir/C_/Users/cotaa/Documents/Pico/pico-sdk/src/rp2_common/pico_malloc/pico_malloc.c.obj
LOAD CMakeFiles/hello_double_tap.dir/C_/Users/cotaa/Documents/Pico/pico-sdk/src/rp2_common/pico_mem_ops/mem_ops_aeabi.S.obj
LOAD CMakeFiles/hello_double_tap.dir/C_/Users/cotaa/Documents/Pico/pico-sdk/src/rp2_common/pico_standard_link/crt0.S.obj
LOAD CMakeFiles/hello_double_tap.dir/C_/Users/cotaa/Documents/Pico/pico-sdk/src/rp2_common/pico_standard_link/new_delete.cpp.obj
LOAD CMakeFiles/hello_double_tap.dir/C_/Users/cotaa/Documents/Pico/pico-sdk/src/rp2_common/pico_standard_link/binary_info.c.obj
LOAD CMakeFiles/hello_double_tap.dir/C_/Users/cotaa/Documents/Pico/pico-sdk/src/rp2_common/pico_stdio/stdio.c.obj
LOAD CMakeFiles/hello_double_tap.dir/C_/Users/cotaa/Documents/Pico/pico-sdk/src/rp2_common/pico_stdio_uart/stdio_uart.c.obj
LOAD CMakeFiles/hello_double_tap.dir/__/double_tap_usb_boot/double_tap_usb_boot.c.obj
LOAD C:\Users\cotaa\AppData\Local\Temp\ccuNEs4q.o
LOAD c:/users/cotaa/documents/pico/pico-toolchain/gcc-arm-none-eabi-9-2019-q4-major-win32/bin/../lib/gcc/arm-none-eabi/9.2.1/../../../../arm-none-eabi/lib/thumb/v6-m/nofp\libstdc++.a
LOAD c:/users/cotaa/documents/pico/pico-toolchain/gcc-arm-none-eabi-9-2019-q4-major-win32/bin/../lib/gcc/arm-none-eabi/9.2.1/../../../../arm-none-eabi/lib/thumb/v6-m/nofp\libm.a
START GROUP
LOAD c:/users/cotaa/documents/pico/pico-toolchain/gcc-arm-none-eabi-9-2019-q4-major-win32/bin/../lib/gcc/arm-none-eabi/9.2.1/thumb/v6-m/nofp\libgcc.a
LOAD c:/users/cotaa/documents/pico/pico-toolchain/gcc-arm-none-eabi-9-2019-q4-major-win32/bin/../lib/gcc/arm-none-eabi/9.2.1/../../../../arm-none-eabi/lib/thumb/v6-m/nofp\libc.a
END GROUP
START GROUP
LOAD c:/users/cotaa/documents/pico/pico-toolchain/gcc-arm-none-eabi-9-2019-q4-major-win32/bin/../lib/gcc/arm-none-eabi/9.2.1/thumb/v6-m/nofp\libgcc.a
LOAD c:/users/cotaa/documents/pico/pico-toolchain/gcc-arm-none-eabi-9-2019-q4-major-win32/bin/../lib/gcc/arm-none-eabi/9.2.1/../../../../arm-none-eabi/lib/thumb/v6-m/nofp\libc.a
LOAD c:/users/cotaa/documents/pico/pico-toolchain/gcc-arm-none-eabi-9-2019-q4-major-win32/bin/../lib/gcc/arm-none-eabi/9.2.1/../../../../arm-none-eabi/lib/thumb/v6-m/nofp\libnosys.a
END GROUP
LOAD c:/users/cotaa/documents/pico/pico-toolchain/gcc-arm-none-eabi-9-2019-q4-major-win32/bin/../lib/gcc/arm-none-eabi/9.2.1/thumb/v6-m/nofp/crtend.o
LOAD c:/users/cotaa/documents/pico/pico-toolchain/gcc-arm-none-eabi-9-2019-q4-major-win32/bin/../lib/gcc/arm-none-eabi/9.2.1/thumb/v6-m/nofp/crtn.o
OUTPUT(hello_double_tap.elf elf32-littlearm)

.ARM.attributes
                0x00000000       0x28
 .ARM.attributes
                0x00000000       0x1e c:/users/cotaa/documents/pico/pico-toolchain/gcc-arm-none-eabi-9-2019-q4-major-win32/bin/../lib/gcc/arm-none-eabi/9.2.1/thumb/v6-m/nofp/crti.o
 .ARM.attributes
                0x0000001e       0x2c c:/users/cotaa/documents/pico/pico-toolchain/gcc-arm-none-eabi-9-2019-q4-major-win32/bin/../lib/gcc/arm-none-eabi/9.2.1/thumb/v6-m/nofp/crtbegin.o
 .ARM.attributes
                0x0000004a       0x2b CMakeFiles/hello_double_tap.dir/hello_double_tap.c.obj
 .ARM.attributes
                0x00000075       0x2b CMakeFiles/hello_double_tap.dir/C_/Users/cotaa/Documents/Pico/pico-sdk/src/rp2_common/hardware_gpio/gpio.c.obj
 .ARM.attributes
                0x000000a0       0x2b CMakeFiles/hello_double_tap.dir/C_/Users/cotaa/Documents/Pico/pico-sdk/src/rp2_common/hardware_claim/claim.c.obj
 .ARM.attributes
                0x000000cb       0x2b CMakeFiles/hello_double_tap.dir/C_/Users/cotaa/Documents/Pico/pico-sdk/src/rp2_common/hardware_sync/sync.c.obj
 .ARM.attributes
                0x000000f6       0x2b CMakeFiles/hello_double_tap.dir/C_/Users/cotaa/Documents/Pico/pico-sdk/src/rp2_common/pico_platform/platform.c.obj
 .ARM.attributes
                0x00000121       0x2b CMakeFiles/hello_double_tap.dir/C_/Users/cotaa/Documents/Pico/pico-sdk/src/common/pico_time/time.c.obj
 .ARM.attributes
                0x0000014c       0x2b CMakeFiles/hello_double_tap.dir/C_/Users/cotaa/Documents/Pico/pico-sdk/src/rp2_common/hardware_timer/timer.c.obj
 .ARM.attributes
                0x00000177       0x2b CMakeFiles/hello_double_tap.dir/C_/Users/cotaa/Documents/Pico/pico-sdk/src/common/pico_sync/lock_core.c.obj
 .ARM.attributes
                0x000001a2       0x2b CMakeFiles/hello_double_tap.dir/C_/Users/cotaa/Documents/Pico/pico-sdk/src/common/pico_sync/mutex.c.obj
 .ARM.attributes
                0x000001cd       0x2b CMakeFiles/hello_double_tap.dir/C_/Users/cotaa/Documents/Pico/pico-sdk/src/common/pico_util/pheap.c.obj
 .ARM.attributes
                0x000001f8       0x2b CMakeFiles/hello_double_tap.dir/C_/Users/cotaa/Documents/Pico/pico-sdk/src/rp2_common/pico_runtime/runtime.c.obj
 .ARM.attributes
                0x00000223       0x2b CMakeFiles/hello_double_tap.dir/C_/Users/cotaa/Documents/Pico/pico-sdk/src/rp2_common/hardware_clocks/clocks.c.obj
 .ARM.attributes
                0x0000024e       0x2b CMakeFiles/hello_double_tap.dir/C_/Users/cotaa/Documents/Pico/pico-sdk/src/rp2_common/hardware_watchdog/watchdog.c.obj
 .ARM.attributes
                0x00000279       0x2b CMakeFiles/hello_double_tap.dir/C_/Users/cotaa/Documents/Pico/pico-sdk/src/rp2_common/hardware_xosc/xosc.c.obj
 .ARM.attributes
                0x000002a4       0x2b CMakeFiles/hello_double_tap.dir/C_/Users/cotaa/Documents/Pico/pico-sdk/src/rp2_common/hardware_pll/pll.c.obj
 .ARM.attributes
                0x000002cf       0x2b CMakeFiles/hello_double_tap.dir/C_/Users/cotaa/Documents/Pico/pico-sdk/src/rp2_common/hardware_irq/irq.c.obj
 .ARM.attributes
                0x000002fa       0x22 CMakeFiles/hello_double_tap.dir/C_/Users/cotaa/Documents/Pico/pico-sdk/src/rp2_common/hardware_irq/irq_handler_chain.S.obj
 .ARM.attributes
                0x0000031c       0x2b CMakeFiles/hello_double_tap.dir/C_/Users/cotaa/Documents/Pico/pico-sdk/src/rp2_common/pico_printf/printf.c.obj
 .ARM.attributes
                0x00000347       0x22 CMakeFiles/hello_double_tap.dir/C_/Users/cotaa/Documents/Pico/pico-sdk/src/rp2_common/pico_bit_ops/bit_ops_aeabi.S.obj
 .ARM.attributes
                0x00000369       0x2b CMakeFiles/hello_double_tap.dir/C_/Users/cotaa/Documents/Pico/pico-sdk/src/rp2_common/pico_bootrom/bootrom.c.obj
 .ARM.attributes
                0x00000394       0x22 CMakeFiles/hello_double_tap.dir/C_/Users/cotaa/Documents/Pico/pico-sdk/src/rp2_common/pico_divider/divider.S.obj
 .ARM.attributes
                0x000003b6       0x22 CMakeFiles/hello_double_tap.dir/C_/Users/cotaa/Documents/Pico/pico-sdk/src/rp2_common/pico_double/double_aeabi.S.obj
 .ARM.attributes
                0x000003d8       0x2b CMakeFiles/hello_double_tap.dir/C_/Users/cotaa/Documents/Pico/pico-sdk/src/rp2_common/pico_double/double_init_rom.c.obj
 .ARM.attributes
                0x00000403       0x22 CMakeFiles/hello_double_tap.dir/C_/Users/cotaa/Documents/Pico/pico-sdk/src/rp2_common/pico_double/double_v1_rom_shim.S.obj
 .ARM.attributes
                0x00000425       0x22 CMakeFiles/hello_double_tap.dir/C_/Users/cotaa/Documents/Pico/pico-sdk/src/rp2_common/pico_int64_ops/pico_int64_ops_aeabi.S.obj
 .ARM.attributes
                0x00000447       0x22 CMakeFiles/hello_double_tap.dir/C_/Users/cotaa/Documents/Pico/pico-sdk/src/rp2_common/pico_float/float_aeabi.S.obj
 .ARM.attributes
                0x00000469       0x2b CMakeFiles/hello_double_tap.dir/C_/Users/cotaa/Documents/Pico/pico-sdk/src/rp2_common/pico_float/float_init_rom.c.obj
 .ARM.attributes
                0x00000494       0x22 CMakeFiles/hello_double_tap.dir/C_/Users/cotaa/Documents/Pico/pico-sdk/src/rp2_common/pico_float/float_v1_rom_shim.S.obj
 .ARM.attributes
                0x000004b6       0x2b CMakeFiles/hello_double_tap.dir/C_/Users/cotaa/Documents/Pico/pico-sdk/src/rp2_common/pico_malloc/pico_malloc.c.obj
 .ARM.attributes
                0x000004e1       0x22 CMakeFiles/hello_double_tap.dir/C_/Users/cotaa/Documents/Pico/pico-sdk/src/rp2_common/pico_mem_ops/mem_ops_aeabi.S.obj
 .ARM.attributes
                0x00000503       0x22 CMakeFiles/hello_double_tap.dir/C_/Users/cotaa/Documents/Pico/pico-sdk/src/rp2_common/pico_standard_link/crt0.S.obj
 .ARM.attributes
                0x00000525       0x32 CMakeFiles/hello_double_tap.dir/C_/Users/cotaa/Documents/Pico/pico-sdk/src/rp2_common/pico_standard_link/binary_info.c.obj
 .ARM.attributes
                0x00000557       0x2b CMakeFiles/hello_double_tap.dir/C_/Users/cotaa/Documents/Pico/pico-sdk/src/rp2_common/pico_stdio/stdio.c.obj
 .ARM.attributes
                0x00000582       0x2b CMakeFiles/hello_double_tap.dir/__/double_tap_usb_boot/double_tap_usb_boot.c.obj
 .ARM.attributes
                0x000005ad       0x1b C:\Users\cotaa\AppData\Local\Temp\ccuNEs4q.o
 .ARM.attributes
                0x000005c8       0x1e c:/users/cotaa/documents/pico/pico-toolchain/gcc-arm-none-eabi-9-2019-q4-major-win32/bin/../lib/gcc/arm-none-eabi/9.2.1/thumb/v6-m/nofp\libgcc.a(_dvmd_tls.o)
 .ARM.attributes
                0x000005e6       0x2c c:/users/cotaa/documents/pico/pico-toolchain/gcc-arm-none-eabi-9-2019-q4-major-win32/bin/../lib/gcc/arm-none-eabi/9.2.1/../../../../arm-none-eabi/lib/thumb/v6-m/nofp\libc.a(lib_a-calloc.o)
 .ARM.attributes
                0x00000612       0x2c c:/users/cotaa/documents/pico/pico-toolchain/gcc-arm-none-eabi-9-2019-q4-major-win32/bin/../lib/gcc/arm-none-eabi/9.2.1/../../../../arm-none-eabi/lib/thumb/v6-m/nofp\libc.a(lib_a-callocr.o)
 .ARM.attributes
                0x0000063e       0x2c c:/users/cotaa/documents/pico/pico-toolchain/gcc-arm-none-eabi-9-2019-q4-major-win32/bin/../lib/gcc/arm-none-eabi/9.2.1/../../../../arm-none-eabi/lib/thumb/v6-m/nofp\libc.a(lib_a-impure.o)
 .ARM.attributes
                0x0000066a       0x2c c:/users/cotaa/documents/pico/pico-toolchain/gcc-arm-none-eabi-9-2019-q4-major-win32/bin/../lib/gcc/arm-none-eabi/9.2.1/../../../../arm-none-eabi/lib/thumb/v6-m/nofp\libc.a(lib_a-malloc.o)
 .ARM.attributes
                0x00000696       0x2c c:/users/cotaa/documents/pico/pico-toolchain/gcc-arm-none-eabi-9-2019-q4-major-win32/bin/../lib/gcc/arm-none-eabi/9.2.1/../../../../arm-none-eabi/lib/thumb/v6-m/nofp\libc.a(lib_a-mallocr.o)
 .ARM.attributes
                0x000006c2       0x2c c:/users/cotaa/documents/pico/pico-toolchain/gcc-arm-none-eabi-9-2019-q4-major-win32/bin/../lib/gcc/arm-none-eabi/9.2.1/../../../../arm-none-eabi/lib/thumb/v6-m/nofp\libc.a(lib_a-mlock.o)
 .ARM.attributes
                0x000006ee       0x2c c:/users/cotaa/documents/pico/pico-toolchain/gcc-arm-none-eabi-9-2019-q4-major-win32/bin/../lib/gcc/arm-none-eabi/9.2.1/../../../../arm-none-eabi/lib/thumb/v6-m/nofp\libc.a(lib_a-sbrkr.o)
 .ARM.attributes
                0x0000071a       0x2c c:/users/cotaa/documents/pico/pico-toolchain/gcc-arm-none-eabi-9-2019-q4-major-win32/bin/../lib/gcc/arm-none-eabi/9.2.1/../../../../arm-none-eabi/lib/thumb/v6-m/nofp\libc.a(lib_a-strlen-stub.o)
 .ARM.attributes
                0x00000746       0x2c c:/users/cotaa/documents/pico/pico-toolchain/gcc-arm-none-eabi-9-2019-q4-major-win32/bin/../lib/gcc/arm-none-eabi/9.2.1/../../../../arm-none-eabi/lib/thumb/v6-m/nofp\libc.a(lib_a-freer.o)
 .ARM.attributes
                0x00000772       0x2c c:/users/cotaa/documents/pico/pico-toolchain/gcc-arm-none-eabi-9-2019-q4-major-win32/bin/../lib/gcc/arm-none-eabi/9.2.1/../../../../arm-none-eabi/lib/thumb/v6-m/nofp\libc.a(lib_a-lock.o)
 .ARM.attributes
                0x0000079e       0x2c c:/users/cotaa/documents/pico/pico-toolchain/gcc-arm-none-eabi-9-2019-q4-major-win32/bin/../lib/gcc/arm-none-eabi/9.2.1/../../../../arm-none-eabi/lib/thumb/v6-m/nofp\libc.a(lib_a-reent.o)

.comment        0x00000000       0x79
 .comment       0x00000000       0x79 CMakeFiles/hello_double_tap.dir/hello_double_tap.c.obj
                                 0x7a (size before relaxing)
 .comment       0x00000079       0x7a CMakeFiles/hello_double_tap.dir/C_/Users/cotaa/Documents/Pico/pico-sdk/src/rp2_common/hardware_gpio/gpio.c.obj
 .comment       0x00000079       0x7a CMakeFiles/hello_double_tap.dir/C_/Users/cotaa/Documents/Pico/pico-sdk/src/rp2_common/hardware_claim/claim.c.obj
 .comment       0x00000079       0x7a CMakeFiles/hello_double_tap.dir/C_/Users/cotaa/Documents/Pico/pico-sdk/src/rp2_common/hardware_sync/sync.c.obj
 .comment       0x00000079       0x7a CMakeFiles/hello_double_tap.dir/C_/Users/cotaa/Documents/Pico/pico-sdk/src/rp2_common/pico_platform/platform.c.obj
 .comment       0x00000079       0x7a CMakeFiles/hello_double_tap.dir/C_/Users/cotaa/Documents/Pico/pico-sdk/src/common/pico_time/time.c.obj
 .comment       0x00000079       0x7a CMakeFiles/hello_double_tap.dir/C_/Users/cotaa/Documents/Pico/pico-sdk/src/rp2_common/hardware_timer/timer.c.obj
 .comment       0x00000079       0x7a CMakeFiles/hello_double_tap.dir/C_/Users/cotaa/Documents/Pico/pico-sdk/src/common/pico_sync/lock_core.c.obj
 .comment       0x00000079       0x7a CMakeFiles/hello_double_tap.dir/C_/Users/cotaa/Documents/Pico/pico-sdk/src/common/pico_sync/mutex.c.obj
 .comment       0x00000079       0x7a CMakeFiles/hello_double_tap.dir/C_/Users/cotaa/Documents/Pico/pico-sdk/src/common/pico_util/pheap.c.obj
 .comment       0x00000079       0x7a CMakeFiles/hello_double_tap.dir/C_/Users/cotaa/Documents/Pico/pico-sdk/src/rp2_common/pico_runtime/runtime.c.obj
 .comment       0x00000079       0x7a CMakeFiles/hello_double_tap.dir/C_/Users/cotaa/Documents/Pico/pico-sdk/src/rp2_common/hardware_clocks/clocks.c.obj
 .comment       0x00000079       0x7a CMakeFiles/hello_double_tap.dir/C_/Users/cotaa/Documents/Pico/pico-sdk/src/rp2_common/hardware_watchdog/watchdog.c.obj
 .comment       0x00000079       0x7a CMakeFiles/hello_double_tap.dir/C_/Users/cotaa/Documents/Pico/pico-sdk/src/rp2_common/hardware_xosc/xosc.c.obj
 .comment       0x00000079       0x7a CMakeFiles/hello_double_tap.dir/C_/Users/cotaa/Documents/Pico/pico-sdk/src/rp2_common/hardware_pll/pll.c.obj
 .comment       0x00000079       0x7a CMakeFiles/hello_double_tap.dir/C_/Users/cotaa/Documents/Pico/pico-sdk/src/rp2_common/hardware_irq/irq.c.obj
 .comment       0x00000079       0x7a CMakeFiles/hello_double_tap.dir/C_/Users/cotaa/Documents/Pico/pico-sdk/src/rp2_common/pico_printf/printf.c.obj
 .comment       0x00000079       0x7a CMakeFiles/hello_double_tap.dir/C_/Users/cotaa/Documents/Pico/pico-sdk/src/rp2_common/pico_bootrom/bootrom.c.obj
 .comment       0x00000079       0x7a CMakeFiles/hello_double_tap.dir/C_/Users/cotaa/Documents/Pico/pico-sdk/src/rp2_common/pico_double/double_init_rom.c.obj
 .comment       0x00000079       0x7a CMakeFiles/hello_double_tap.dir/C_/Users/cotaa/Documents/Pico/pico-sdk/src/rp2_common/pico_float/float_init_rom.c.obj
 .comment       0x00000079       0x7a CMakeFiles/hello_double_tap.dir/C_/Users/cotaa/Documents/Pico/pico-sdk/src/rp2_common/pico_malloc/pico_malloc.c.obj
 .comment       0x00000079       0x7a CMakeFiles/hello_double_tap.dir/C_/Users/cotaa/Documents/Pico/pico-sdk/src/rp2_common/pico_standard_link/binary_info.c.obj
 .comment       0x00000079       0x7a CMakeFiles/hello_double_tap.dir/C_/Users/cotaa/Documents/Pico/pico-sdk/src/rp2_common/pico_stdio/stdio.c.obj
 .comment       0x00000079       0x7a CMakeFiles/hello_double_tap.dir/__/double_tap_usb_boot/double_tap_usb_boot.c.obj

.debug_frame    0x00000000      0x2ac
 .debug_frame   0x00000000       0x28 c:/users/cotaa/documents/pico/pico-toolchain/gcc-arm-none-eabi-9-2019-q4-major-win32/bin/../lib/gcc/arm-none-eabi/9.2.1/../../../../arm-none-eabi/lib/thumb/v6-m/nofp\libc.a(lib_a-calloc.o)
 .debug_frame   0x00000028       0x28 c:/users/cotaa/documents/pico/pico-toolchain/gcc-arm-none-eabi-9-2019-q4-major-win32/bin/../lib/gcc/arm-none-eabi/9.2.1/../../../../arm-none-eabi/lib/thumb/v6-m/nofp\libc.a(lib_a-callocr.o)
 .debug_frame   0x00000050       0x40 c:/users/cotaa/documents/pico/pico-toolchain/gcc-arm-none-eabi-9-2019-q4-major-win32/bin/../lib/gcc/arm-none-eabi/9.2.1/../../../../arm-none-eabi/lib/thumb/v6-m/nofp\libc.a(lib_a-malloc.o)
 .debug_frame   0x00000090       0x3c c:/users/cotaa/documents/pico/pico-toolchain/gcc-arm-none-eabi-9-2019-q4-major-win32/bin/../lib/gcc/arm-none-eabi/9.2.1/../../../../arm-none-eabi/lib/thumb/v6-m/nofp\libc.a(lib_a-mallocr.o)
 .debug_frame   0x000000cc       0x40 c:/users/cotaa/documents/pico/pico-toolchain/gcc-arm-none-eabi-9-2019-q4-major-win32/bin/../lib/gcc/arm-none-eabi/9.2.1/../../../../arm-none-eabi/lib/thumb/v6-m/nofp\libc.a(lib_a-mlock.o)
 .debug_frame   0x0000010c       0x2c c:/users/cotaa/documents/pico/pico-toolchain/gcc-arm-none-eabi-9-2019-q4-major-win32/bin/../lib/gcc/arm-none-eabi/9.2.1/../../../../arm-none-eabi/lib/thumb/v6-m/nofp\libc.a(lib_a-sbrkr.o)
 .debug_frame   0x00000138       0x28 c:/users/cotaa/documents/pico/pico-toolchain/gcc-arm-none-eabi-9-2019-q4-major-win32/bin/../lib/gcc/arm-none-eabi/9.2.1/../../../../arm-none-eabi/lib/thumb/v6-m/nofp\libc.a(lib_a-strlen-stub.o)
 .debug_frame   0x00000160       0x54 c:/users/cotaa/documents/pico/pico-toolchain/gcc-arm-none-eabi-9-2019-q4-major-win32/bin/../lib/gcc/arm-none-eabi/9.2.1/../../../../arm-none-eabi/lib/thumb/v6-m/nofp\libc.a(lib_a-freer.o)
 .debug_frame   0x000001b4       0xb0 c:/users/cotaa/documents/pico/pico-toolchain/gcc-arm-none-eabi-9-2019-q4-major-win32/bin/../lib/gcc/arm-none-eabi/9.2.1/../../../../arm-none-eabi/lib/thumb/v6-m/nofp\libc.a(lib_a-lock.o)
 .debug_frame   0x00000264       0x48 c:/users/cotaa/documents/pico/pico-toolchain/gcc-arm-none-eabi-9-2019-q4-major-win32/bin/../lib/gcc/arm-none-eabi/9.2.1/../../../../arm-none-eabi/lib/thumb/v6-m/nofp\libc.a(lib_a-reent.o)
